Component: ARM Compiler 5.06 update 6 (build 750) Tool: armlink [4d35ed]

==============================================================================

Section Cross References

    stm32f4xx_hal_msp.o(i.HAL_MspInit) refers to stm32f4xx_hal_cortex.o(i.HAL_NVIC_SetPriorityGrouping) for HAL_NVIC_SetPriorityGrouping
    stm32f4xx_hal_msp.o(i.HAL_MspInit) refers to stm32f4xx_hal_cortex.o(i.HAL_NVIC_SetPriority) for HAL_NVIC_SetPriority
    stm32f4xx_hal_msp.o(i.HAL_SD_MspDeInit) refers to stm32f4xx_hal_gpio.o(i.HAL_GPIO_DeInit) for HAL_GPIO_DeInit
    stm32f4xx_hal_msp.o(i.HAL_SD_MspInit) refers to stm32f4xx_hal_gpio.o(i.HAL_GPIO_Init) for HAL_GPIO_Init
    stm32f4xx_it.o(i.SysTick_Handler) refers to stm32f4xx_hal.o(i.HAL_IncTick) for HAL_IncTick
    stm32f4xx_it.o(i.SysTick_Handler) refers to stm32f4xx_hal_cortex.o(i.HAL_SYSTICK_IRQHandler) for HAL_SYSTICK_IRQHandler
    main.o(i.Boot) refers to stm32f4xx_hal_rcc_ex.o(i.HAL_RCC_DeInit) for HAL_RCC_DeInit
    main.o(i.Boot) refers to stm32f4xx_hal.o(i.HAL_DeInit) for HAL_DeInit
    main.o(i.Flash_Write) refers to stm32f4xx_hal_flash.o(i.HAL_FLASH_Unlock) for HAL_FLASH_Unlock
    main.o(i.Flash_Write) refers to stm32f4xx_hal_flash_ex.o(i.FLASH_Erase_Sector) for FLASH_Erase_Sector
    main.o(i.Flash_Write) refers to stm32f4xx_hal_flash.o(i.HAL_FLASH_Program) for HAL_FLASH_Program
    main.o(i.Flash_Write) refers to stm32f4xx_hal_flash.o(i.HAL_FLASH_Lock) for HAL_FLASH_Lock
    main.o(i.Flash_Write) refers to main.o(.bss) for .bss
    main.o(i.Flash_Write) refers to main.o(.data) for .data
    main.o(i.MX_GPIO_Init) refers to stm32f4xx_hal_gpio.o(i.HAL_GPIO_Init) for HAL_GPIO_Init
    main.o(i.MX_GPIO_Init) refers to stm32f4xx_hal_gpio.o(i.HAL_GPIO_WritePin) for HAL_GPIO_WritePin
    main.o(i.ProcessHex) refers to bsp_driver_sd.o(i.BSP_SD_Init) for BSP_SD_Init
    main.o(i.ProcessHex) refers to ff.o(i.f_mount) for f_mount
    main.o(i.ProcessHex) refers to ff.o(i.f_open) for f_open
    main.o(i.ProcessHex) refers to ff.o(i.f_gets) for f_gets
    main.o(i.ProcessHex) refers to main.o(i.Hex2Int) for Hex2Int
    main.o(i.ProcessHex) refers to dfltui.o(.text) for __aeabi_ui2d
    main.o(i.ProcessHex) refers to pow.o(i.__hardfp_pow) for __hardfp_pow
    main.o(i.ProcessHex) refers to dmul.o(.text) for __aeabi_dmul
    main.o(i.ProcessHex) refers to dadd.o(.text) for __aeabi_dadd
    main.o(i.ProcessHex) refers to dfixui.o(.text) for __aeabi_d2uiz
    main.o(i.ProcessHex) refers to memseta.o(.text) for __aeabi_memclr4
    main.o(i.ProcessHex) refers to ff.o(i.f_close) for f_close
    main.o(i.ProcessHex) refers to ff.o(i.f_printf) for f_printf
    main.o(i.ProcessHex) refers to main.o(.bss) for .bss
    main.o(i.ProcessHex) refers to main.o(.data) for .data
    main.o(i.SystemClock_Config) refers to stm32f4xx_hal_rcc.o(i.HAL_RCC_OscConfig) for HAL_RCC_OscConfig
    main.o(i.SystemClock_Config) refers to stm32f4xx_hal_rcc.o(i.HAL_RCC_ClockConfig) for HAL_RCC_ClockConfig
    main.o(i.SystemClock_Config) refers to stm32f4xx_hal_rcc.o(i.HAL_RCC_GetHCLKFreq) for HAL_RCC_GetHCLKFreq
    main.o(i.SystemClock_Config) refers to stm32f4xx_hal_cortex.o(i.HAL_SYSTICK_Config) for HAL_SYSTICK_Config
    main.o(i.SystemClock_Config) refers to stm32f4xx_hal_cortex.o(i.HAL_SYSTICK_CLKSourceConfig) for HAL_SYSTICK_CLKSourceConfig
    main.o(i.SystemClock_Config) refers to stm32f4xx_hal_cortex.o(i.HAL_NVIC_SetPriority) for HAL_NVIC_SetPriority
    main.o(i.main) refers to stm32f4xx_hal.o(i.HAL_Init) for HAL_Init
    main.o(i.main) refers to main.o(i.SystemClock_Config) for SystemClock_Config
    main.o(i.main) refers to main.o(i.MX_GPIO_Init) for MX_GPIO_Init
    main.o(i.main) refers to fatfs.o(i.MX_FATFS_Init) for MX_FATFS_Init
    main.o(i.main) refers to main.o(i.ProcessHex) for ProcessHex
    main.o(i.main) refers to main.o(i.Flash_Write) for Flash_Write
    main.o(i.main) refers to main.o(i.Boot) for Boot
    main.o(i.main) refers to main.o(.bss) for .bss
    boot.o(i.BootLoader_Erase) refers to stm32f4xx_hal_flash.o(i.HAL_FLASH_Unlock) for HAL_FLASH_Unlock
    boot.o(i.BootLoader_Erase) refers to stm32f4xx_hal_flash_ex.o(i.FLASH_Erase_Sector) for FLASH_Erase_Sector
    boot.o(i.BootLoader_Erase) refers to stm32f4xx_hal_flash.o(i.HAL_FLASH_Lock) for HAL_FLASH_Lock
    boot.o(i.BootLoader_FlashBegin) refers to stm32f4xx_hal_flash.o(i.HAL_FLASH_Unlock) for HAL_FLASH_Unlock
    boot.o(i.BootLoader_FlashBegin) refers to boot.o(.data) for .data
    boot.o(i.BootLoader_FlashEnd) refers to stm32f4xx_hal_flash.o(i.HAL_FLASH_Lock) for HAL_FLASH_Lock
    boot.o(i.BootLoader_FlashNext) refers to stm32f4xx_hal_flash.o(i.HAL_FLASH_Program) for HAL_FLASH_Program
    boot.o(i.BootLoader_FlashNext) refers to stm32f4xx_hal_flash.o(i.HAL_FLASH_Lock) for HAL_FLASH_Lock
    boot.o(i.BootLoader_FlashNext) refers to boot.o(.data) for .data
    boot.o(i.BootLoader_Init) refers to stm32f4xx_hal_flash.o(i.HAL_FLASH_Unlock) for HAL_FLASH_Unlock
[...]
    Removing stm32f4xx_hal_flash.o(.rrx_text), (6 bytes).
    Removing stm32f4xx_hal_flash.o(i.HAL_FLASH_EndOfOperationCallback), (2 bytes).
    Removing stm32f4xx_hal_flash.o(i.HAL_FLASH_GetError), (12 bytes).
    Removing stm32f4xx_hal_flash.o(i.HAL_FLASH_IRQHandler), (208 bytes).
    Removing stm32f4xx_hal_flash.o(i.HAL_FLASH_OB_Launch), (24 bytes).
    Removing stm32f4xx_hal_flash.o(i.HAL_FLASH_OB_Lock), (20 bytes).
    Removing stm32f4xx_hal_flash.o(i.HAL_FLASH_OB_Unlock), (40 bytes).
    Removing stm32f4xx_hal_flash.o(i.HAL_FLASH_OperationErrorCallback), (2 bytes).
    Removing stm32f4xx_hal_flash.o(i.HAL_FLASH_Program_IT), (108 bytes).
    Removing stm32f4xx_hal_flash_ramfunc.o(.rev16_text), (4 bytes).
    Removing stm32f4xx_hal_flash_ramfunc.o(.revsh_text), (4 bytes).
    Removing stm32f4xx_hal_flash_ramfunc.o(.rrx_text), (6 bytes).
    Removing stm32f4xx_ll_sdmmc.o(.rev16_text), (4 bytes).
    Removing stm32f4xx_ll_sdmmc.o(.revsh_text), (4 bytes).
    Removing stm32f4xx_ll_sdmmc.o(.rrx_text), (6 bytes).
    Removing stm32f4xx_ll_sdmmc.o(i.SDIO_GetDataCounter), (4 bytes).
    Removing stm32f4xx_ll_sdmmc.o(i.SDIO_GetFIFOCount), (6 bytes).
    Removing stm32f4xx_ll_sdmmc.o(i.SDIO_PowerState_OFF), (8 bytes).
    Removing stm32f4xx_ll_sdmmc.o(i.SDIO_SetSDIOReadWaitMode), (12 bytes).
    Removing stm32f4xx_hal_sd.o(.rev16_text), (4 bytes).
    Removing stm32f4xx_hal_sd.o(.revsh_text), (4 bytes).
    Removing stm32f4xx_hal_sd.o(.rrx_text), (6 bytes).
    Removing stm32f4xx_hal_sd.o(i.HAL_SD_CheckReadOperation), (94 bytes).
    Removing stm32f4xx_hal_sd.o(i.HAL_SD_CheckWriteOperation), (108 bytes).
    Removing stm32f4xx_hal_sd.o(i.HAL_SD_DMA_RxCpltCallback), (2 bytes).
    Removing stm32f4xx_hal_sd.o(i.HAL_SD_DMA_RxErrorCallback), (2 bytes).
    Removing stm32f4xx_hal_sd.o(i.HAL_SD_DMA_TxCpltCallback), (2 bytes).
    Removing stm32f4xx_hal_sd.o(i.HAL_SD_DMA_TxErrorCallback), (2 bytes).
    Removing stm32f4xx_hal_sd.o(i.HAL_SD_DeInit), (20 bytes).
    Removing stm32f4xx_hal_sd.o(i.HAL_SD_Erase), (248 bytes).
    Removing stm32f4xx_hal_sd.o(i.HAL_SD_GetCardStatus), (114 bytes).
    Removing stm32f4xx_hal_sd.o(i.HAL_SD_HighSpeed), (304 bytes).
    Removing stm32f4xx_hal_sd.o(i.HAL_SD_IRQHandler), (124 bytes).
    Removing stm32f4xx_hal_sd.o(i.HAL_SD_MspDeInit), (2 bytes).
    Removing stm32f4xx_hal_sd.o(i.HAL_SD_MspInit), (2 bytes).
    Removing stm32f4xx_hal_sd.o(i.HAL_SD_ReadBlocks_DMA), (240 bytes).
    Removing stm32f4xx_hal_sd.o(i.HAL_SD_SendSDStatus), (296 bytes).
    Removing stm32f4xx_hal_sd.o(i.HAL_SD_WideBusOperation_Config), (94 bytes).
    Removing stm32f4xx_hal_sd.o(i.HAL_SD_WriteBlocks_DMA), (244 bytes).
    Removing stm32f4xx_hal_sd.o(i.HAL_SD_XferCpltCallback), (2 bytes).
    Removing stm32f4xx_hal_sd.o(i.HAL_SD_XferErrorCallback), (2 bytes).
    Removing stm32f4xx_hal_sd.o(i.SD_DMA_RxCplt), (26 bytes).
    Removing stm32f4xx_hal_sd.o(i.SD_DMA_RxError), (12 bytes).
    Removing stm32f4xx_hal_sd.o(i.SD_DMA_TxCplt), (26 bytes).
    Removing stm32f4xx_hal_sd.o(i.SD_DMA_TxError), (12 bytes).
    Removing stm32f4xx_hal_sd.o(i.SD_FindSCR), (266 bytes).
    Removing stm32f4xx_hal_sd.o(i.SD_WideBus_Disable), (114 bytes).
    Removing stm32f4xx_hal_sd.o(i.SD_WideBus_Enable), (116 bytes).
    Removing system_stm32f4xx.o(.rev16_text), (4 bytes).
    Removing system_stm32f4xx.o(.revsh_text), (4 bytes).
    Removing system_stm32f4xx.o(.rrx_text), (6 bytes).
    Removing system_stm32f4xx.o(i.SystemCoreClockUpdate), (120 bytes).
    Removing system_stm32f4xx.o(.constdata), (16 bytes).
    Removing startup_stm32f407xx.o(HEAP), (8192 bytes).
    Removing syscall.o(.rev16_text), (4 bytes).
    Removing syscall.o(.revsh_text), (4 bytes).
    Removing syscall.o(.rrx_text), (6 bytes).
    Removing ff.o(.rev16_text), (4 bytes).
    Removing ff.o(.revsh_text), (4 bytes).
    Removing ff.o(.rrx_text), (6 bytes).
    Removing ff.o(i.dir_read), (102 bytes).
    Removing ff.o(i.dir_remove), (66 bytes).
    Removing ff.o(i.f_chmod), (82 bytes).
    Removing ff.o(i.f_closedir), (36 bytes).
    Removing ff.o(i.f_getfree), (200 bytes).
    Removing ff.o(i.f_lseek), (644 bytes).
    Removing ff.o(i.f_mkdir), (356 bytes).
    Removing ff.o(i.f_mkfs), (1334 bytes).
    Removing ff.o(i.f_opendir), (148 bytes).
    Removing ff.o(i.f_putc), (60 bytes).
    Removing ff.o(i.f_puts), (70 bytes).
    Removing ff.o(i.f_readdir), (82 bytes).
    Removing ff.o(i.f_rename), (298 bytes).
    Removing ff.o(i.f_stat), (64 bytes).
    Removing ff.o(i.f_truncate), (216 bytes).
    Removing ff.o(i.f_unlink), (170 bytes).
    Removing ff.o(i.f_utime), (86 bytes).
    Removing ff.o(i.get_fileinfo), (80 bytes).
    Removing diskio.o(.rev16_text), (4 bytes).
    Removing diskio.o(.revsh_text), (4 bytes).
    Removing diskio.o(.rrx_text), (6 bytes).
    Removing diskio.o(i.get_fattime), (4 bytes).
    Removing ff_gen_drv.o(.rev16_text), (4 bytes).
    Removing ff_gen_drv.o(.revsh_text), (4 bytes).
    Removing ff_gen_drv.o(.rrx_text), (6 bytes).
    Removing ff_gen_drv.o(i.FATFS_GetAttachedDriversNbr), (12 bytes).
    Removing ff_gen_drv.o(i.FATFS_UnLinkDriver), (6 bytes).
    Removing ff_gen_drv.o(i.FATFS_UnLinkDriverEx), (52 bytes).
    Removing sd_diskio.o(.rev16_text), (4 bytes).
    Removing sd_diskio.o(.revsh_text), (4 bytes).
    Removing sd_diskio.o(.rrx_text), (6 bytes).
    Removing dneg.o(.text), (6 bytes).
    Removing cdcmple.o(.text), (48 bytes).

259 unused section(s) (total 21478 bytes) removed from the image.

==============================================================================

Image Symbol Table

    Local Symbols

    Symbol Name                              Value     Ov Type        Size  Object(Section)

    ../Drivers/CMSIS/Device/ST/STM32F4xx/Source/Templates/system_stm32f4xx.c 0x00000000   Number         0  system_stm32f4xx.o ABSOLUTE
    ../Drivers/STM32F4xx_HAL_Driver/Src/stm32f4xx_hal.c 0x00000000   Number         0  stm32f4xx_hal.o ABSOLUTE
    ../Drivers/STM32F4xx_HAL_Driver/Src/stm32f4xx_hal_cortex.c 0x00000000   Number         0  stm32f4xx_hal_cortex.o ABSOLUTE
    ../Drivers/STM32F4xx_HAL_Driver/Src/stm32f4xx_hal_dma.c 0x00000000   Number         0  stm32f4xx_hal_dma.o ABSOLUTE
    ../Drivers/STM32F4xx_HAL_Driver/Src/stm32f4xx_hal_dma_ex.c 0x00000000   Number         0  stm32f4xx_hal_dma_ex.o ABSOLUTE
    ../Drivers/STM32F4xx_HAL_Driver/Src/stm32f4xx_hal_flash.c 0x00000000   Number         0  stm32f4xx_hal_flash.o ABSOLUTE
    ../Drivers/STM32F4xx_HAL_Driver/Src/stm32f4xx_hal_flash_ex.c 0x00000000   Number         0  stm32f4xx_hal_flash_ex.o ABSOLUTE
    ../Drivers/STM32F4xx_HAL_Driver/Src/stm32f4xx_hal_flash_ramfunc.c 0x00000000   Number         0  stm32f4xx_hal_flash_ramfunc.o ABSOLUTE
    ../Drivers/STM32F4xx_HAL_Driver/Src/stm32f4xx_hal_gpio.c 0x00000000   Number         0  stm32f4xx_hal_gpio.o ABSOLUTE
    ../Drivers/STM32F4xx_HAL_Driver/Src/stm32f4xx_hal_pwr.c 0x00000000   Number         0  stm32f4xx_hal_pwr.o ABSOLUTE
    ../Drivers/STM32F4xx_HAL_Driver/Src/stm32f4xx_hal_pwr_ex.c 0x00000000   Number         0  stm32f4xx_hal_pwr_ex.o ABSOLUTE
    ../Drivers/STM32F4xx_HAL_Driver/Src/stm32f4xx_hal_rcc.c 0x00000000   Number         0  stm32f4xx_hal_rcc.o ABSOLUTE
    ../Drivers/STM32F4xx_HAL_Driver/Src/stm32f4xx_hal_rcc_ex.c 0x00000000   Number         0  stm32f4xx_hal_rcc_ex.o ABSOLUTE
    ../Drivers/STM32F4xx_HAL_Driver/Src/stm32f4xx_hal_sd.c 0x00000000   Number         0  stm32f4xx_hal_sd.o ABSOLUTE
    ../Drivers/STM32F4xx_HAL_Driver/Src/stm32f4xx_hal_tim.c 0x00000000   Number         0  stm32f4xx_hal_tim.o ABSOLUTE
    ../Drivers/STM32F4xx_HAL_Driver/Src/stm32f4xx_hal_tim_ex.c 0x00000000   Number         0  stm32f4xx_hal_tim_ex.o ABSOLUTE
    ../Drivers/STM32F4xx_HAL_Driver/Src/stm32f4xx_ll_sdmmc.c 0x00000000   Number         0  stm32f4xx_ll_sdmmc.o ABSOLUTE
    ../Middlewares/Third_Party/FatFs/src/diskio.c 0x00000000   Number         0  diskio.o ABSOLUTE
    ../Middlewares/Third_Party/FatFs/src/drivers/sd_diskio.c 0x00000000   Number         0  sd_diskio.o ABSOLUTE
    ../Middlewares/Third_Party/FatFs/src/ff.c 0x00000000   Number         0  ff.o ABSOLUTE
    ../Middlewares/Third_Party/FatFs/src/ff_gen_drv.c 0x00000000   Number         0  ff_gen_drv.o ABSOLUTE
    ../Middlewares/Third_Party/FatFs/src/option/syscall.c 0x00000000   Number         0  syscall.o ABSOLUTE
    ../Src/bsp_driver_sd.c                   0x00000000   Number         0  bsp_driver_sd.o ABSOLUTE
    ../Src/fatfs.c                           0x00000000   Number         0  fatfs.o ABSOLUTE
    ../Src/main.c                            0x00000000   Number         0  main.o ABSOLUTE
    ../Src/stm32f4xx_hal_msp.c               0x00000000   Number         0  stm32f4xx_hal_msp.o ABSOLUTE
    ../Src/stm32f4xx_it.c                    0x00000000   Number         0  stm32f4xx_it.o ABSOLUTE
    ../clib/microlib/errno.c                 0x00000000   Number         0  errno.o ABSOLUTE
    ../clib/microlib/init/entry.s            0x00000000   Number         0  entry11b.o ABSOLUTE
    ../clib/microlib/init/entry.s            0x00000000   Number         0  entry10b.o ABSOLUTE
    ../clib/microlib/init/entry.s            0x00000000   Number         0  entry10a.o ABSOLUTE
    ../clib/microlib/init/entry.s            0x00000000   Number         0  entry9b.o ABSOLUTE
    ../clib/microlib/init/entry.s            0x00000000   Number         0  entry11a.o ABSOLUTE
    ../clib/microlib/init/entry.s            0x00000000   Number         0  entry8b.o ABSOLUTE
    ../clib/microlib/init/entry.s            0x00000000   Number         0  entry2.o ABSOLUTE
    ../clib/microlib/init/entry.s            0x00000000   Number         0  entry7a.o ABSOLUTE
    ../clib/microlib/init/entry.s            0x00000000   Number         0  entry7b.o ABSOLUTE
    ../clib/microlib/init/entry.s            0x00000000   Number         0  entry8a.o ABSOLUTE
    ../clib/microlib/init/entry.s            0x00000000   Number         0  entry5.o ABSOLUTE
    ../clib/microlib/init/entry.s            0x00000000   Number         0  entry.o ABSOLUTE
    ../clib/microlib/init/entry.s            0x00000000   Number         0  entry9a.o ABSOLUTE
    ../clib/microlib/longlong.c              0x00000000   Number         0  llushr.o ABSOLUTE
    ../clib/microlib/longlong.c              0x00000000   Number         0  llsshr.o ABSOLUTE
    ../clib/microlib/longlong.c              0x00000000   Number         0  llshl.o ABSOLUTE
    ../clib/microlib/string/memset.c         0x00000000   Number         0  memseta.o ABSOLUTE
    ../clib/microlib/stubs.s                 0x00000000   Number         0  iusefp.o ABSOLUTE
    ../fplib/microlib/fpadd.c                0x00000000   Number         0  dadd.o ABSOLUTE
    ../fplib/microlib/fpdiv.c                0x00000000   Number         0  ddiv.o ABSOLUTE
    ../fplib/microlib/fpepilogue.c           0x00000000   Number         0  depilogue.o ABSOLUTE
    ../fplib/microlib/fpfix.c                0x00000000   Number         0  dfixui.o ABSOLUTE
    ../fplib/microlib/fpflt.c                0x00000000   Number         0  dflti.o ABSOLUTE
    ../fplib/microlib/fpflt.c                0x00000000   Number         0  dfltui.o ABSOLUTE
    ../fplib/microlib/fpmul.c                0x00000000   Number         0  dmul.o ABSOLUTE
    ../fplib/microlib/fpneg.c                0x00000000   Number         0  dneg.o ABSOLUTE
    ../fplib/microlib/fpscalb.c              0x00000000   Number         0  dscalb.o ABSOLUTE
    ../fplib/microlib/fpsqrt.c               0x00000000   Number         0  dsqrt.o ABSOLUTE
    ../mathlib/dunder.c                      0x00000000   Number         0  dunder.o ABSOLUTE
    ../mathlib/fabs.c                        0x00000000   Number         0  fabs.o ABSOLUTE
    ../mathlib/fpclassify.c                  0x00000000   Number         0  fpclassify.o ABSOLUTE
    ../mathlib/poly.c                        0x00000000   Number         0  poly.o ABSOLUTE
    ../mathlib/pow.c                         0x00000000   Number         0  pow_x.o ABSOLUTE
    ../mathlib/pow.c                         0x00000000   Number         0  pow.o ABSOLUTE
    ../mathlib/qnan.c                        0x00000000   Number         0  qnan.o ABSOLUTE
    ../mathlib/sqrt.c                        0x00000000   Number         0  sqrt_x.o ABSOLUTE
    ../mathlib/sqrt.c                        0x00000000   Number         0  sqrt.o ABSOLUTE
    ..\Drivers\CMSIS\Device\ST\STM32F4xx\Source\Templates\system_stm32f4xx.c 0x00000000   Number         0  system_stm32f4xx.o ABSOLUTE
    ..\Drivers\STM32F4xx_HAL_Driver\Src\stm32f4xx_hal.c 0x00000000   Number         0  stm32f4xx_hal.o ABSOLUTE
    ..\Drivers\STM32F4xx_HAL_Driver\Src\stm32f4xx_hal_cortex.c 0x00000000   Number         0  stm32f4xx_hal_cortex.o ABSOLUTE
    ..\Drivers\STM32F4xx_HAL_Driver\Src\stm32f4xx_hal_dma.c 0x00000000   Number         0  stm32f4xx_hal_dma.o ABSOLUTE
    ..\Drivers\STM32F4xx_HAL_Driver\Src\stm32f4xx_hal_dma_ex.c 0x00000000   Number         0  stm32f4xx_hal_dma_ex.o ABSOLUTE
    ..\Drivers\STM32F4xx_HAL_Driver\Src\stm32f4xx_hal_flash.c 0x00000000   Number         0  stm32f4xx_hal_flash.o ABSOLUTE
    ..\Drivers\STM32F4xx_HAL_Driver\Src\stm32f4xx_hal_flash_ex.c 0x00000000   Number         0  stm32f4xx_hal_flash_ex.o ABSOLUTE
    ..\Drivers\STM32F4xx_HAL_Driver\Src\stm32f4xx_hal_flash_ramfunc.c 0x00000000   Number         0  stm32f4xx_hal_flash_ramfunc.o ABSOLUTE
    ..\Drivers\STM32F4xx_HAL_Driver\Src\stm32f4xx_hal_gpio.c 0x00000000   Number         0  stm32f4xx_hal_gpio.o ABSOLUTE
    ..\Drivers\STM32F4xx_HAL_Driver\Src\stm32f4xx_hal_pwr.c 0x00000000   Number         0  stm32f4xx_hal_pwr.o ABSOLUTE
    ..\Drivers\STM32F4xx_HAL_Driver\Src\stm32f4xx_hal_pwr_ex.c 0x00000000   Number         0  stm32f4xx_hal_pwr_ex.o ABSOLUTE
    ..\Drivers\STM32F4xx_HAL_Driver\Src\stm32f4xx_hal_rcc.c 0x00000000   Number         0  stm32f4xx_hal_rcc.o ABSOLUTE
    ..\Drivers\STM32F4xx_HAL_Driver\Src\stm32f4xx_hal_rcc_ex.c 0x00000000   Number         0  stm32f4xx_hal_rcc_ex.o ABSOLUTE
    ..\Drivers\STM32F4xx_HAL_Driver\Src\stm32f4xx_hal_sd.c 0x00000000   Number         0  stm32f4xx_hal_sd.o ABSOLUTE
    ..\Drivers\STM32F4xx_HAL_Driver\Src\stm32f4xx_hal_tim.c 0x00000000   Number         0  stm32f4xx_hal_tim.o ABSOLUTE
    ..\Drivers\STM32F4xx_HAL_Driver\Src\stm32f4xx_hal_tim_ex.c 0x00000000   Number         0  stm32f4xx_hal_tim_ex.o ABSOLUTE
    ..\Drivers\STM32F4xx_HAL_Driver\Src\stm32f4xx_ll_sdmmc.c 0x00000000   Number         0  stm32f4xx_ll_sdmmc.o ABSOLUTE
    ..\Middlewares\Third_Party\FatFs\src\diskio.c 0x00000000   Number         0  diskio.o ABSOLUTE
    ..\Middlewares\Third_Party\FatFs\src\drivers\sd_diskio.c 0x00000000   Number         0  sd_diskio.o ABSOLUTE
    ..\Middlewares\Third_Party\FatFs\src\ff.c 0x00000000   Number         0  ff.o ABSOLUTE
    ..\Middlewares\Third_Party\FatFs\src\ff_gen_drv.c 0x00000000   Number         0  ff_gen_drv.o ABSOLUTE
    ..\Middlewares\Third_Party\FatFs\src\option\syscall.c 0x00000000   Number         0  syscall.o ABSOLUTE
    ..\Src\boot.c                            0x00000000   Number         0  boot.o ABSOLUTE
    ..\Src\bsp_driver_sd.c                   0x00000000   Number         0  bsp_driver_sd.o ABSOLUTE
    ..\Src\fatfs.c                           0x00000000   Number         0  fatfs.o ABSOLUTE
    ..\Src\main.c                            0x00000000   Number         0  main.o ABSOLUTE
    ..\Src\stm32f4xx_hal_msp.c               0x00000000   Number         0  stm32f4xx_hal_msp.o ABSOLUTE
    ..\Src\stm32f4xx_it.c                    0x00000000   Number         0  stm32f4xx_it.o ABSOLUTE
    ..\\Src\\boot.c                          0x00000000   Number         0  boot.o ABSOLUTE
    cdcmple.s                                0x00000000   Number         0  cdcmple.o ABSOLUTE
    cdrcmple.s                               0x00000000   Number         0  cdrcmple.o ABSOLUTE
    dc.s                                     0x00000000   Number         0  dc.o ABSOLUTE
    handlers.s                               0x00000000   Number         0  handlers.o ABSOLUTE
    init.s                                   0x00000000   Number         0  init.o ABSOLUTE
    startup_stm32f407xx.s                    0x00000000   Number         0  startup_stm32f407xx.o ABSOLUTE
    RESET                                    0x08000000   Section      392  startup_stm32f407xx.o(RESET)
    .ARM.Collect$$$$00000000                 0x08000188   Section        0  entry.o(.ARM.Collect$$$$00000000)
    .ARM.Collect$$$$00000001                 0x08000188   Section        4  entry2.o(.ARM.Collect$$$$00000001)
    .ARM.Collect$$$$00000004                 0x0800018c   Section        4  entry5.o(.ARM.Collect$$$$00000004)
    .ARM.Collect$$$$00000008                 0x08000190   Section        0  entry7b.o(.ARM.Collect$$$$00000008)
    .ARM.Collect$$$$0000000A                 0x08000190   Section        0  entry8b.o(.ARM.Collect$$$$0000000A)
    .ARM.Collect$$$$0000000B                 0x08000190   Section        8  entry9a.o(.ARM.Collect$$$$0000000B)
    .ARM.Collect$$$$0000000D                 0x08000198   Section        0  entry10a.o(.ARM.Collect$$$$0000000D)
    .ARM.Collect$$$$0000000F                 0x08000198   Section        0  entry11a.o(.ARM.Collect$$$$0000000F)
    .ARM.Collect$$$$00002712                 0x08000198   Section        4  entry2.o(.ARM.Collect$$$$00002712)
    __lit__00000000                          0x08000198   Data           4  entry2.o(.ARM.Collect$$$$00002712)
    .text                                    0x0800019c   Section       36  startup_stm32f407xx.o(.text)
    $v0                                      0x0800019c   Number         0  startup_stm32f407xx.o(.text)
    .text                                    0x080001c0   Section        0  memseta.o(.text)
    .text                                    0x080001e4   Section        0  dadd.o(.text)
    .text                                    0x08000332   Section        0  dmul.o(.text)
    .text                                    0x08000416   Section        0  dfltui.o(.text)
    .text                                    0x08000430   Section        0  dfixui.o(.text)
    .text                                    0x08000462   Section        0  llshl.o(.text)
    .text                                    0x08000480   Section        0  llushr.o(.text)
    .text                                    0x080004a0   Section        0  llsshr.o(.text)
    .text                                    0x080004c4   Section        0  depilogue.o(.text)
    .text                                    0x080004c4   Section        0  iusefp.o(.text)
    .text                                    0x0800057e   Section        0  ddiv.o(.text)
    .text                                    0x0800065c   Section        0  dscalb.o(.text)
    .text                                    0x0800068a   Section        0  dflti.o(.text)
    .text                                    0x080006ac   Section       48  cdrcmple.o(.text)
    .text                                    0x080006dc   Section       36  init.o(.text)
    .text                                    0x08000700   Section        0  dsqrt.o(.text)
    i.BSP_SD_GetCardInfo                     0x080007a4   Section        0  bsp_driver_sd.o(i.BSP_SD_GetCardInfo)
    i.BSP_SD_GetStatus                       0x080007b0   Section        0  bsp_driver_sd.o(i.BSP_SD_GetStatus)
    i.BSP_SD_Init                            0x080007bc   Section        0  bsp_driver_sd.o(i.BSP_SD_Init)
    i.BSP_SD_ReadBlocks                      0x080007e4   Section        0  bsp_driver_sd.o(i.BSP_SD_ReadBlocks)
    i.BSP_SD_WriteBlocks                     0x08000804   Section        0  bsp_driver_sd.o(i.BSP_SD_WriteBlocks)
    i.Boot                                   0x08000824   Section        0  main.o(i.Boot)
    i.BusFault_Handler                       0x08000858   Section        0  stm32f4xx_it.o(i.BusFault_Handler)
    i.DebugMon_Handler                       0x0800085a   Section        0  stm32f4xx_it.o(i.DebugMon_Handler)
    i.FATFS_LinkDriver                       0x0800085c   Section        0  ff_gen_drv.o(i.FATFS_LinkDriver)
    i.FATFS_LinkDriverEx                     0x08000864   Section        0  ff_gen_drv.o(i.FATFS_LinkDriverEx)
    i.FLASH_Erase_Sector                     0x080008a4   Section        0  stm32f4xx_hal_flash_ex.o(i.FLASH_Erase_Sector)
    i.FLASH_Program_Byte                     0x080008fc   Section        0  stm32f4xx_hal_flash.o(i.FLASH_Program_Byte)
    FLASH_Program_Byte                       0x080008fd   Thumb Code    26  stm32f4xx_hal_flash.o(i.FLASH_Program_Byte)
    i.FLASH_Program_DoubleWord               0x0800091c   Section        0  stm32f4xx_hal_flash.o(i.FLASH_Program_DoubleWord)
    FLASH_Program_DoubleWord                 0x0800091d   Thumb Code    34  stm32f4xx_hal_flash.o(i.FLASH_Program_DoubleWord)
    i.FLASH_Program_HalfWord                 0x08000944   Section        0  stm32f4xx_hal_flash.o(i.FLASH_Program_HalfWord)
    FLASH_Program_HalfWord                   0x08000945   Thumb Code    30  stm32f4xx_hal_flash.o(i.FLASH_Program_HalfWord)
    i.FLASH_Program_Word                     0x08000968   Section        0  stm32f4xx_hal_flash.o(i.FLASH_Program_Word)
    FLASH_Program_Word                       0x08000969   Thumb Code    30  stm32f4xx_hal_flash.o(i.FLASH_Program_Word)
    i.FLASH_SetErrorCode                     0x0800098c   Section        0  stm32f4xx_hal_flash.o(i.FLASH_SetErrorCode)
    FLASH_SetErrorCode                       0x0800098d   Thumb Code   128  stm32f4xx_hal_flash.o(i.FLASH_SetErrorCode)
    i.FLASH_WaitForLastOperation             0x08000a14   Section        0  stm32f4xx_hal_flash.o(i.FLASH_WaitForLastOperation)
    i.Flash_Write                            0x08000a6c   Section        0  main.o(i.Flash_Write)
    i.HAL_DeInit                             0x08000ad8   Section        0  stm32f4xx_hal.o(i.HAL_DeInit)
    i.HAL_Delay                              0x08000b0c   Section        0  stm32f4xx_hal.o(i.HAL_Delay)
    i.HAL_FLASH_Lock                         0x08000b24   Section        0  stm32f4xx_hal_flash.o(i.HAL_FLASH_Lock)
    i.HAL_FLASH_Program                      0x08000b38   Section        0  stm32f4xx_hal_flash.o(i.HAL_FLASH_Program)
    i.HAL_FLASH_Unlock                       0x08000bb4   Section        0  stm32f4xx_hal_flash.o(i.HAL_FLASH_Unlock)
    i.HAL_GPIO_Init                          0x08000bdc   Section        0  stm32f4xx_hal_gpio.o(i.HAL_GPIO_Init)
    i.HAL_GPIO_WritePin                      0x08000d9c   Section        0  stm32f4xx_hal_gpio.o(i.HAL_GPIO_WritePin)
    i.HAL_GetTick                            0x08000da8   Section        0  stm32f4xx_hal.o(i.HAL_GetTick)
    i.HAL_IncTick                            0x08000db4   Section        0  stm32f4xx_hal.o(i.HAL_IncTick)
    i.HAL_Init                               0x08000dc4   Section        0  stm32f4xx_hal.o(i.HAL_Init)
    i.HAL_InitTick                           0x08000df8   Section        0  stm32f4xx_hal.o(i.HAL_InitTick)
    i.HAL_MspDeInit                          0x08000e1a   Section        0  stm32f4xx_hal.o(i.HAL_MspDeInit)
    i.HAL_MspInit                            0x08000e1c   Section        0  stm32f4xx_hal_msp.o(i.HAL_MspInit)
    i.HAL_NVIC_SetPriority                   0x08000e60   Section        0  stm32f4xx_hal_cortex.o(i.HAL_NVIC_SetPriority)
    i.HAL_NVIC_SetPriorityGrouping           0x08000ea0   Section        0  stm32f4xx_hal_cortex.o(i.HAL_NVIC_SetPriorityGrouping)
    i.HAL_RCC_ClockConfig                    0x08000ec4   Section        0  stm32f4xx_hal_rcc.o(i.HAL_RCC_ClockConfig)
    i.HAL_RCC_DeInit                         0x08001004   Section        0  stm32f4xx_hal_rcc_ex.o(i.HAL_RCC_DeInit)
    i.HAL_RCC_GetHCLKFreq                    0x0800105c   Section        0  stm32f4xx_hal_rcc.o(i.HAL_RCC_GetHCLKFreq)
    i.HAL_RCC_GetSysClockFreq                0x08001090   Section        0  stm32f4xx_hal_rcc.o(i.HAL_RCC_GetSysClockFreq)
    i.HAL_RCC_OscConfig                      0x08001100   Section        0  stm32f4xx_hal_rcc.o(i.HAL_RCC_OscConfig)
    i.HAL_SD_GetStatus                       0x080013e4   Section        0  stm32f4xx_hal_sd.o(i.HAL_SD_GetStatus)
    i.HAL_SD_Get_CardInfo                    0x08001432   Section        0  stm32f4xx_hal_sd.o(i.HAL_SD_Get_CardInfo)
    i.HAL_SD_Init                            0x080016e6   Section        0  stm32f4xx_hal_sd.o(i.HAL_SD_Init)
    i.HAL_SD_MspInit                         0x08001788   Section        0  stm32f4xx_hal_msp.o(i.HAL_SD_MspInit)
    i.HAL_SD_ReadBlocks                      0x080017ec   Section        0  stm32f4xx_hal_sd.o(i.HAL_SD_ReadBlocks)
    i.HAL_SD_StopTransfer                    0x08001968   Section        0  stm32f4xx_hal_sd.o(i.HAL_SD_StopTransfer)
    i.HAL_SD_WriteBlocks                     0x08001994   Section        0  stm32f4xx_hal_sd.o(i.HAL_SD_WriteBlocks)
    i.HAL_SYSTICK_CLKSourceConfig            0x08001b6c   Section        0  stm32f4xx_hal_cortex.o(i.HAL_SYSTICK_CLKSourceConfig)
    i.HAL_SYSTICK_Callback                   0x08001b84   Section        0  stm32f4xx_hal_cortex.o(i.HAL_SYSTICK_Callback)
    i.HAL_SYSTICK_Config                     0x08001b86   Section        0  stm32f4xx_hal_cortex.o(i.HAL_SYSTICK_Config)
    i.HAL_SYSTICK_IRQHandler                 0x08001bae   Section        0  stm32f4xx_hal_cortex.o(i.HAL_SYSTICK_IRQHandler)
    i.HardFault_Handler                      0x08001bb6   Section        0  stm32f4xx_it.o(i.HardFault_Handler)
    i.Hex2Int                                0x08001bb8   Section        0  main.o(i.Hex2Int)
    i.MX_FATFS_Init                          0x08001c1c   Section        0  fatfs.o(i.MX_FATFS_Init)
    i.MX_GPIO_Init                           0x08001c38   Section        0  main.o(i.MX_GPIO_Init)
    MX_GPIO_Init                             0x08001c39   Thumb Code   122  main.o(i.MX_GPIO_Init)
    i.MemManage_Handler                      0x08001cc0   Section        0  stm32f4xx_it.o(i.MemManage_Handler)
    i.NMI_Handler                            0x08001cc2   Section        0  stm32f4xx_it.o(i.NMI_Handler)
    i.NVIC_SetPriority                       0x08001cc4   Section        0  stm32f4xx_hal_cortex.o(i.NVIC_SetPriority)
    NVIC_SetPriority                         0x08001cc5   Thumb Code    32  stm32f4xx_hal_cortex.o(i.NVIC_SetPriority)
    i.ProcessHex                             0x08001ce4   Section        0  main.o(i.ProcessHex)
    i.SDIO_DataConfig                        0x08001fd0   Section        0  stm32f4xx_ll_sdmmc.o(i.SDIO_DataConfig)
    i.SDIO_GetCommandResponse                0x08001ff4   Section        0  stm32f4xx_ll_sdmmc.o(i.SDIO_GetCommandResponse)
    i.SDIO_GetPowerState                     0x08001ffa   Section        0  stm32f4xx_ll_sdmmc.o(i.SDIO_GetPowerState)
    i.SDIO_GetResponse                       0x08002004   Section        0  stm32f4xx_ll_sdmmc.o(i.SDIO_GetResponse)
    i.SDIO_Init                              0x08002014   Section        0  stm32f4xx_ll_sdmmc.o(i.SDIO_Init)
    i.SDIO_PowerState_ON                     0x08002038   Section        0  stm32f4xx_ll_sdmmc.o(i.SDIO_PowerState_ON)
    i.SDIO_ReadFIFO                          0x08002040   Section        0  stm32f4xx_ll_sdmmc.o(i.SDIO_ReadFIFO)
    i.SDIO_SendCommand                       0x08002046   Section        0  stm32f4xx_ll_sdmmc.o(i.SDIO_SendCommand)
    i.SDIO_WriteFIFO                         0x08002066   Section        0  stm32f4xx_ll_sdmmc.o(i.SDIO_WriteFIFO)
    i.SD_CmdResp1Error                       0x08002070   Section        0  stm32f4xx_hal_sd.o(i.SD_CmdResp1Error)
    SD_CmdResp1Error                         0x08002071   Thumb Code   230  stm32f4xx_hal_sd.o(i.SD_CmdResp1Error)
    i.SD_CmdResp2Error                       0x0800215c   Section        0  stm32f4xx_hal_sd.o(i.SD_CmdResp2Error)
    SD_CmdResp2Error                         0x0800215d   Thumb Code    46  stm32f4xx_hal_sd.o(i.SD_CmdResp2Error)
    i.SD_CmdResp6Error                       0x0800218a   Section        0  stm32f4xx_hal_sd.o(i.SD_CmdResp6Error)
    SD_CmdResp6Error                         0x0800218b   Thumb Code   114  stm32f4xx_hal_sd.o(i.SD_CmdResp6Error)
    i.SD_CmdResp7Error                       0x080021fc   Section        0  stm32f4xx_hal_sd.o(i.SD_CmdResp7Error)
    SD_CmdResp7Error                         0x080021fd   Thumb Code    64  stm32f4xx_hal_sd.o(i.SD_CmdResp7Error)
    i.SD_Initialize_Cards                    0x0800223c   Section        0  stm32f4xx_hal_sd.o(i.SD_Initialize_Cards)
    SD_Initialize_Cards                      0x0800223d   Thumb Code   220  stm32f4xx_hal_sd.o(i.SD_Initialize_Cards)
    i.SD_IsCardProgramming                   0x08002318   Section        0  stm32f4xx_hal_sd.o(i.SD_IsCardProgramming)
    SD_IsCardProgramming                     0x08002319   Thumb Code   310  stm32f4xx_hal_sd.o(i.SD_IsCardProgramming)
    i.SD_PowerON                             0x08002454   Section        0  stm32f4xx_hal_sd.o(i.SD_PowerON)
    SD_PowerON                               0x08002455   Thumb Code   364  stm32f4xx_hal_sd.o(i.SD_PowerON)
    i.SD_initialize                          0x080025c8   Section        0  sd_diskio.o(i.SD_initialize)
    i.SD_ioctl                               0x080025e8   Section        0  sd_diskio.o(i.SD_ioctl)
    i.SD_read                                0x08002638   Section        0  sd_diskio.o(i.SD_read)
    i.SD_status                              0x08002658   Section        0  sd_diskio.o(i.SD_status)
    i.SD_write                               0x08002678   Section        0  sd_diskio.o(i.SD_write)
    i.SysTick_Handler                        0x08002696   Section        0  stm32f4xx_it.o(i.SysTick_Handler)
    i.SystemClock_Config                     0x080026a4   Section        0  main.o(i.SystemClock_Config)
    i.SystemInit                             0x08002738   Section        0  system_stm32f4xx.o(i.SystemInit)
    i.UsageFault_Handler                     0x0800278c   Section        0  stm32f4xx_it.o(i.UsageFault_Handler)
    i.__ARM_fpclassify                       0x0800278e   Section        0  fpclassify.o(i.__ARM_fpclassify)
    i.__hardfp_pow                           0x080027c0   Section        0  pow.o(i.__hardfp_pow)
    i.__kernel_poly                          0x08003410   Section        0  poly.o(i.__kernel_poly)
    i.__mathlib_dbl_divzero                  0x08003508   Section        0  dunder.o(i.__mathlib_dbl_divzero)
    i.__mathlib_dbl_infnan2                  0x08003538   Section        0  dunder.o(i.__mathlib_dbl_infnan2)
    i.__mathlib_dbl_invalid                  0x08003550   Section        0  dunder.o(i.__mathlib_dbl_invalid)
    i.__mathlib_dbl_overflow                 0x08003570   Section        0  dunder.o(i.__mathlib_dbl_overflow)
    i.__mathlib_dbl_underflow                0x08003590   Section        0  dunder.o(i.__mathlib_dbl_underflow)
    i.__scatterload_copy                     0x080035b0   Section       14  handlers.o(i.__scatterload_copy)
    i.__scatterload_null                     0x080035be   Section        2  handlers.o(i.__scatterload_null)
    i.__scatterload_zeroinit                 0x080035c0   Section       14  handlers.o(i.__scatterload_zeroinit)
    i.__set_errno                            0x080035d0   Section        0  errno.o(i.__set_errno)
    i.check_fs                               0x080035dc   Section        0  ff.o(i.check_fs)
    check_fs                                 0x080035dd   Thumb Code    90  ff.o(i.check_fs)
    i.chk_lock                               0x0800363c   Section        0  ff.o(i.chk_lock)
    chk_lock                                 0x0800363d   Thumb Code   102  ff.o(i.chk_lock)
    i.clear_lock                             0x080036a8   Section        0  ff.o(i.clear_lock)
    clear_lock                               0x080036a9   Thumb Code    32  ff.o(i.clear_lock)
    i.clmt_clust                             0x080036cc   Section        0  ff.o(i.clmt_clust)
    clmt_clust                               0x080036cd   Thumb Code    42  ff.o(i.clmt_clust)
    i.clust2sect                             0x080036f6   Section        0  ff.o(i.clust2sect)
    i.create_chain                           0x08003714   Section        0  ff.o(i.create_chain)
    create_chain                             0x08003715   Thumb Code   176  ff.o(i.create_chain)
    i.create_name                            0x080037c4   Section        0  ff.o(i.create_name)
    create_name                              0x080037c5   Thumb Code   234  ff.o(i.create_name)
    i.dec_lock                               0x080038c4   Section        0  ff.o(i.dec_lock)
    dec_lock                                 0x080038c5   Thumb Code    54  ff.o(i.dec_lock)
    i.dir_next                               0x08003900   Section        0  ff.o(i.dir_next)
    dir_next                                 0x08003901   Thumb Code   286  ff.o(i.dir_next)
    i.dir_register                           0x08003a1e   Section        0  ff.o(i.dir_register)
    dir_register                             0x08003a1f   Thumb Code   118  ff.o(i.dir_register)
    i.dir_sdi                                0x08003a94   Section        0  ff.o(i.dir_sdi)
    dir_sdi                                  0x08003a95   Thumb Code   152  ff.o(i.dir_sdi)
    i.disk_initialize                        0x08003b2c   Section        0  diskio.o(i.disk_initialize)
    i.disk_ioctl                             0x08003b54   Section        0  diskio.o(i.disk_ioctl)
    i.disk_read                              0x08003b70   Section        0  diskio.o(i.disk_read)
    i.disk_status                            0x08003b8c   Section        0  diskio.o(i.disk_status)
    i.disk_write                             0x08003ba4   Section        0  diskio.o(i.disk_write)
    i.f_close                                0x08003bc0   Section        0  ff.o(i.f_close)
    i.f_gets                                 0x08003bea   Section        0  ff.o(i.f_gets)
    i.f_mount                                0x08003c30   Section        0  ff.o(i.f_mount)
    i.f_open                                 0x08003c8c   Section        0  ff.o(i.f_open)
    i.f_printf                               0x08003e2c   Section        0  ff.o(i.f_printf)
    i.f_read                                 0x08004018   Section        0  ff.o(i.f_read)
    i.f_sync                                 0x080041a4   Section        0  ff.o(i.f_sync)
    i.f_write                                0x0800425c   Section        0  ff.o(i.f_write)
    i.fabs                                   0x08004432   Section        0  fabs.o(i.fabs)
    i.find_volume                            0x0800444c   Section        0  ff.o(i.find_volume)
    find_volume                              0x0800444d   Thumb Code   588  ff.o(i.find_volume)
    i.follow_path                            0x080046a4   Section        0  ff.o(i.follow_path)
    follow_path                              0x080046a5   Thumb Code   192  ff.o(i.follow_path)
    i.get_fat                                0x08004764   Section        0  ff.o(i.get_fat)
    i.get_fattime                            0x08004826   Section        0  fatfs.o(i.get_fattime)
    i.get_ldnumber                           0x0800482a   Section        0  ff.o(i.get_ldnumber)
    get_ldnumber                             0x0800482b   Thumb Code    60  ff.o(i.get_ldnumber)
    i.inc_lock                               0x08004868   Section        0  ff.o(i.inc_lock)
    inc_lock                                 0x08004869   Thumb Code   154  ff.o(i.inc_lock)
    i.ld_clust                               0x08004908   Section        0  ff.o(i.ld_clust)
    ld_clust                                 0x08004909   Thumb Code    20  ff.o(i.ld_clust)
    i.main                                   0x0800491c   Section        0  main.o(i.main)
    i.mem_cpy                                0x08004954   Section        0  ff.o(i.mem_cpy)
    mem_cpy                                  0x08004955   Thumb Code    18  ff.o(i.mem_cpy)
    i.mem_set                                0x08004966   Section        0  ff.o(i.mem_set)
    mem_set                                  0x08004967   Thumb Code    14  ff.o(i.mem_set)
    i.move_window                            0x08004974   Section        0  ff.o(i.move_window)
    move_window                              0x08004975   Thumb Code    54  ff.o(i.move_window)
    i.put_fat                                0x080049aa   Section        0  ff.o(i.put_fat)
    i.putc_bfd                               0x08004aa2   Section        0  ff.o(i.putc_bfd)
    putc_bfd                                 0x08004aa3   Thumb Code    58  ff.o(i.putc_bfd)
    i.remove_chain                           0x08004adc   Section        0  ff.o(i.remove_chain)
    remove_chain                             0x08004add   Thumb Code   110  ff.o(i.remove_chain)
    i.sqrt                                   0x08004b4a   Section        0  sqrt.o(i.sqrt)
    i.st_clust                               0x08004bb8   Section        0  ff.o(i.st_clust)
    st_clust                                 0x08004bb9   Thumb Code    16  ff.o(i.st_clust)
    i.sync_fs                                0x08004bc8   Section        0  ff.o(i.sync_fs)
    sync_fs                                  0x08004bc9   Thumb Code   182  ff.o(i.sync_fs)
    i.sync_window                            0x08004c7e   Section        0  ff.o(i.sync_window)
    sync_window                              0x08004c7f   Thumb Code    96  ff.o(i.sync_window)
    i.validate                               0x08004cde   Section        0  ff.o(i.validate)
    validate                                 0x08004cdf   Thumb Code    44  ff.o(i.validate)
    .constdata                               0x08004d0a   Section       16  stm32f4xx_hal_rcc.o(.constdata)
    .constdata                               0x08004d1a   Section      172  ff.o(.constdata)
    ExCvt                                    0x08004d1a   Data         128  ff.o(.constdata)
    vst                                      0x08004d9a   Data          22  ff.o(.constdata)
    cst                                      0x08004db0   Data          22  ff.o(.constdata)
    .constdata                               0x08004dc8   Section       20  sd_diskio.o(.constdata)
    .constdata                               0x08004de0   Section      136  pow.o(.constdata)
    bp                                       0x08004de0   Data          16  pow.o(.constdata)
    dp_h                                     0x08004df0   Data          16  pow.o(.constdata)
    dp_l                                     0x08004e00   Data          16  pow.o(.constdata)
    L                                        0x08004e10   Data          48  pow.o(.constdata)
    P                                        0x08004e40   Data          40  pow.o(.constdata)
    .constdata                               0x08004e68   Section        8  qnan.o(.constdata)
    .data                                    0x20000000   Section       42  main.o(.data)
    .data                                    0x2000002a   Section        5  fatfs.o(.data)
    .data                                    0x20000030   Section        4  stm32f4xx_hal.o(.data)
    .data                                    0x20000034   Section        4  system_stm32f4xx.o(.data)
    .data                                    0x20000038   Section        8  ff.o(.data)
    Fsid                                     0x20000038   Data           2  ff.o(.data)
    FatFs                                    0x2000003c   Data           4  ff.o(.data)
    .data                                    0x20000040   Section        1  sd_diskio.o(.data)
    Stat                                     0x20000040   Data           1  sd_diskio.o(.data)
    .data                                    0x20000044   Section        4  errno.o(.data)
    _errno                                   0x20000044   Data           4  errno.o(.data)
    .bss                                     0x20000048   Section     7416  main.o(.bss)
    .bss                                     0x20001d40   Section       88  main.o(.bss)
    .bss                                     0x20001d98   Section       32  stm32f4xx_hal_flash.o(.bss)
    .bss                                     0x20001db8   Section       24  ff.o(.bss)
    Files                                    0x20001db8   Data          24  ff.o(.bss)
    .bss                                     0x20001dd0   Section       12  ff_gen_drv.o(.bss)
    STACK                                    0x20001de0   Section    16384  startup_stm32f407xx.o(STACK)

    Global Symbols

    Symbol Name                              Value     Ov Type        Size  Object(Section)

    BuildAttributes$$THM_ISAv4$E$P$D$K$B$S$7EM$VFPi3$EXTD16$VFPS$VFMA$PE$A:L22UL41UL21$X:L11$S22US41US21$IEEE1$IW$USESV6$~STKCKD$USESV7$~SHL$OTIME$ROPI$IEEEX$EBA8$MICROLIB$REQ8$PRES8$EABIv2 0x00000000   Number         0  anon$$obj.o ABSOLUTE
    __ARM_use_no_argv                        0x00000000   Number         0  main.o ABSOLUTE
    __cpp_initialize__aeabi_                  - Undefined Weak Reference
    __cxa_finalize                            - Undefined Weak Reference
    __decompress                              - Undefined Weak Reference
    _clock_init                               - Undefined Weak Reference
    _microlib_exit                            - Undefined Weak Reference
    __Vectors_Size                           0x00000188   Number         0  startup_stm32f407xx.o ABSOLUTE
    __Vectors                                0x08000000   Data           4  startup_stm32f407xx.o(RESET)
    __Vectors_End                            0x08000188   Data           0  startup_stm32f407xx.o(RESET)
    __main                                   0x08000189   Thumb Code     0  entry.o(.ARM.Collect$$$$00000000)
    _main_stk                                0x08000189   Thumb Code     0  entry2.o(.ARM.Collect$$$$00000001)
    _main_scatterload                        0x0800018d   Thumb Code     0  entry5.o(.ARM.Collect$$$$00000004)
    __main_after_scatterload                 0x08000191   Thumb Code     0  entry5.o(.ARM.Collect$$$$00000004)
    _main_clock                              0x08000191   Thumb Code     0  entry7b.o(.ARM.Collect$$$$00000008)
    _main_cpp_init                           0x08000191   Thumb Code     0  entry8b.o(.ARM.Collect$$$$0000000A)
    _main_init                               0x08000191   Thumb Code     0  entry9a.o(.ARM.Collect$$$$0000000B)
    __rt_final_cpp                           0x08000199   Thumb Code     0  entry10a.o(.ARM.Collect$$$$0000000D)
    __rt_final_exit                          0x08000199   Thumb Code     0  entry11a.o(.ARM.Collect$$$$0000000F)
    Reset_Handler                            0x0800019d   Thumb Code     8  startup_stm32f407xx.o(.text)
    SVC_Handler                              0x080001af   Thumb Code     2  startup_stm32f407xx.o(.text)
    PendSV_Handler                           0x080001b3   Thumb Code     2  startup_stm32f407xx.o(.text)
    ADC_IRQHandler                           0x080001b7   Thumb Code     0  startup_stm32f407xx.o(.text)
    CAN1_RX0_IRQHandler                      0x080001b7   Thumb Code     0  startup_stm32f407xx.o(.text)
    CAN1_RX1_IRQHandler                      0x080001b7   Thumb Code     0  startup_stm32f407xx.o(.text)
    CAN1_SCE_IRQHandler                      0x080001b7   Thumb Code     0  startup_stm32f407xx.o(.text)
    CAN1_TX_IRQHandler                       0x080001b7   Thumb Code     0  startup_stm32f407xx.o(.text)
    CAN2_RX0_IRQHandler                      0x080001b7   Thumb Code     0  startup_stm32f407xx.o(.text)
    CAN2_RX1_IRQHandler                      0x080001b7   Thumb Code     0  startup_stm32f407xx.o(.text)
    CAN2_SCE_IRQHandler                      0x080001b7   Thumb Code     0  startup_stm32f407xx.o(.text)
    CAN2_TX_IRQHandler                       0x080001b7   Thumb Code     0  startup_stm32f407xx.o(.text)
    DCMI_IRQHandler                          0x080001b7   Thumb Code     0  startup_stm32f407xx.o(.text)
    DMA1_Stream0_IRQHandler                  0x080001b7   Thumb Code     0  startup_stm32f407xx.o(.text)
    DMA1_Stream1_IRQHandler                  0x080001b7   Thumb Code     0  startup_stm32f407xx.o(.text)
    DMA1_Stream2_IRQHandler                  0x080001b7   Thumb Code     0  startup_stm32f407xx.o(.text)
    DMA1_Stream3_IRQHandler                  0x080001b7   Thumb Code     0  startup_stm32f407xx.o(.text)
    DMA1_Stream4_IRQHandler                  0x080001b7   Thumb Code     0  startup_stm32f407xx.o(.text)
    DMA1_Stream5_IRQHandler                  0x080001b7   Thumb Code     0  startup_stm32f407xx.o(.text)
    DMA1_Stream6_IRQHandler                  0x080001b7   Thumb Code     0  startup_stm32f407xx.o(.text)
    DMA1_Stream7_IRQHandler                  0x080001b7   Thumb Code     0  startup_stm32f407xx.o(.text)
    DMA2_Stream0_IRQHandler                  0x080001b7   Thumb Code     0  startup_stm32f407xx.o(.text)
    DMA2_Stream1_IRQHandler                  0x080001b7   Thumb Code     0  startup_stm32f407xx.o(.text)
    DMA2_Stream2_IRQHandler                  0x080001b7   Thumb Code     0  startup_stm32f407xx.o(.text)
    DMA2_Stream3_IRQHandler                  0x080001b7   Thumb Code     0  startup_stm32f407xx.o(.text)
    DMA2_Stream4_IRQHandler                  0x080001b7   Thumb Code     0  startup_stm32f407xx.o(.text)
    DMA2_Stream5_IRQHandler                  0x080001b7   Thumb Code     0  startup_stm32f407xx.o(.text)
    DMA2_Stream6_IRQHandler                  0x080001b7   Thumb Code     0  startup_stm32f407xx.o(.text)
    DMA2_Stream7_IRQHandler                  0x080001b7   Thumb Code     0  startup_stm32f407xx.o(.text)
    ETH_IRQHandler                           0x080001b7   Thumb Code     0  startup_stm32f407xx.o(.text)
    ETH_WKUP_IRQHandler                      0x080001b7   Thumb Code     0  startup_stm32f407xx.o(.text)
    EXTI0_IRQHandler                         0x080001b7   Thumb Code     0  startup_stm32f407xx.o(.text)
    EXTI15_10_IRQHandler                     0x080001b7   Thumb Code     0  startup_stm32f407xx.o(.text)
    EXTI1_IRQHandler                         0x080001b7   Thumb Code     0  startup_stm32f407xx.o(.text)
    EXTI2_IRQHandler                         0x080001b7   Thumb Code     0  startup_stm32f407xx.o(.text)
    EXTI3_IRQHandler                         0x080001b7   Thumb Code     0  startup_stm32f407xx.o(.text)
    EXTI4_IRQHandler                         0x080001b7   Thumb Code     0  startup_stm32f407xx.o(.text)
    EXTI9_5_IRQHandler                       0x080001b7   Thumb Code     0  startup_stm32f407xx.o(.text)
    FLASH_IRQHandler                         0x080001b7   Thumb Code     0  startup_stm32f407xx.o(.text)
    FMC_IRQHandler                           0x080001b7   Thumb Code     0  startup_stm32f407xx.o(.text)
    FPU_IRQHandler                           0x080001b7   Thumb Code     0  startup_stm32f407xx.o(.text)
    HASH_RNG_IRQHandler                      0x080001b7   Thumb Code     0  startup_stm32f407xx.o(.text)
    I2C1_ER_IRQHandler                       0x080001b7   Thumb Code     0  startup_stm32f407xx.o(.text)
    I2C1_EV_IRQHandler                       0x080001b7   Thumb Code     0  startup_stm32f407xx.o(.text)
    I2C2_ER_IRQHandler                       0x080001b7   Thumb Code     0  startup_stm32f407xx.o(.text)
    I2C2_EV_IRQHandler                       0x080001b7   Thumb Code     0  startup_stm32f407xx.o(.text)
    I2C3_ER_IRQHandler                       0x080001b7   Thumb Code     0  startup_stm32f407xx.o(.text)
    I2C3_EV_IRQHandler                       0x080001b7   Thumb Code     0  startup_stm32f407xx.o(.text)
    OTG_FS_IRQHandler                        0x080001b7   Thumb Code     0  startup_stm32f407xx.o(.text)
    OTG_FS_WKUP_IRQHandler                   0x080001b7   Thumb Code     0  startup_stm32f407xx.o(.text)
    OTG_HS_EP1_IN_IRQHandler                 0x080001b7   Thumb Code     0  startup_stm32f407xx.o(.text)
    OTG_HS_EP1_OUT_IRQHandler                0x080001b7   Thumb Code     0  startup_stm32f407xx.o(.text)
    OTG_HS_IRQHandler                        0x080001b7   Thumb Code     0  startup_stm32f407xx.o(.text)
    OTG_HS_WKUP_IRQHandler                   0x080001b7   Thumb Code     0  startup_stm32f407xx.o(.text)
    PVD_IRQHandler                           0x080001b7   Thumb Code     0  startup_stm32f407xx.o(.text)
    RCC_IRQHandler                           0x080001b7   Thumb Code     0  startup_stm32f407xx.o(.text)
    RTC_Alarm_IRQHandler                     0x080001b7   Thumb Code     0  startup_stm32f407xx.o(.text)
    RTC_WKUP_IRQHandler                      0x080001b7   Thumb Code     0  startup_stm32f407xx.o(.text)
    SDIO_IRQHandler                          0x080001b7   Thumb Code     0  startup_stm32f407xx.o(.text)
    SPI1_IRQHandler                          0x080001b7   Thumb Code     0  startup_stm32f407xx.o(.text)
    SPI2_IRQHandler                          0x080001b7   Thumb Code     0  startup_stm32f407xx.o(.text)
    SPI3_IRQHandler                          0x080001b7   Thumb Code     0  startup_stm32f407xx.o(.text)
    TAMP_STAMP_IRQHandler                    0x080001b7   Thumb Code     0  startup_stm32f407xx.o(.text)
    TIM1_BRK_TIM9_IRQHandler                 0x080001b7   Thumb Code     0  startup_stm32f407xx.o(.text)
    TIM1_CC_IRQHandler                       0x080001b7   Thumb Code     0  startup_stm32f407xx.o(.text)
    TIM1_TRG_COM_TIM11_IRQHandler            0x080001b7   Thumb Code     0  startup_stm32f407xx.o(.text)
    TIM1_UP_TIM10_IRQHandler                 0x080001b7   Thumb Code     0  startup_stm32f407xx.o(.text)
    TIM2_IRQHandler                          0x080001b7   Thumb Code     0  startup_stm32f407xx.o(.text)
    TIM3_IRQHandler                          0x080001b7   Thumb Code     0  startup_stm32f407xx.o(.text)
    TIM4_IRQHandler                          0x080001b7   Thumb Code     0  startup_stm32f407xx.o(.text)
    TIM5_IRQHandler                          0x080001b7   Thumb Code     0  startup_stm32f407xx.o(.text)
    TIM6_DAC_IRQHandler                      0x080001b7   Thumb Code     0  startup_stm32f407xx.o(.text)
    TIM7_IRQHandler                          0x080001b7   Thumb Code     0  startup_stm32f407xx.o(.text)
    TIM8_BRK_TIM12_IRQHandler                0x080001b7   Thumb Code     0  startup_stm32f407xx.o(.text)
    TIM8_CC_IRQHandler                       0x080001b7   Thumb Code     0  startup_stm32f407xx.o(.text)
    TIM8_TRG_COM_TIM14_IRQHandler            0x080001b7   Thumb Code     0  startup_stm32f407xx.o(.text)
    TIM8_UP_TIM13_IRQHandler                 0x080001b7   Thumb Code     0  startup_stm32f407xx.o(.text)
    UART4_IRQHandler                         0x080001b7   Thumb Code     0  startup_stm32f407xx.o(.text)
    UART5_IRQHandler                         0x080001b7   Thumb Code     0  startup_stm32f407xx.o(.text)
    USART1_IRQHandler                        0x080001b7   Thumb Code     0  startup_stm32f407xx.o(.text)
    USART2_IRQHandler                        0x080001b7   Thumb Code     0  startup_stm32f407xx.o(.text)
    USART3_IRQHandler                        0x080001b7   Thumb Code     0  startup_stm32f407xx.o(.text)
    USART6_IRQHandler                        0x080001b7   Thumb Code     0  startup_stm32f407xx.o(.text)
    WWDG_IRQHandler                          0x080001b7   Thumb Code     0  startup_stm32f407xx.o(.text)
    __aeabi_memset                           0x080001c1   Thumb Code    14  memseta.o(.text)
    __aeabi_memset4                          0x080001c1   Thumb Code     0  memseta.o(.text)
    __aeabi_memset8                          0x080001c1   Thumb Code     0  memseta.o(.text)
    __aeabi_memclr                           0x080001cf   Thumb Code     4  memseta.o(.text)
    __aeabi_memclr4                          0x080001cf   Thumb Code     0  memseta.o(.text)
    __aeabi_memclr8                          0x080001cf   Thumb Code     0  memseta.o(.text)
    _memset$wrapper                          0x080001d3   Thumb Code    18  memseta.o(.text)
    __aeabi_dadd                             0x080001e5   Thumb Code   322  dadd.o(.text)
    __aeabi_dsub                             0x08000327   Thumb Code     6  dadd.o(.text)
    __aeabi_drsub                            0x0800032d   Thumb Code     6  dadd.o(.text)
    __aeabi_dmul                             0x08000333   Thumb Code   228  dmul.o(.text)
    __aeabi_ui2d                             0x08000417   Thumb Code    26  dfltui.o(.text)
    __aeabi_d2uiz                            0x08000431   Thumb Code    50  dfixui.o(.text)
    __aeabi_llsl                             0x08000463   Thumb Code    30  llshl.o(.text)
    _ll_shift_l                              0x08000463   Thumb Code     0  llshl.o(.text)
    __aeabi_llsr                             0x08000481   Thumb Code    32  llushr.o(.text)
    _ll_ushift_r                             0x08000481   Thumb Code     0  llushr.o(.text)
    __aeabi_lasr                             0x080004a1   Thumb Code    36  llsshr.o(.text)
    _ll_sshift_r                             0x080004a1   Thumb Code     0  llsshr.o(.text)
    __I$use$fp                               0x080004c5   Thumb Code     0  iusefp.o(.text)
    _double_round                            0x080004c5   Thumb Code    30  depilogue.o(.text)
    _double_epilogue                         0x080004e3   Thumb Code   156  depilogue.o(.text)
    __aeabi_ddiv                             0x0800057f   Thumb Code   222  ddiv.o(.text)
    __ARM_scalbn                             0x0800065d   Thumb Code    46  dscalb.o(.text)
    scalbn                                   0x0800065d   Thumb Code     0  dscalb.o(.text)
    __aeabi_i2d                              0x0800068b   Thumb Code    34  dflti.o(.text)
    __aeabi_cdrcmple                         0x080006ad   Thumb Code    48  cdrcmple.o(.text)
    __scatterload                            0x080006dd   Thumb Code    28  init.o(.text)
    __scatterload_rt2                        0x080006dd   Thumb Code     0  init.o(.text)
    _dsqrt                                   0x08000701   Thumb Code   162  dsqrt.o(.text)
    BSP_SD_GetCardInfo                       0x080007a5   Thumb Code     8  bsp_driver_sd.o(i.BSP_SD_GetCardInfo)
    BSP_SD_GetStatus                         0x080007b1   Thumb Code     6  bsp_driver_sd.o(i.BSP_SD_GetStatus)
    BSP_SD_Init                              0x080007bd   Thumb Code    32  bsp_driver_sd.o(i.BSP_SD_Init)
    BSP_SD_ReadBlocks                        0x080007e5   Thumb Code    26  bsp_driver_sd.o(i.BSP_SD_ReadBlocks)
    BSP_SD_WriteBlocks                       0x08000805   Thumb Code    26  bsp_driver_sd.o(i.BSP_SD_WriteBlocks)
    Boot                                     0x08000825   Thumb Code    44  main.o(i.Boot)
    BusFault_Handler                         0x08000859   Thumb Code     2  stm32f4xx_it.o(i.BusFault_Handler)
    DebugMon_Handler                         0x0800085b   Thumb Code     2  stm32f4xx_it.o(i.DebugMon_Handler)
    FATFS_LinkDriver                         0x0800085d   Thumb Code     6  ff_gen_drv.o(i.FATFS_LinkDriver)
    FATFS_LinkDriverEx                       0x08000865   Thumb Code    60  ff_gen_drv.o(i.FATFS_LinkDriverEx)
    FLASH_Erase_Sector                       0x080008a5   Thumb Code    84  stm32f4xx_hal_flash_ex.o(i.FLASH_Erase_Sector)
    FLASH_WaitForLastOperation               0x08000a15   Thumb Code    80  stm32f4xx_hal_flash.o(i.FLASH_WaitForLastOperation)
    Flash_Write                              0x08000a6d   Thumb Code    94  main.o(i.Flash_Write)
    HAL_DeInit                               0x08000ad9   Thumb Code    48  stm32f4xx_hal.o(i.HAL_DeInit)
    HAL_Delay                                0x08000b0d   Thumb Code    22  stm32f4xx_hal.o(i.HAL_Delay)
    HAL_FLASH_Lock                           0x08000b25   Thumb Code    14  stm32f4xx_hal_flash.o(i.HAL_FLASH_Lock)
    HAL_FLASH_Program                        0x08000b39   Thumb Code   116  stm32f4xx_hal_flash.o(i.HAL_FLASH_Program)
    HAL_FLASH_Unlock                         0x08000bb5   Thumb Code    28  stm32f4xx_hal_flash.o(i.HAL_FLASH_Unlock)
    HAL_GPIO_Init                            0x08000bdd   Thumb Code   398  stm32f4xx_hal_gpio.o(i.HAL_GPIO_Init)
    HAL_GPIO_WritePin                        0x08000d9d   Thumb Code    10  stm32f4xx_hal_gpio.o(i.HAL_GPIO_WritePin)
    HAL_GetTick                              0x08000da9   Thumb Code     6  stm32f4xx_hal.o(i.HAL_GetTick)
    HAL_IncTick                              0x08000db5   Thumb Code    10  stm32f4xx_hal.o(i.HAL_IncTick)
    HAL_Init                                 0x08000dc5   Thumb Code    48  stm32f4xx_hal.o(i.HAL_Init)
    HAL_InitTick                             0x08000df9   Thumb Code    34  stm32f4xx_hal.o(i.HAL_InitTick)
    HAL_MspDeInit                            0x08000e1b   Thumb Code     2  stm32f4xx_hal.o(i.HAL_MspDeInit)
    HAL_MspInit                              0x08000e1d   Thumb Code    68  stm32f4xx_hal_msp.o(i.HAL_MspInit)
    HAL_NVIC_SetPriority                     0x08000e61   Thumb Code    60  stm32f4xx_hal_cortex.o(i.HAL_NVIC_SetPriority)
    HAL_NVIC_SetPriorityGrouping             0x08000ea1   Thumb Code    26  stm32f4xx_hal_cortex.o(i.HAL_NVIC_SetPriorityGrouping)
    HAL_RCC_ClockConfig                      0x08000ec5   Thumb Code   312  stm32f4xx_hal_rcc.o(i.HAL_RCC_ClockConfig)
    HAL_RCC_DeInit                           0x08001005   Thumb Code    70  stm32f4xx_hal_rcc_ex.o(i.HAL_RCC_DeInit)
    HAL_RCC_GetHCLKFreq                      0x0800105d   Thumb Code    38  stm32f4xx_hal_rcc.o(i.HAL_RCC_GetHCLKFreq)
    HAL_RCC_GetSysClockFreq                  0x08001091   Thumb Code   104  stm32f4xx_hal_rcc.o(i.HAL_RCC_GetSysClockFreq)
    HAL_RCC_OscConfig                        0x08001101   Thumb Code   722  stm32f4xx_hal_rcc.o(i.HAL_RCC_OscConfig)
    HAL_SD_GetStatus                         0x080013e5   Thumb Code    78  stm32f4xx_hal_sd.o(i.HAL_SD_GetStatus)
    HAL_SD_Get_CardInfo                      0x08001433   Thumb Code   692  stm32f4xx_hal_sd.o(i.HAL_SD_Get_CardInfo)
    HAL_SD_Init                              0x080016e7   Thumb Code   160  stm32f4xx_hal_sd.o(i.HAL_SD_Init)
    HAL_SD_MspInit                           0x08001789   Thumb Code    84  stm32f4xx_hal_msp.o(i.HAL_SD_MspInit)
    HAL_SD_ReadBlocks                        0x080017ed   Thumb Code   380  stm32f4xx_hal_sd.o(i.HAL_SD_ReadBlocks)
    HAL_SD_StopTransfer                      0x08001969   Thumb Code    44  stm32f4xx_hal_sd.o(i.HAL_SD_StopTransfer)
    HAL_SD_WriteBlocks                       0x08001995   Thumb Code   472  stm32f4xx_hal_sd.o(i.HAL_SD_WriteBlocks)
    HAL_SYSTICK_CLKSourceConfig              0x08001b6d   Thumb Code    24  stm32f4xx_hal_cortex.o(i.HAL_SYSTICK_CLKSourceConfig)
    HAL_SYSTICK_Callback                     0x08001b85   Thumb Code     2  stm32f4xx_hal_cortex.o(i.HAL_SYSTICK_Callback)
    HAL_SYSTICK_Config                       0x08001b87   Thumb Code    40  stm32f4xx_hal_cortex.o(i.HAL_SYSTICK_Config)
    HAL_SYSTICK_IRQHandler                   0x08001baf   Thumb Code     8  stm32f4xx_hal_cortex.o(i.HAL_SYSTICK_IRQHandler)
    HardFault_Handler                        0x08001bb7   Thumb Code     2  stm32f4xx_it.o(i.HardFault_Handler)
    Hex2Int                                  0x08001bb9   Thumb Code    98  main.o(i.Hex2Int)
    MX_FATFS_Init                            0x08001c1d   Thumb Code    18  fatfs.o(i.MX_FATFS_Init)
    MemManage_Handler                        0x08001cc1   Thumb Code     2  stm32f4xx_it.o(i.MemManage_Handler)
    NMI_Handler                              0x08001cc3   Thumb Code     2  stm32f4xx_it.o(i.NMI_Handler)
    ProcessHex                               0x08001ce5   Thumb Code   670  main.o(i.ProcessHex)
    SDIO_DataConfig                          0x08001fd1   Thumb Code    36  stm32f4xx_ll_sdmmc.o(i.SDIO_DataConfig)
    SDIO_GetCommandResponse                  0x08001ff5   Thumb Code     6  stm32f4xx_ll_sdmmc.o(i.SDIO_GetCommandResponse)
    SDIO_GetPowerState                       0x08001ffb   Thumb Code     8  stm32f4xx_ll_sdmmc.o(i.SDIO_GetPowerState)
    SDIO_GetResponse                         0x08002005   Thumb Code    12  stm32f4xx_ll_sdmmc.o(i.SDIO_GetResponse)
    SDIO_Init                                0x08002015   Thumb Code    36  stm32f4xx_ll_sdmmc.o(i.SDIO_Init)
    SDIO_PowerState_ON                       0x08002039   Thumb Code     8  stm32f4xx_ll_sdmmc.o(i.SDIO_PowerState_ON)
    SDIO_ReadFIFO                            0x08002041   Thumb Code     6  stm32f4xx_ll_sdmmc.o(i.SDIO_ReadFIFO)
    SDIO_SendCommand                         0x08002047   Thumb Code    32  stm32f4xx_ll_sdmmc.o(i.SDIO_SendCommand)
    SDIO_WriteFIFO                           0x08002067   Thumb Code    10  stm32f4xx_ll_sdmmc.o(i.SDIO_WriteFIFO)
    SD_initialize                            0x080025c9   Thumb Code    26  sd_diskio.o(i.SD_initialize)
    SD_ioctl                                 0x080025e9   Thumb Code    74  sd_diskio.o(i.SD_ioctl)
    SD_read                                  0x08002639   Thumb Code    30  sd_diskio.o(i.SD_read)
    SD_status                                0x08002659   Thumb Code    26  sd_diskio.o(i.SD_status)
    SD_write                                 0x08002679   Thumb Code    30  sd_diskio.o(i.SD_write)
    SysTick_Handler                          0x08002697   Thumb Code    14  stm32f4xx_it.o(i.SysTick_Handler)
    SystemClock_Config                       0x080026a5   Thumb Code   138  main.o(i.SystemClock_Config)
    SystemInit                               0x08002739   Thumb Code    66  system_stm32f4xx.o(i.SystemInit)
    UsageFault_Handler                       0x0800278d   Thumb Code     2  stm32f4xx_it.o(i.UsageFault_Handler)
    __ARM_fpclassify                         0x0800278f   Thumb Code    48  fpclassify.o(i.__ARM_fpclassify)
    __hardfp_pow                             0x080027c1   Thumb Code  3072  pow.o(i.__hardfp_pow)
    __kernel_poly                            0x08003411   Thumb Code   248  poly.o(i.__kernel_poly)
    __mathlib_dbl_divzero                    0x08003509   Thumb Code    28  dunder.o(i.__mathlib_dbl_divzero)
    __mathlib_dbl_infnan2                    0x08003539   Thumb Code    20  dunder.o(i.__mathlib_dbl_infnan2)
    __mathlib_dbl_invalid                    0x08003551   Thumb Code    24  dunder.o(i.__mathlib_dbl_invalid)
    __mathlib_dbl_overflow                   0x08003571   Thumb Code    24  dunder.o(i.__mathlib_dbl_overflow)
    __mathlib_dbl_underflow                  0x08003591   Thumb Code    24  dunder.o(i.__mathlib_dbl_underflow)
    __scatterload_copy                       0x080035b1   Thumb Code    14  handlers.o(i.__scatterload_copy)
    __scatterload_null                       0x080035bf   Thumb Code     2  handlers.o(i.__scatterload_null)
    __scatterload_zeroinit                   0x080035c1   Thumb Code    14  handlers.o(i.__scatterload_zeroinit)
    __set_errno                              0x080035d1   Thumb Code     6  errno.o(i.__set_errno)
    clust2sect                               0x080036f7   Thumb Code    30  ff.o(i.clust2sect)
    disk_initialize                          0x08003b2d   Thumb Code    36  diskio.o(i.disk_initialize)
    disk_ioctl                               0x08003b55   Thumb Code    24  diskio.o(i.disk_ioctl)
    disk_read                                0x08003b71   Thumb Code    24  diskio.o(i.disk_read)
    disk_status                              0x08003b8d   Thumb Code    18  diskio.o(i.disk_status)
    disk_write                               0x08003ba5   Thumb Code    24  diskio.o(i.disk_write)
    f_close                                  0x08003bc1   Thumb Code    42  ff.o(i.f_close)
    f_gets                                   0x08003beb   Thumb Code    68  ff.o(i.f_gets)
    f_mount                                  0x08003c31   Thumb Code    88  ff.o(i.f_mount)
    f_open                                   0x08003c8d   Thumb Code   412  ff.o(i.f_open)
    f_printf                                 0x08003e2d   Thumb Code   490  ff.o(i.f_printf)
    f_read                                   0x08004019   Thumb Code   396  ff.o(i.f_read)
    f_sync                                   0x080041a5   Thumb Code   184  ff.o(i.f_sync)
    f_write                                  0x0800425d   Thumb Code   470  ff.o(i.f_write)
    fabs                                     0x08004433   Thumb Code    24  fabs.o(i.fabs)
    get_fat                                  0x08004765   Thumb Code   194  ff.o(i.get_fat)
    get_fattime                              0x08004827   Thumb Code     4  fatfs.o(i.get_fattime)
    main                                     0x0800491d   Thumb Code    48  main.o(i.main)
    put_fat                                  0x080049ab   Thumb Code   248  ff.o(i.put_fat)
    sqrt                                     0x08004b4b   Thumb Code   110  sqrt.o(i.sqrt)
    APBAHBPrescTable                         0x08004d0a   Data          16  stm32f4xx_hal_rcc.o(.constdata)
    SD_Driver                                0x08004dc8   Data          20  sd_diskio.o(.constdata)
    __mathlib_zero                           0x08004e68   Data           8  qnan.o(.constdata)
    Region$$Table$$Base                      0x08004e70   Number         0  anon$$obj.o(Region$$Table)
    Region$$Table$$Limit                     0x08004e90   Number         0  anon$$obj.o(Region$$Table)
    fresult                                  0x20000000   Data           1  main.o(.data)
    NbrOfData                                0x20000004   Data           4  main.o(.data)
    countLine                                0x20000008   Data           4  main.o(.data)
    userAdd                                  0x2000000c   Data           4  main.o(.data)
    fileName                                 0x20000010   Data          13  main.o(.data)
    fileTxt                                  0x2000001d   Data          13  main.o(.data)
    retSD                                    0x2000002a   Data           1  fatfs.o(.data)
    SD_Path                                  0x2000002b   Data           4  fatfs.o(.data)
    uwTick                                   0x20000030   Data           4  stm32f4xx_hal.o(.data)
    SystemCoreClock                          0x20000034   Data           4  system_stm32f4xx.o(.data)
    member_of_line                           0x20000048   Data          46  main.o(.bss)
    hsd                                      0x20000078   Data          96  main.o(.bss)
    fatfs                                    0x200000d8   Data         560  main.o(.bss)
    myFile                                   0x20000308   Data         556  main.o(.bss)
    newFile                                  0x20000534   Data         556  main.o(.bss)
    aHex                                     0x20000760   Data        5600  main.o(.bss)
    SDCardInfo                               0x20001d40   Data          88  main.o(.bss)
    pFlash                                   0x20001d98   Data          32  stm32f4xx_hal_flash.o(.bss)
    disk                                     0x20001dd0   Data          12  ff_gen_drv.o(.bss)
    __initial_sp                             0x20005de0   Data           0  startup_stm32f407xx.o(STACK)



==============================================================================

Memory Map of the image

  Image Entry point : 0x08000189

  Load Region LR_IROM1 (Base: 0x08000000, Size: 0x00004ed8, Max: 0x00100000, ABSOLUTE)

    Execution Region ER_IROM1 (Exec base: 0x08000000, Load base: 0x08000000, Size: 0x00004e90, Max: 0x00100000, ABSOLUTE)

    Exec Addr    Load Addr    Size         Type   Attr      Idx    E Section Name        Object

    0x08000000   0x08000000   0x00000188   Data   RO         1895    RESET               startup_stm32f407xx.o
    0x08000188   0x08000188   0x00000000   Code   RO         2430  * .ARM.Collect$$$$00000000  mc_w.l(entry.o)
    0x08000188   0x08000188   0x00000004   Code   RO         2480    .ARM.Collect$$$$00000001  mc_w.l(entry2.o)
    0x0800018c   0x0800018c   0x00000004   Code   RO         2483    .ARM.Collect$$$$00000004  mc_w.l(entry5.o)
    0x08000190   0x08000190   0x00000000   Code   RO         2485    .ARM.Collect$$$$00000008  mc_w.l(entry7b.o)
    0x08000190   0x08000190   0x00000000   Code   RO         2487    .ARM.Collect$$$$0000000A  mc_w.l(entry8b.o)
    0x08000190   0x08000190   0x00000008   Code   RO         2488    .ARM.Collect$$$$0000000B  mc_w.l(entry9a.o)
    0x08000198   0x08000198   0x00000000   Code   RO         2490    .ARM.Collect$$$$0000000D  mc_w.l(entry10a.o)
    0x08000198   0x08000198   0x00000000   Code   RO         2492    .ARM.Collect$$$$0000000F  mc_w.l(entry11a.o)
    0x08000198   0x08000198   0x00000004   Code   RO         2481    .ARM.Collect$$$$00002712  mc_w.l(entry2.o)
    0x0800019c   0x0800019c   0x00000024   Code   RO         1896    .text               startup_stm32f407xx.o
    0x080001c0   0x080001c0   0x00000024   Code   RO         2433    .text               mc_w.l(memseta.o)
    0x080001e4   0x080001e4   0x0000014e   Code   RO         2435    .text               mf_w.l(dadd.o)
    0x08000332   0x08000332   0x000000e4   Code   RO         2437    .text               mf_w.l(dmul.o)
    0x08000416   0x08000416   0x0000001a   Code   RO         2439    .text               mf_w.l(dfltui.o)
    0x08000430   0x08000430   0x00000032   Code   RO         2441    .text               mf_w.l(dfixui.o)
    0x08000462   0x08000462   0x0000001e   Code   RO         2494    .text               mc_w.l(llshl.o)
    0x08000480   0x08000480   0x00000020   Code   RO         2496    .text               mc_w.l(llushr.o)
    0x080004a0   0x080004a0   0x00000024   Code   RO         2498    .text               mc_w.l(llsshr.o)
    0x080004c4   0x080004c4   0x00000000   Code   RO         2507    .text               mc_w.l(iusefp.o)
    0x080004c4   0x080004c4   0x000000ba   Code   RO         2508    .text               mf_w.l(depilogue.o)
    0x0800057e   0x0800057e   0x000000de   Code   RO         2510    .text               mf_w.l(ddiv.o)
    0x0800065c   0x0800065c   0x0000002e   Code   RO         2514    .text               mf_w.l(dscalb.o)
    0x0800068a   0x0800068a   0x00000022   Code   RO         2516    .text               mf_w.l(dflti.o)
    0x080006ac   0x080006ac   0x00000030   Code   RO         2518    .text               mf_w.l(cdrcmple.o)
    0x080006dc   0x080006dc   0x00000024   Code   RO         2520    .text               mc_w.l(init.o)
    0x08000700   0x08000700   0x000000a2   Code   RO         2522    .text               mf_w.l(dsqrt.o)
    0x080007a2   0x080007a2   0x00000002   PAD
    0x080007a4   0x080007a4   0x0000000c   Code   RO          379    i.BSP_SD_GetCardInfo  bsp_driver_sd.o
    0x080007b0   0x080007b0   0x0000000c   Code   RO          380    i.BSP_SD_GetStatus  bsp_driver_sd.o
    0x080007bc   0x080007bc   0x00000028   Code   RO          383    i.BSP_SD_Init       bsp_driver_sd.o
    0x080007e4   0x080007e4   0x00000020   Code   RO          385    i.BSP_SD_ReadBlocks  bsp_driver_sd.o
    0x08000804   0x08000804   0x00000020   Code   RO          387    i.BSP_SD_WriteBlocks  bsp_driver_sd.o
    0x08000824   0x08000824   0x00000034   Code   RO          193    i.Boot              main.o
    0x08000858   0x08000858   0x00000002   Code   RO          130    i.BusFault_Handler  stm32f4xx_it.o
    0x0800085a   0x0800085a   0x00000002   Code   RO          131    i.DebugMon_Handler  stm32f4xx_it.o
    0x0800085c   0x0800085c   0x00000006   Code   RO         2310    i.FATFS_LinkDriver  ff_gen_drv.o
    0x08000862   0x08000862   0x00000002   PAD
    0x08000864   0x08000864   0x00000040   Code   RO         2311    i.FATFS_LinkDriverEx  ff_gen_drv.o
    0x080008a4   0x080008a4   0x00000058   Code   RO          518    i.FLASH_Erase_Sector  stm32f4xx_hal_flash_ex.o
    0x080008fc   0x080008fc   0x00000020   Code   RO         1389    i.FLASH_Program_Byte  stm32f4xx_hal_flash.o
    0x0800091c   0x0800091c   0x00000028   Code   RO         1390    i.FLASH_Program_DoubleWord  stm32f4xx_hal_flash.o
    0x08000944   0x08000944   0x00000024   Code   RO         1391    i.FLASH_Program_HalfWord  stm32f4xx_hal_flash.o
    0x08000968   0x08000968   0x00000024   Code   RO         1392    i.FLASH_Program_Word  stm32f4xx_hal_flash.o
    0x0800098c   0x0800098c   0x00000088   Code   RO         1393    i.FLASH_SetErrorCode  stm32f4xx_hal_flash.o
    0x08000a14   0x08000a14   0x00000058   Code   RO         1394    i.FLASH_WaitForLastOperation  stm32f4xx_hal_flash.o
    0x08000a6c   0x08000a6c   0x0000006c   Code   RO          194    i.Flash_Write       main.o
    0x08000ad8   0x08000ad8   0x00000034   Code   RO          802    i.HAL_DeInit        stm32f4xx_hal.o
    0x08000b0c   0x08000b0c   0x00000016   Code   RO          803    i.HAL_Delay         stm32f4xx_hal.o
    0x08000b22   0x08000b22   0x00000002   PAD
    0x08000b24   0x08000b24   0x00000014   Code   RO         1398    i.HAL_FLASH_Lock    stm32f4xx_hal_flash.o
    0x08000b38   0x08000b38   0x0000007c   Code   RO         1403    i.HAL_FLASH_Program  stm32f4xx_hal_flash.o
    0x08000bb4   0x08000bb4   0x00000028   Code   RO         1405    i.HAL_FLASH_Unlock  stm32f4xx_hal_flash.o
    0x08000bdc   0x08000bdc   0x000001c0   Code   RO         1029    i.HAL_GPIO_Init     stm32f4xx_hal_gpio.o
    0x08000d9c   0x08000d9c   0x0000000a   Code   RO         1033    i.HAL_GPIO_WritePin  stm32f4xx_hal_gpio.o
    0x08000da6   0x08000da6   0x00000002   PAD
    0x08000da8   0x08000da8   0x0000000c   Code   RO          809    i.HAL_GetTick       stm32f4xx_hal.o
    0x08000db4   0x08000db4   0x00000010   Code   RO          810    i.HAL_IncTick       stm32f4xx_hal.o
    0x08000dc4   0x08000dc4   0x00000034   Code   RO          811    i.HAL_Init          stm32f4xx_hal.o
    0x08000df8   0x08000df8   0x00000022   Code   RO          812    i.HAL_InitTick      stm32f4xx_hal.o
    0x08000e1a   0x08000e1a   0x00000002   Code   RO          813    i.HAL_MspDeInit     stm32f4xx_hal.o
    0x08000e1c   0x08000e1c   0x00000044   Code   RO            4    i.HAL_MspInit       stm32f4xx_hal_msp.o
    0x08000e60   0x08000e60   0x00000040   Code   RO          682    i.HAL_NVIC_SetPriority  stm32f4xx_hal_cortex.o
    0x08000ea0   0x08000ea0   0x00000024   Code   RO          683    i.HAL_NVIC_SetPriorityGrouping  stm32f4xx_hal_cortex.o
    0x08000ec4   0x08000ec4   0x00000140   Code   RO         1093    i.HAL_RCC_ClockConfig  stm32f4xx_hal_rcc.o
    0x08001004   0x08001004   0x00000058   Code   RO         1199    i.HAL_RCC_DeInit    stm32f4xx_hal_rcc_ex.o
    0x0800105c   0x0800105c   0x00000034   Code   RO         1098    i.HAL_RCC_GetHCLKFreq  stm32f4xx_hal_rcc.o
    0x08001090   0x08001090   0x00000070   Code   RO         1102    i.HAL_RCC_GetSysClockFreq  stm32f4xx_hal_rcc.o
    0x08001100   0x08001100   0x000002e4   Code   RO         1105    i.HAL_RCC_OscConfig  stm32f4xx_hal_rcc.o
    0x080013e4   0x080013e4   0x0000004e   Code   RO         1630    i.HAL_SD_GetStatus  stm32f4xx_hal_sd.o
    0x08001432   0x08001432   0x000002b4   Code   RO         1631    i.HAL_SD_Get_CardInfo  stm32f4xx_hal_sd.o
    0x080016e6   0x080016e6   0x000000a0   Code   RO         1634    i.HAL_SD_Init       stm32f4xx_hal_sd.o
    0x08001786   0x08001786   0x00000002   PAD
    0x08001788   0x08001788   0x00000064   Code   RO            6    i.HAL_SD_MspInit    stm32f4xx_hal_msp.o
    0x080017ec   0x080017ec   0x0000017c   Code   RO         1637    i.HAL_SD_ReadBlocks  stm32f4xx_hal_sd.o
    0x08001968   0x08001968   0x0000002c   Code   RO         1640    i.HAL_SD_StopTransfer  stm32f4xx_hal_sd.o
    0x08001994   0x08001994   0x000001d8   Code   RO         1642    i.HAL_SD_WriteBlocks  stm32f4xx_hal_sd.o
    0x08001b6c   0x08001b6c   0x00000018   Code   RO          685    i.HAL_SYSTICK_CLKSourceConfig  stm32f4xx_hal_cortex.o
    0x08001b84   0x08001b84   0x00000002   Code   RO          686    i.HAL_SYSTICK_Callback  stm32f4xx_hal_cortex.o
    0x08001b86   0x08001b86   0x00000028   Code   RO          687    i.HAL_SYSTICK_Config  stm32f4xx_hal_cortex.o
    0x08001bae   0x08001bae   0x00000008   Code   RO          688    i.HAL_SYSTICK_IRQHandler  stm32f4xx_hal_cortex.o
    0x08001bb6   0x08001bb6   0x00000002   Code   RO          132    i.HardFault_Handler  stm32f4xx_it.o
    0x08001bb8   0x08001bb8   0x00000062   Code   RO          195    i.Hex2Int           main.o
    0x08001c1a   0x08001c1a   0x00000002   PAD
    0x08001c1c   0x08001c1c   0x0000001c   Code   RO          482    i.MX_FATFS_Init     fatfs.o
    0x08001c38   0x08001c38   0x00000088   Code   RO          196    i.MX_GPIO_Init      main.o
    0x08001cc0   0x08001cc0   0x00000002   Code   RO          133    i.MemManage_Handler  stm32f4xx_it.o
    0x08001cc2   0x08001cc2   0x00000002   Code   RO          134    i.NMI_Handler       stm32f4xx_it.o
    0x08001cc4   0x08001cc4   0x00000020   Code   RO          689    i.NVIC_SetPriority  stm32f4xx_hal_cortex.o
    0x08001ce4   0x08001ce4   0x000002ec   Code   RO          197    i.ProcessHex        main.o
    0x08001fd0   0x08001fd0   0x00000024   Code   RO         1525    i.SDIO_DataConfig   stm32f4xx_ll_sdmmc.o
    0x08001ff4   0x08001ff4   0x00000006   Code   RO         1526    i.SDIO_GetCommandResponse  stm32f4xx_ll_sdmmc.o
    0x08001ffa   0x08001ffa   0x00000008   Code   RO         1529    i.SDIO_GetPowerState  stm32f4xx_ll_sdmmc.o
    0x08002002   0x08002002   0x00000002   PAD
    0x08002004   0x08002004   0x00000010   Code   RO         1530    i.SDIO_GetResponse  stm32f4xx_ll_sdmmc.o
    0x08002014   0x08002014   0x00000024   Code   RO         1531    i.SDIO_Init         stm32f4xx_ll_sdmmc.o
    0x08002038   0x08002038   0x00000008   Code   RO         1533    i.SDIO_PowerState_ON  stm32f4xx_ll_sdmmc.o
    0x08002040   0x08002040   0x00000006   Code   RO         1534    i.SDIO_ReadFIFO     stm32f4xx_ll_sdmmc.o
    0x08002046   0x08002046   0x00000020   Code   RO         1535    i.SDIO_SendCommand  stm32f4xx_ll_sdmmc.o
    0x08002066   0x08002066   0x0000000a   Code   RO         1537    i.SDIO_WriteFIFO    stm32f4xx_ll_sdmmc.o
    0x08002070   0x08002070   0x000000ec   Code   RO         1646    i.SD_CmdResp1Error  stm32f4xx_hal_sd.o
    0x0800215c   0x0800215c   0x0000002e   Code   RO         1647    i.SD_CmdResp2Error  stm32f4xx_hal_sd.o
    0x0800218a   0x0800218a   0x00000072   Code   RO         1648    i.SD_CmdResp6Error  stm32f4xx_hal_sd.o
    0x080021fc   0x080021fc   0x00000040   Code   RO         1649    i.SD_CmdResp7Error  stm32f4xx_hal_sd.o
    0x0800223c   0x0800223c   0x000000dc   Code   RO         1655    i.SD_Initialize_Cards  stm32f4xx_hal_sd.o
    0x08002318   0x08002318   0x0000013c   Code   RO         1656    i.SD_IsCardProgramming  stm32f4xx_hal_sd.o
    0x08002454   0x08002454   0x00000174   Code   RO         1657    i.SD_PowerON        stm32f4xx_hal_sd.o
    0x080025c8   0x080025c8   0x00000020   Code   RO         2360    i.SD_initialize     sd_diskio.o
    0x080025e8   0x080025e8   0x00000050   Code   RO         2361    i.SD_ioctl          sd_diskio.o
    0x08002638   0x08002638   0x0000001e   Code   RO         2362    i.SD_read           sd_diskio.o
    0x08002656   0x08002656   0x00000002   PAD
    0x08002658   0x08002658   0x00000020   Code   RO         2363    i.SD_status         sd_diskio.o
    0x08002678   0x08002678   0x0000001e   Code   RO         2364    i.SD_write          sd_diskio.o
    0x08002696   0x08002696   0x0000000e   Code   RO          135    i.SysTick_Handler   stm32f4xx_it.o
    0x080026a4   0x080026a4   0x00000094   Code   RO          198    i.SystemClock_Config  main.o
    0x08002738   0x08002738   0x00000054   Code   RO         1860    i.SystemInit        system_stm32f4xx.o
    0x0800278c   0x0800278c   0x00000002   Code   RO          136    i.UsageFault_Handler  stm32f4xx_it.o
    0x0800278e   0x0800278e   0x00000030   Code   RO         2463    i.__ARM_fpclassify  m_wm.l(fpclassify.o)
    0x080027be   0x080027be   0x00000002   PAD
    0x080027c0   0x080027c0   0x00000c50   Code   RO         2416    i.__hardfp_pow      m_wm.l(pow.o)
    0x08003410   0x08003410   0x000000f8   Code   RO         2465    i.__kernel_poly     m_wm.l(poly.o)
    0x08003508   0x08003508   0x00000030   Code   RO         2443    i.__mathlib_dbl_divzero  m_wm.l(dunder.o)
    0x08003538   0x08003538   0x00000014   Code   RO         2445    i.__mathlib_dbl_infnan2  m_wm.l(dunder.o)
    0x0800354c   0x0800354c   0x00000004   PAD
    0x08003550   0x08003550   0x00000020   Code   RO         2446    i.__mathlib_dbl_invalid  m_wm.l(dunder.o)
    0x08003570   0x08003570   0x00000020   Code   RO         2447    i.__mathlib_dbl_overflow  m_wm.l(dunder.o)
    0x08003590   0x08003590   0x00000020   Code   RO         2449    i.__mathlib_dbl_underflow  m_wm.l(dunder.o)
    0x080035b0   0x080035b0   0x0000000e   Code   RO         2528    i.__scatterload_copy  mc_w.l(handlers.o)
    0x080035be   0x080035be   0x00000002   Code   RO         2529    i.__scatterload_null  mc_w.l(handlers.o)
    0x080035c0   0x080035c0   0x0000000e   Code   RO         2530    i.__scatterload_zeroinit  mc_w.l(handlers.o)
    0x080035ce   0x080035ce   0x00000002   PAD
    0x080035d0   0x080035d0   0x0000000c   Code   RO         2502    i.__set_errno       mc_w.l(errno.o)
    0x080035dc   0x080035dc   0x00000060   Code   RO         1934    i.check_fs          ff.o
    0x0800363c   0x0800363c   0x0000006c   Code   RO         1935    i.chk_lock          ff.o
    0x080036a8   0x080036a8   0x00000024   Code   RO         1936    i.clear_lock        ff.o
    0x080036cc   0x080036cc   0x0000002a   Code   RO         1937    i.clmt_clust        ff.o
    0x080036f6   0x080036f6   0x0000001e   Code   RO         1938    i.clust2sect        ff.o
    0x08003714   0x08003714   0x000000b0   Code   RO         1939    i.create_chain      ff.o
    0x080037c4   0x080037c4   0x00000100   Code   RO         1940    i.create_name       ff.o
    0x080038c4   0x080038c4   0x0000003c   Code   RO         1941    i.dec_lock          ff.o
    0x08003900   0x08003900   0x0000011e   Code   RO         1942    i.dir_next          ff.o
    0x08003a1e   0x08003a1e   0x00000076   Code   RO         1944    i.dir_register      ff.o
    0x08003a94   0x08003a94   0x00000098   Code   RO         1946    i.dir_sdi           ff.o
    0x08003b2c   0x08003b2c   0x00000028   Code   RO         2254    i.disk_initialize   diskio.o
    0x08003b54   0x08003b54   0x0000001c   Code   RO         2255    i.disk_ioctl        diskio.o
    0x08003b70   0x08003b70   0x0000001c   Code   RO         2256    i.disk_read         diskio.o
    0x08003b8c   0x08003b8c   0x00000018   Code   RO         2257    i.disk_status       diskio.o
    0x08003ba4   0x08003ba4   0x0000001c   Code   RO         2258    i.disk_write        diskio.o
    0x08003bc0   0x08003bc0   0x0000002a   Code   RO         1948    i.f_close           ff.o
    0x08003bea   0x08003bea   0x00000044   Code   RO         1951    i.f_gets            ff.o
    0x08003c2e   0x08003c2e   0x00000002   PAD
    0x08003c30   0x08003c30   0x0000005c   Code   RO         1955    i.f_mount           ff.o
    0x08003c8c   0x08003c8c   0x000001a0   Code   RO         1956    i.f_open            ff.o
    0x08003e2c   0x08003e2c   0x000001ea   Code   RO         1958    i.f_printf          ff.o
    0x08004016   0x08004016   0x00000002   PAD
    0x08004018   0x08004018   0x0000018c   Code   RO         1961    i.f_read            ff.o
    0x080041a4   0x080041a4   0x000000b8   Code   RO         1965    i.f_sync            ff.o
    0x0800425c   0x0800425c   0x000001d6   Code   RO         1969    i.f_write           ff.o
    0x08004432   0x08004432   0x00000018   Code   RO         2459    i.fabs              m_wm.l(fabs.o)
    0x0800444a   0x0800444a   0x00000002   PAD
    0x0800444c   0x0800444c   0x00000258   Code   RO         1970    i.find_volume       ff.o
    0x080046a4   0x080046a4   0x000000c0   Code   RO         1971    i.follow_path       ff.o
    0x08004764   0x08004764   0x000000c2   Code   RO         1972    i.get_fat           ff.o
    0x08004826   0x08004826   0x00000004   Code   RO          483    i.get_fattime       fatfs.o
    0x0800482a   0x0800482a   0x0000003c   Code   RO         1974    i.get_ldnumber      ff.o
    0x08004866   0x08004866   0x00000002   PAD
    0x08004868   0x08004868   0x000000a0   Code   RO         1975    i.inc_lock          ff.o
    0x08004908   0x08004908   0x00000014   Code   RO         1976    i.ld_clust          ff.o
    0x0800491c   0x0800491c   0x00000038   Code   RO          199    i.main              main.o
    0x08004954   0x08004954   0x00000012   Code   RO         1977    i.mem_cpy           ff.o
    0x08004966   0x08004966   0x0000000e   Code   RO         1978    i.mem_set           ff.o
    0x08004974   0x08004974   0x00000036   Code   RO         1979    i.move_window       ff.o
    0x080049aa   0x080049aa   0x000000f8   Code   RO         1980    i.put_fat           ff.o
    0x08004aa2   0x08004aa2   0x0000003a   Code   RO         1981    i.putc_bfd          ff.o
    0x08004adc   0x08004adc   0x0000006e   Code   RO         1982    i.remove_chain      ff.o
    0x08004b4a   0x08004b4a   0x0000006e   Code   RO         2470    i.sqrt              m_wm.l(sqrt.o)
    0x08004bb8   0x08004bb8   0x00000010   Code   RO         1983    i.st_clust          ff.o
    0x08004bc8   0x08004bc8   0x000000b6   Code   RO         1984    i.sync_fs           ff.o
    0x08004c7e   0x08004c7e   0x00000060   Code   RO         1985    i.sync_window       ff.o
    0x08004cde   0x08004cde   0x0000002c   Code   RO         1986    i.validate          ff.o
    0x08004d0a   0x08004d0a   0x00000010   Data   RO         1106    .constdata          stm32f4xx_hal_rcc.o
    0x08004d1a   0x08004d1a   0x000000ac   Data   RO         1988    .constdata          ff.o
    0x08004dc6   0x08004dc6   0x00000002   PAD
    0x08004dc8   0x08004dc8   0x00000014   Data   RO         2365    .constdata          sd_diskio.o
    0x08004ddc   0x08004ddc   0x00000004   PAD
    0x08004de0   0x08004de0   0x00000088   Data   RO         2419    .constdata          m_wm.l(pow.o)
    0x08004e68   0x08004e68   0x00000008   Data   RO         2467    .constdata          m_wm.l(qnan.o)
    0x08004e70   0x08004e70   0x00000020   Data   RO         2526    Region$$Table       anon$$obj.o


    Execution Region RW_IRAM1 (Exec base: 0x20000000, Load base: 0x08004e90, Size: 0x00005de0, Max: 0x00020000, ABSOLUTE)

    Exec Addr    Load Addr    Size         Type   Attr      Idx    E Section Name        Object

    0x20000000   0x08004e90   0x0000002a   Data   RW          202    .data               main.o
    0x2000002a   0x08004eba   0x00000005   Data   RW          484    .data               fatfs.o
    0x2000002f   0x08004ebf   0x00000001   PAD
    0x20000030   0x08004ec0   0x00000004   Data   RW          817    .data               stm32f4xx_hal.o
    0x20000034   0x08004ec4   0x00000004   Data   RW         1862    .data               system_stm32f4xx.o
    0x20000038   0x08004ec8   0x00000008   Data   RW         1989    .data               ff.o
    0x20000040   0x08004ed0   0x00000001   Data   RW         2366    .data               sd_diskio.o
    0x20000041   0x08004ed1   0x00000003   PAD
    0x20000044   0x08004ed4   0x00000004   Data   RW         2503    .data               mc_w.l(errno.o)
    0x20000048        -       0x00001cf8   Zero   RW          200    .bss                main.o
    0x20001d40        -       0x00000058   Zero   RW          201    .bss                main.o
    0x20001d98        -       0x00000020   Zero   RW         1406    .bss                stm32f4xx_hal_flash.o
    0x20001db8        -       0x00000018   Zero   RW         1987    .bss                ff.o
    0x20001dd0        -       0x0000000c   Zero   RW         2314    .bss                ff_gen_drv.o
    0x20001ddc   0x08004ed8   0x00000004   PAD
    0x20001de0        -       0x00004000   Zero   RW         1893    STACK               startup_stm32f407xx.o


==============================================================================

Image component sizes


      Code (inc. data)   RO Data    RW Data    ZI Data      Debug   Object Name

       128         30          0          0          0       3410   bsp_driver_sd.o
       148         22          0          0          0       3897   diskio.o
        32         10          0          5          0       1514   fatfs.o
      5584         70        172          8         24      39079   ff.o
        70          4          0          0         12       1715   ff_gen_drv.o
      1346        156          0         42       7504      15701   main.o
       204         18         20          1          0       4456   sd_diskio.o
        36          8        392          0      16384        832   startup_stm32f407xx.o
       190         20          0          4          0       5544   stm32f4xx_hal.o
       206         14          0          0          0      31700   stm32f4xx_hal_cortex.o
       552         66          0          0         32       6946   stm32f4xx_hal_flash.o
        88          4          0          0          0        769   stm32f4xx_hal_flash_ex.o
       458         50          0          0          0       2612   stm32f4xx_hal_gpio.o
       168         16          0          0          0     358567   stm32f4xx_hal_msp.o
      1224         48         16          0          0       4905   stm32f4xx_hal_rcc.o
        88         18          0          0          0        617   stm32f4xx_hal_rcc_ex.o
      3194         20          0          0          0      18210   stm32f4xx_hal_sd.o
        26          0          0          0          0       3419   stm32f4xx_it.o
       158          4          0          0          0       6341   stm32f4xx_ll_sdmmc.o
        84         18          0          4          0       1421   system_stm32f4xx.o

    ----------------------------------------------------------------------
     14004        596        638         68      23960     511655   Object Totals
         0          0         32          0          0          0   (incl. Generated)
        20          0          6          4          4          0   (incl. Padding)

    ----------------------------------------------------------------------

      Code (inc. data)   RO Data    RW Data    ZI Data      Debug   Library Member Name

       164         44          0          0          0        620   dunder.o
        24          0          0          0          0        124   fabs.o
        48          0          0          0          0        124   fpclassify.o
       248          0          0          0          0        152   poly.o
      3152        296        136          0          0        352   pow.o
         0          0          8          0          0          0   qnan.o
       110          0          0          0          0        148   sqrt.o
         0          0          0          0          0          0   entry.o
         0          0          0          0          0          0   entry10a.o
         0          0          0          0          0          0   entry11a.o
         8          4          0          0          0          0   entry2.o
         4          0          0          0          0          0   entry5.o
         0          0          0          0          0          0   entry7b.o
         0          0          0          0          0          0   entry8b.o
         8          4          0          0          0          0   entry9a.o
        12          6          0          4          0         68   errno.o
        30          0          0          0          0          0   handlers.o
        36          8          0          0          0         68   init.o
         0          0          0          0          0          0   iusefp.o
        30          0          0          0          0         68   llshl.o
        36          0          0          0          0         68   llsshr.o
        32          0          0          0          0         68   llushr.o
        36          0          0          0          0        108   memseta.o
        48          0          0          0          0         68   cdrcmple.o
       334          0          0          0          0        148   dadd.o
       222          0          0          0          0        100   ddiv.o
       186          0          0          0          0        176   depilogue.o
        50          0          0          0          0         76   dfixui.o
        34          0          0          0          0         76   dflti.o
        26          0          0          0          0         76   dfltui.o
       228          0          0          0          0         96   dmul.o
        46          0          0          0          0         80   dscalb.o
       162          0          0          0          0        100   dsqrt.o

    ----------------------------------------------------------------------
      5326        362        144          4          0       2964   Library Totals
        12          0          0          0          0          0   (incl. Padding)

    ----------------------------------------------------------------------

      Code (inc. data)   RO Data    RW Data    ZI Data      Debug   Library Name

      3746        340        144          0          0       1520   m_wm.l
       232         22          0          4          0        448   mc_w.l
      1336          0          0          0          0        996   mf_w.l

    ----------------------------------------------------------------------
      5326        362        144          4          0       2964   Library Totals

    ----------------------------------------------------------------------

==============================================================================


      Code (inc. data)   RO Data    RW Data    ZI Data      Debug   

     19330        958        782         72      23960     501547   Grand Totals
     19330        958        782         72      23960     501547   ELF Image Totals
     19330        958        782         72          0          0   ROM Totals

==============================================================================

    Total RO  Size (Code + RO Data)                20112 (  19.64kB)
    Total RW  Size (RW Data + ZI Data)             24032 (  23.47kB)
    Total ROM Size (Code + RO Data + RW Data)      20184 (  19.71kB)

==============================================================================

