Component: ARM Compiler 5.06 update 6 (build 750) Tool: armlink [4d35ed]

==============================================================================

Section Cross References

    stm32f4xx_hal_dma.o(i.DMA_CalcBaseAndBitshift) refers to stm32f4xx_hal_dma.o(.constdata) for .constdata
    stm32f4xx_hal_dma.o(i.HAL_DMA_Abort) refers to stm32f4xx_hal.o(i.HAL_GetTick) for HAL_GetTick
    stm32f4xx_hal_dma.o(i.HAL_DMA_DeInit) refers to stm32f4xx_hal_dma.o(i.DMA_CalcBaseAndBitshift) for DMA_CalcBaseAndBitshift
    stm32f4xx_hal_dma.o(i.HAL_DMA_Init) refers to stm32f4xx_hal_dma.o(i.DMA_CalcBaseAndBitshift) for DMA_CalcBaseAndBitshift
    stm32f4xx_hal_dma.o(i.HAL_DMA_PollForTransfer) refers to stm32f4xx_hal.o(i.HAL_GetTick) for HAL_GetTick
    stm32f4xx_hal_dma.o(i.HAL_DMA_Start) refers to stm32f4xx_hal_dma.o(i.DMA_SetConfig) for DMA_SetConfig
    stm32f4xx_hal_dma.o(i.HAL_DMA_Start_IT) refers to stm32f4xx_hal_dma.o(i.DMA_SetConfig) for DMA_SetConfig
    stm32f4xx_hal_dma_ex.o(i.HAL_DMAEx_MultiBufferStart) refers to stm32f4xx_hal_dma_ex.o(i.DMA_MultiBufferSetConfig) for DMA_MultiBufferSetConfig
    stm32f4xx_hal_dma_ex.o(i.HAL_DMAEx_MultiBufferStart_IT) refers to stm32f4xx_hal_dma_ex.o(i.DMA_MultiBufferSetConfig) for DMA_MultiBufferSetConfig
    stm32f4xx_hal_cortex.o(i.HAL_NVIC_SetPriority) refers to stm32f4xx_hal_cortex.o(i.NVIC_SetPriority) for NVIC_SetPriority
    stm32f4xx_hal_cortex.o(i.HAL_SYSTICK_Config) refers to stm32f4xx_hal_cortex.o(i.NVIC_SetPriority) for NVIC_SetPriority
    stm32f4xx_hal_cortex.o(i.HAL_SYSTICK_IRQHandler) refers to stm32f4xx_hal_cortex.o(i.HAL_SYSTICK_Callback) for HAL_SYSTICK_Callback
    stm32f4xx_hal_gpio.o(i.HAL_GPIO_EXTI_IRQHandler) refers to stm32f4xx_hal_gpio.o(i.HAL_GPIO_EXTI_Callback) for HAL_GPIO_EXTI_Callback
    stm32f4xx_hal_sd.o(i.HAL_SD_CheckReadOperation) refers to stm32f4xx_hal_sd.o(i.HAL_SD_StopTransfer) for HAL_SD_StopTransfer
    stm32f4xx_hal_sd.o(i.HAL_SD_CheckWriteOperation) refers to stm32f4xx_hal_sd.o(i.HAL_SD_StopTransfer) for HAL_SD_StopTransfer
    stm32f4xx_hal_sd.o(i.HAL_SD_CheckWriteOperation) refers to stm32f4xx_hal_sd.o(i.HAL_SD_GetStatus) for HAL_SD_GetStatus
    stm32f4xx_hal_sd.o(i.HAL_SD_DeInit) refers to stm32f4xx_ll_sdmmc.o(i.SDIO_PowerState_OFF) for SDIO_PowerState_OFF
    stm32f4xx_hal_sd.o(i.HAL_SD_DeInit) refers to stm32f4xx_hal_msp.o(i.HAL_SD_MspDeInit) for HAL_SD_MspDeInit
    stm32f4xx_hal_sd.o(i.HAL_SD_Erase) refers to stm32f4xx_ll_sdmmc.o(i.SDIO_GetResponse) for SDIO_GetResponse
    stm32f4xx_hal_sd.o(i.HAL_SD_Erase) refers to stm32f4xx_ll_sdmmc.o(i.SDIO_SendCommand) for SDIO_SendCommand
    stm32f4xx_hal_sd.o(i.HAL_SD_Erase) refers to stm32f4xx_hal_sd.o(i.SD_CmdResp1Error) for SD_CmdResp1Error
    stm32f4xx_hal_sd.o(i.HAL_SD_Erase) refers to stm32f4xx_hal_sd.o(i.SD_IsCardProgramming) for SD_IsCardProgramming
    stm32f4xx_hal_sd.o(i.HAL_SD_GetCardStatus) refers to stm32f4xx_hal_sd.o(i.HAL_SD_SendSDStatus) for HAL_SD_SendSDStatus
    stm32f4xx_hal_sd.o(i.HAL_SD_GetStatus) refers to stm32f4xx_ll_sdmmc.o(i.SDIO_SendCommand) for SDIO_SendCommand
    stm32f4xx_hal_sd.o(i.HAL_SD_GetStatus) refers to stm32f4xx_hal_sd.o(i.SD_CmdResp1Error) for SD_CmdResp1Error
    stm32f4xx_hal_sd.o(i.HAL_SD_GetStatus) refers to stm32f4xx_ll_sdmmc.o(i.SDIO_GetResponse) for SDIO_GetResponse
    stm32f4xx_hal_sd.o(i.HAL_SD_HighSpeed) refers to memseta.o(.text) for __aeabi_memclr4
    stm32f4xx_hal_sd.o(i.HAL_SD_HighSpeed) refers to stm32f4xx_hal_sd.o(i.SD_FindSCR) for SD_FindSCR
    stm32f4xx_hal_sd.o(i.HAL_SD_HighSpeed) refers to stm32f4xx_ll_sdmmc.o(i.SDIO_SendCommand) for SDIO_SendCommand
    stm32f4xx_hal_sd.o(i.HAL_SD_HighSpeed) refers to stm32f4xx_hal_sd.o(i.SD_CmdResp1Error) for SD_CmdResp1Error
    stm32f4xx_hal_sd.o(i.HAL_SD_HighSpeed) refers to stm32f4xx_ll_sdmmc.o(i.SDIO_DataConfig) for SDIO_DataConfig
    stm32f4xx_hal_sd.o(i.HAL_SD_HighSpeed) refers to stm32f4xx_ll_sdmmc.o(i.SDIO_ReadFIFO) for SDIO_ReadFIFO
    stm32f4xx_hal_sd.o(i.HAL_SD_IRQHandler) refers to stm32f4xx_hal_sd.o(i.HAL_SD_XferCpltCallback) for HAL_SD_XferCpltCallback
    stm32f4xx_hal_sd.o(i.HAL_SD_IRQHandler) refers to stm32f4xx_hal_sd.o(i.HAL_SD_XferErrorCallback) for HAL_SD_XferErrorCallback
    stm32f4xx_hal_sd.o(i.HAL_SD_Init) refers to stm32f4xx_hal_msp.o(i.HAL_SD_MspInit) for HAL_SD_MspInit
    stm32f4xx_hal_sd.o(i.HAL_SD_Init) refers to stm32f4xx_ll_sdmmc.o(i.SDIO_Init) for SDIO_Init
    stm32f4xx_hal_sd.o(i.HAL_SD_Init) refers to stm32f4xx_hal_sd.o(i.SD_PowerON) for SD_PowerON
    stm32f4xx_hal_sd.o(i.HAL_SD_Init) refers to stm32f4xx_hal_sd.o(i.SD_Initialize_Cards) for SD_Initialize_Cards
    stm32f4xx_hal_sd.o(i.HAL_SD_Init) refers to stm32f4xx_hal_sd.o(i.HAL_SD_Get_CardInfo) for HAL_SD_Get_CardInfo
    stm32f4xx_hal_sd.o(i.HAL_SD_Init) refers to stm32f4xx_ll_sdmmc.o(i.SDIO_SendCommand) for SDIO_SendCommand
    stm32f4xx_hal_sd.o(i.HAL_SD_Init) refers to stm32f4xx_hal_sd.o(i.SD_CmdResp1Error) for SD_CmdResp1Error
[...]
    Removing stm32f4xx_hal_pwr.o(i.HAL_PWR_ConfigPVD), (124 bytes).
    Removing stm32f4xx_hal_pwr.o(i.HAL_PWR_DeInit), (24 bytes).
    Removing stm32f4xx_hal_pwr.o(i.HAL_PWR_DisableBkUpAccess), (28 bytes).
    Removing stm32f4xx_hal_pwr.o(i.HAL_PWR_DisablePVD), (24 bytes).
    Removing stm32f4xx_hal_pwr.o(i.HAL_PWR_DisableSEVOnPend), (16 bytes).
    Removing stm32f4xx_hal_pwr.o(i.HAL_PWR_DisableSleepOnExit), (16 bytes).
    Removing stm32f4xx_hal_pwr.o(i.HAL_PWR_DisableWakeUpPin), (16 bytes).
    Removing stm32f4xx_hal_pwr.o(i.HAL_PWR_EnableBkUpAccess), (24 bytes).
    Removing stm32f4xx_hal_pwr.o(i.HAL_PWR_EnablePVD), (24 bytes).
    Removing stm32f4xx_hal_pwr.o(i.HAL_PWR_EnableSEVOnPend), (16 bytes).
    Removing stm32f4xx_hal_pwr.o(i.HAL_PWR_EnableSleepOnExit), (16 bytes).
    Removing stm32f4xx_hal_pwr.o(i.HAL_PWR_EnableWakeUpPin), (16 bytes).
    Removing stm32f4xx_hal_pwr.o(i.HAL_PWR_EnterSLEEPMode), (32 bytes).
    Removing stm32f4xx_hal_pwr.o(i.HAL_PWR_EnterSTANDBYMode), (32 bytes).
    Removing stm32f4xx_hal_pwr.o(i.HAL_PWR_EnterSTOPMode), (56 bytes).
    Removing stm32f4xx_hal_pwr.o(i.HAL_PWR_PVDCallback), (2 bytes).
    Removing stm32f4xx_hal_pwr.o(i.HAL_PWR_PVD_IRQHandler), (28 bytes).
    Removing stm32f4xx_hal_pwr_ex.o(.rev16_text), (4 bytes).
    Removing stm32f4xx_hal_pwr_ex.o(.revsh_text), (4 bytes).
    Removing stm32f4xx_hal_pwr_ex.o(.rrx_text), (6 bytes).
    Removing stm32f4xx_hal_pwr_ex.o(i.HAL_PWREx_ControlVoltageScaling), (88 bytes).
    Removing stm32f4xx_hal_pwr_ex.o(i.HAL_PWREx_DisableBkUpReg), (76 bytes).
    Removing stm32f4xx_hal_pwr_ex.o(i.HAL_PWREx_DisableFlashPowerDown), (28 bytes).
    Removing stm32f4xx_hal_pwr_ex.o(i.HAL_PWREx_EnableBkUpReg), (76 bytes).
    Removing stm32f4xx_hal_pwr_ex.o(i.HAL_PWREx_EnableFlashPowerDown), (24 bytes).
    Removing stm32f4xx_hal_pwr_ex.o(i.HAL_PWREx_GetVoltageRange), (16 bytes).
    Removing stm32f4xx_hal_flash_ex.o(.rev16_text), (4 bytes).
    Removing stm32f4xx_hal_flash_ex.o(.revsh_text), (4 bytes).
    Removing stm32f4xx_hal_flash_ex.o(.rrx_text), (6 bytes).
    Removing stm32f4xx_hal_flash_ex.o(i.FLASH_Erase_Sector), (88 bytes).
    Removing stm32f4xx_hal_flash_ex.o(i.FLASH_FlushCaches), (84 bytes).
    Removing stm32f4xx_hal_flash_ex.o(i.FLASH_MassErase), (40 bytes).
    Removing stm32f4xx_hal_flash_ex.o(i.HAL_FLASHEx_Erase), (152 bytes).
    Removing stm32f4xx_hal_flash_ex.o(i.HAL_FLASHEx_Erase_IT), (104 bytes).
    Removing stm32f4xx_hal_flash_ex.o(i.HAL_FLASHEx_OBGetConfig), (64 bytes).
    Removing stm32f4xx_hal_flash_ex.o(i.HAL_FLASHEx_OBProgram), (204 bytes).
    Removing stm32f4xx_hal_tim_ex.o(.rev16_text), (4 bytes).
    Removing stm32f4xx_hal_tim_ex.o(.revsh_text), (4 bytes).
    Removing stm32f4xx_hal_tim_ex.o(.rrx_text), (6 bytes).
    Removing stm32f4xx_ll_sdmmc.o(.rev16_text), (4 bytes).
    Removing stm32f4xx_ll_sdmmc.o(.revsh_text), (4 bytes).
    Removing stm32f4xx_ll_sdmmc.o(.rrx_text), (6 bytes).
    Removing stm32f4xx_ll_sdmmc.o(i.SDIO_GetDataCounter), (4 bytes).
    Removing stm32f4xx_ll_sdmmc.o(i.SDIO_GetFIFOCount), (6 bytes).
    Removing stm32f4xx_ll_sdmmc.o(i.SDIO_PowerState_OFF), (8 bytes).
    Removing stm32f4xx_ll_sdmmc.o(i.SDIO_SetSDIOReadWaitMode), (12 bytes).
    Removing stm32f4xx_hal_rcc.o(.rev16_text), (4 bytes).
    Removing stm32f4xx_hal_rcc.o(.revsh_text), (4 bytes).
    Removing stm32f4xx_hal_rcc.o(.rrx_text), (6 bytes).
    Removing stm32f4xx_hal_rcc.o(i.HAL_RCC_CSSCallback), (2 bytes).
    Removing stm32f4xx_hal_rcc.o(i.HAL_RCC_DeInit), (2 bytes).
    Removing stm32f4xx_hal_rcc.o(i.HAL_RCC_DisableCSS), (12 bytes).
    Removing stm32f4xx_hal_rcc.o(i.HAL_RCC_EnableCSS), (12 bytes).
    Removing stm32f4xx_hal_rcc.o(i.HAL_RCC_GetClockConfig), (64 bytes).
    Removing stm32f4xx_hal_rcc.o(i.HAL_RCC_GetOscConfig), (224 bytes).
    Removing stm32f4xx_hal_rcc.o(i.HAL_RCC_GetPCLK1Freq), (44 bytes).
    Removing stm32f4xx_hal_rcc.o(i.HAL_RCC_GetPCLK2Freq), (44 bytes).
    Removing stm32f4xx_hal_rcc.o(i.HAL_RCC_MCOConfig), (140 bytes).
    Removing stm32f4xx_hal_rcc.o(i.HAL_RCC_NMI_IRQHandler), (28 bytes).
    Removing ff.o(.rev16_text), (4 bytes).
    Removing ff.o(.revsh_text), (4 bytes).
    Removing ff.o(.rrx_text), (6 bytes).
    Removing ff.o(i.dir_read), (102 bytes).
    Removing ff.o(i.dir_remove), (66 bytes).
    Removing ff.o(i.f_chmod), (82 bytes).
    Removing ff.o(i.f_closedir), (36 bytes).
    Removing ff.o(i.f_getfree), (200 bytes).
    Removing ff.o(i.f_lseek), (644 bytes).
    Removing ff.o(i.f_mkdir), (356 bytes).
    Removing ff.o(i.f_mkfs), (1334 bytes).
    Removing ff.o(i.f_opendir), (148 bytes).
    Removing ff.o(i.f_putc), (60 bytes).
    Removing ff.o(i.f_puts), (70 bytes).
    Removing ff.o(i.f_readdir), (82 bytes).
    Removing ff.o(i.f_rename), (298 bytes).
    Removing ff.o(i.f_stat), (64 bytes).
    Removing ff.o(i.f_truncate), (216 bytes).
    Removing ff.o(i.f_unlink), (170 bytes).
    Removing ff.o(i.f_utime), (86 bytes).
    Removing ff.o(i.get_fileinfo), (80 bytes).
    Removing diskio.o(.rev16_text), (4 bytes).
    Removing diskio.o(.revsh_text), (4 bytes).
    Removing diskio.o(.rrx_text), (6 bytes).
    Removing diskio.o(i.get_fattime), (4 bytes).
    Removing sd_diskio.o(.rev16_text), (4 bytes).
    Removing sd_diskio.o(.revsh_text), (4 bytes).
    Removing sd_diskio.o(.rrx_text), (6 bytes).
    Removing syscall.o(.rev16_text), (4 bytes).
    Removing syscall.o(.revsh_text), (4 bytes).
    Removing syscall.o(.rrx_text), (6 bytes).
    Removing ff_gen_drv.o(.rev16_text), (4 bytes).
    Removing ff_gen_drv.o(.revsh_text), (4 bytes).
    Removing ff_gen_drv.o(.rrx_text), (6 bytes).
    Removing ff_gen_drv.o(i.FATFS_GetAttachedDriversNbr), (12 bytes).
    Removing ff_gen_drv.o(i.FATFS_UnLinkDriver), (6 bytes).
    Removing ff_gen_drv.o(i.FATFS_UnLinkDriverEx), (52 bytes).
    Removing system_stm32f4xx.o(.rev16_text), (4 bytes).
    Removing system_stm32f4xx.o(.revsh_text), (4 bytes).
    Removing system_stm32f4xx.o(.rrx_text), (6 bytes).
    Removing system_stm32f4xx.o(i.SystemCoreClockUpdate), (120 bytes).
    Removing system_stm32f4xx.o(.constdata), (16 bytes).
    Removing main.o(.rev16_text), (4 bytes).
    Removing main.o(.revsh_text), (4 bytes).
    Removing main.o(.rrx_text), (6 bytes).
    Removing stm32f4xx_hal_msp.o(.rev16_text), (4 bytes).
    Removing stm32f4xx_hal_msp.o(.revsh_text), (4 bytes).
    Removing stm32f4xx_hal_msp.o(.rrx_text), (6 bytes).
    Removing stm32f4xx_hal_msp.o(i.HAL_SD_MspDeInit), (68 bytes).
    Removing stm32f4xx_it.o(.rev16_text), (4 bytes).
    Removing stm32f4xx_it.o(.revsh_text), (4 bytes).
    Removing stm32f4xx_it.o(.rrx_text), (6 bytes).
    Removing bsp_driver_sd.o(.rev16_text), (4 bytes).
    Removing bsp_driver_sd.o(.revsh_text), (4 bytes).
    Removing bsp_driver_sd.o(.rrx_text), (6 bytes).
    Removing bsp_driver_sd.o(i.BSP_SD_DMA_Rx_IRQHandler), (12 bytes).
    Removing bsp_driver_sd.o(i.BSP_SD_DMA_Tx_IRQHandler), (12 bytes).
    Removing bsp_driver_sd.o(i.BSP_SD_DetectCallback), (2 bytes).
    Removing bsp_driver_sd.o(i.BSP_SD_DetectIT), (2 bytes).
    Removing bsp_driver_sd.o(i.BSP_SD_Erase), (28 bytes).
    Removing bsp_driver_sd.o(i.BSP_SD_IRQHandler), (12 bytes).
    Removing bsp_driver_sd.o(i.BSP_SD_ITConfig), (4 bytes).
    Removing bsp_driver_sd.o(i.BSP_SD_IsDetected), (14 bytes).
    Removing bsp_driver_sd.o(i.BSP_SD_ReadBlocks_DMA), (52 bytes).
    Removing bsp_driver_sd.o(i.BSP_SD_WriteBlocks_DMA), (52 bytes).
    Removing fatfs.o(.rev16_text), (4 bytes).
    Removing fatfs.o(.revsh_text), (4 bytes).
    Removing fatfs.o(.rrx_text), (6 bytes).
    Removing dneg.o(.text), (6 bytes).
    Removing cdcmple.o(.text), (48 bytes).

254 unused section(s) (total 13594 bytes) removed from the image.

==============================================================================

Image Symbol Table

    Local Symbols

    Symbol Name                              Value     Ov Type        Size  Object(Section)

    ../Drivers/CMSIS/Device/ST/STM32F4xx/Source/Templates/system_stm32f4xx.c 0x00000000   Number         0  system_stm32f4xx.o ABSOLUTE
    ../Drivers/STM32F4xx_HAL_Driver/Src/stm32f4xx_hal.c 0x00000000   Number         0  stm32f4xx_hal.o ABSOLUTE
    ../Drivers/STM32F4xx_HAL_Driver/Src/stm32f4xx_hal_cortex.c 0x00000000   Number         0  stm32f4xx_hal_cortex.o ABSOLUTE
    ../Drivers/STM32F4xx_HAL_Driver/Src/stm32f4xx_hal_dma.c 0x00000000   Number         0  stm32f4xx_hal_dma.o ABSOLUTE
    ../Drivers/STM32F4xx_HAL_Driver/Src/stm32f4xx_hal_dma_ex.c 0x00000000   Number         0  stm32f4xx_hal_dma_ex.o ABSOLUTE
    ../Drivers/STM32F4xx_HAL_Driver/Src/stm32f4xx_hal_flash.c 0x00000000   Number         0  stm32f4xx_hal_flash.o ABSOLUTE
    ../Drivers/STM32F4xx_HAL_Driver/Src/stm32f4xx_hal_flash_ex.c 0x00000000   Number         0  stm32f4xx_hal_flash_ex.o ABSOLUTE
    ../Drivers/STM32F4xx_HAL_Driver/Src/stm32f4xx_hal_flash_ramfunc.c 0x00000000   Number         0  stm32f4xx_hal_flash_ramfunc.o ABSOLUTE
    ../Drivers/STM32F4xx_HAL_Driver/Src/stm32f4xx_hal_gpio.c 0x00000000   Number         0  stm32f4xx_hal_gpio.o ABSOLUTE
    ../Drivers/STM32F4xx_HAL_Driver/Src/stm32f4xx_hal_pwr.c 0x00000000   Number         0  stm32f4xx_hal_pwr.o ABSOLUTE
    ../Drivers/STM32F4xx_HAL_Driver/Src/stm32f4xx_hal_pwr_ex.c 0x00000000   Number         0  stm32f4xx_hal_pwr_ex.o ABSOLUTE
    ../Drivers/STM32F4xx_HAL_Driver/Src/stm32f4xx_hal_rcc.c 0x00000000   Number         0  stm32f4xx_hal_rcc.o ABSOLUTE
    ../Drivers/STM32F4xx_HAL_Driver/Src/stm32f4xx_hal_rcc_ex.c 0x00000000   Number         0  stm32f4xx_hal_rcc_ex.o ABSOLUTE
    ../Drivers/STM32F4xx_HAL_Driver/Src/stm32f4xx_hal_sd.c 0x00000000   Number         0  stm32f4xx_hal_sd.o ABSOLUTE
    ../Drivers/STM32F4xx_HAL_Driver/Src/stm32f4xx_hal_tim.c 0x00000000   Number         0  stm32f4xx_hal_tim.o ABSOLUTE
    ../Drivers/STM32F4xx_HAL_Driver/Src/stm32f4xx_hal_tim_ex.c 0x00000000   Number         0  stm32f4xx_hal_tim_ex.o ABSOLUTE
    ../Drivers/STM32F4xx_HAL_Driver/Src/stm32f4xx_ll_sdmmc.c 0x00000000   Number         0  stm32f4xx_ll_sdmmc.o ABSOLUTE
    ../Middlewares/Third_Party/FatFs/src/diskio.c 0x00000000   Number         0  diskio.o ABSOLUTE
    ../Middlewares/Third_Party/FatFs/src/drivers/sd_diskio.c 0x00000000   Number         0  sd_diskio.o ABSOLUTE
    ../Middlewares/Third_Party/FatFs/src/ff.c 0x00000000   Number         0  ff.o ABSOLUTE
    ../Middlewares/Third_Party/FatFs/src/ff_gen_drv.c 0x00000000   Number         0  ff_gen_drv.o ABSOLUTE
    ../Middlewares/Third_Party/FatFs/src/option/syscall.c 0x00000000   Number         0  syscall.o ABSOLUTE
    ../Src/bsp_driver_sd.c                   0x00000000   Number         0  bsp_driver_sd.o ABSOLUTE
    ../Src/fatfs.c                           0x00000000   Number         0  fatfs.o ABSOLUTE
    ../Src/main.c                            0x00000000   Number         0  main.o ABSOLUTE
    ../Src/stm32f4xx_hal_msp.c               0x00000000   Number         0  stm32f4xx_hal_msp.o ABSOLUTE
    ../Src/stm32f4xx_it.c                    0x00000000   Number         0  stm32f4xx_it.o ABSOLUTE
    ../clib/microlib/errno.c                 0x00000000   Number         0  errno.o ABSOLUTE
    ../clib/microlib/init/entry.s            0x00000000   Number         0  entry8b.o ABSOLUTE
    ../clib/microlib/init/entry.s            0x00000000   Number         0  entry9a.o ABSOLUTE
    ../clib/microlib/init/entry.s            0x00000000   Number         0  entry9b.o ABSOLUTE
    ../clib/microlib/init/entry.s            0x00000000   Number         0  entry10a.o ABSOLUTE
    ../clib/microlib/init/entry.s            0x00000000   Number         0  entry10b.o ABSOLUTE
    ../clib/microlib/init/entry.s            0x00000000   Number         0  entry11b.o ABSOLUTE
    ../clib/microlib/init/entry.s            0x00000000   Number         0  entry11a.o ABSOLUTE
    ../clib/microlib/init/entry.s            0x00000000   Number         0  entry.o ABSOLUTE
    ../clib/microlib/init/entry.s            0x00000000   Number         0  entry8a.o ABSOLUTE
    ../clib/microlib/init/entry.s            0x00000000   Number         0  entry2.o ABSOLUTE
    ../clib/microlib/init/entry.s            0x00000000   Number         0  entry5.o ABSOLUTE
    ../clib/microlib/init/entry.s            0x00000000   Number         0  entry7a.o ABSOLUTE
    ../clib/microlib/init/entry.s            0x00000000   Number         0  entry7b.o ABSOLUTE
    ../clib/microlib/longlong.c              0x00000000   Number         0  llshl.o ABSOLUTE
    ../clib/microlib/longlong.c              0x00000000   Number         0  llushr.o ABSOLUTE
    ../clib/microlib/longlong.c              0x00000000   Number         0  llsshr.o ABSOLUTE
    ../clib/microlib/malloc/malloc.c         0x00000000   Number         0  mallocr.o ABSOLUTE
    ../clib/microlib/malloc/malloc.c         0x00000000   Number         0  mallocra.o ABSOLUTE
    ../clib/microlib/malloc/malloc.c         0x00000000   Number         0  malloc.o ABSOLUTE
    ../clib/microlib/malloc/malloc.c         0x00000000   Number         0  malloca.o ABSOLUTE
    ../clib/microlib/malloc/mvars.c          0x00000000   Number         0  mvars.o ABSOLUTE
    ../clib/microlib/string/memcpy.c         0x00000000   Number         0  memcpya.o ABSOLUTE
    ../clib/microlib/string/memcpy.c         0x00000000   Number         0  memcpyb.o ABSOLUTE
    ../clib/microlib/string/memset.c         0x00000000   Number         0  memseta.o ABSOLUTE
    ../clib/microlib/stubs.s                 0x00000000   Number         0  iusefp.o ABSOLUTE
    ../fplib/microlib/fpadd.c                0x00000000   Number         0  dadd.o ABSOLUTE
    ../fplib/microlib/fpdiv.c                0x00000000   Number         0  ddiv.o ABSOLUTE
    ../fplib/microlib/fpepilogue.c           0x00000000   Number         0  depilogue.o ABSOLUTE
    ../fplib/microlib/fpfix.c                0x00000000   Number         0  dfixui.o ABSOLUTE
    ../fplib/microlib/fpflt.c                0x00000000   Number         0  dflti.o ABSOLUTE
    ../fplib/microlib/fpflt.c                0x00000000   Number         0  dfltui.o ABSOLUTE
    ../fplib/microlib/fpmul.c                0x00000000   Number         0  dmul.o ABSOLUTE
    ../fplib/microlib/fpneg.c                0x00000000   Number         0  dneg.o ABSOLUTE
    ../fplib/microlib/fpscalb.c              0x00000000   Number         0  dscalb.o ABSOLUTE
    ../fplib/microlib/fpsqrt.c               0x00000000   Number         0  dsqrt.o ABSOLUTE
    ../mathlib/dunder.c                      0x00000000   Number         0  dunder.o ABSOLUTE
    ../mathlib/fabs.c                        0x00000000   Number         0  fabs.o ABSOLUTE
    ../mathlib/fpclassify.c                  0x00000000   Number         0  fpclassify.o ABSOLUTE
    ../mathlib/poly.c                        0x00000000   Number         0  poly.o ABSOLUTE
    ../mathlib/pow.c                         0x00000000   Number         0  pow.o ABSOLUTE
    ../mathlib/pow.c                         0x00000000   Number         0  pow_x.o ABSOLUTE
    ../mathlib/qnan.c                        0x00000000   Number         0  qnan.o ABSOLUTE
    ../mathlib/sqrt.c                        0x00000000   Number         0  sqrt_x.o ABSOLUTE
    ../mathlib/sqrt.c                        0x00000000   Number         0  sqrt.o ABSOLUTE
    ..\Drivers\CMSIS\Device\ST\STM32F4xx\Source\Templates\system_stm32f4xx.c 0x00000000   Number         0  system_stm32f4xx.o ABSOLUTE
    ..\Drivers\STM32F4xx_HAL_Driver\Src\stm32f4xx_hal.c 0x00000000   Number         0  stm32f4xx_hal.o ABSOLUTE
    ..\Drivers\STM32F4xx_HAL_Driver\Src\stm32f4xx_hal_cortex.c 0x00000000   Number         0  stm32f4xx_hal_cortex.o ABSOLUTE
    ..\Drivers\STM32F4xx_HAL_Driver\Src\stm32f4xx_hal_dma.c 0x00000000   Number         0  stm32f4xx_hal_dma.o ABSOLUTE
    ..\Drivers\STM32F4xx_HAL_Driver\Src\stm32f4xx_hal_dma_ex.c 0x00000000   Number         0  stm32f4xx_hal_dma_ex.o ABSOLUTE
    ..\Drivers\STM32F4xx_HAL_Driver\Src\stm32f4xx_hal_flash.c 0x00000000   Number         0  stm32f4xx_hal_flash.o ABSOLUTE
    ..\Drivers\STM32F4xx_HAL_Driver\Src\stm32f4xx_hal_flash_ex.c 0x00000000   Number         0  stm32f4xx_hal_flash_ex.o ABSOLUTE
    ..\Drivers\STM32F4xx_HAL_Driver\Src\stm32f4xx_hal_flash_ramfunc.c 0x00000000   Number         0  stm32f4xx_hal_flash_ramfunc.o ABSOLUTE
    ..\Drivers\STM32F4xx_HAL_Driver\Src\stm32f4xx_hal_gpio.c 0x00000000   Number         0  stm32f4xx_hal_gpio.o ABSOLUTE
    ..\Drivers\STM32F4xx_HAL_Driver\Src\stm32f4xx_hal_pwr.c 0x00000000   Number         0  stm32f4xx_hal_pwr.o ABSOLUTE
    ..\Drivers\STM32F4xx_HAL_Driver\Src\stm32f4xx_hal_pwr_ex.c 0x00000000   Number         0  stm32f4xx_hal_pwr_ex.o ABSOLUTE
    ..\Drivers\STM32F4xx_HAL_Driver\Src\stm32f4xx_hal_rcc.c 0x00000000   Number         0  stm32f4xx_hal_rcc.o ABSOLUTE
    ..\Drivers\STM32F4xx_HAL_Driver\Src\stm32f4xx_hal_rcc_ex.c 0x00000000   Number         0  stm32f4xx_hal_rcc_ex.o ABSOLUTE
    ..\Drivers\STM32F4xx_HAL_Driver\Src\stm32f4xx_hal_sd.c 0x00000000   Number         0  stm32f4xx_hal_sd.o ABSOLUTE
    ..\Drivers\STM32F4xx_HAL_Driver\Src\stm32f4xx_hal_tim.c 0x00000000   Number         0  stm32f4xx_hal_tim.o ABSOLUTE
    ..\Drivers\STM32F4xx_HAL_Driver\Src\stm32f4xx_hal_tim_ex.c 0x00000000   Number         0  stm32f4xx_hal_tim_ex.o ABSOLUTE
    ..\Drivers\STM32F4xx_HAL_Driver\Src\stm32f4xx_ll_sdmmc.c 0x00000000   Number         0  stm32f4xx_ll_sdmmc.o ABSOLUTE
    ..\Middlewares\Third_Party\FatFs\src\diskio.c 0x00000000   Number         0  diskio.o ABSOLUTE
    ..\Middlewares\Third_Party\FatFs\src\drivers\sd_diskio.c 0x00000000   Number         0  sd_diskio.o ABSOLUTE
    ..\Middlewares\Third_Party\FatFs\src\ff.c 0x00000000   Number         0  ff.o ABSOLUTE
    ..\Middlewares\Third_Party\FatFs\src\ff_gen_drv.c 0x00000000   Number         0  ff_gen_drv.o ABSOLUTE
    ..\Middlewares\Third_Party\FatFs\src\option\syscall.c 0x00000000   Number         0  syscall.o ABSOLUTE
    ..\Src\bsp_driver_sd.c                   0x00000000   Number         0  bsp_driver_sd.o ABSOLUTE
    ..\Src\fatfs.c                           0x00000000   Number         0  fatfs.o ABSOLUTE
    ..\Src\main.c                            0x00000000   Number         0  main.o ABSOLUTE
    ..\Src\stm32f4xx_hal_msp.c               0x00000000   Number         0  stm32f4xx_hal_msp.o ABSOLUTE
    ..\Src\stm32f4xx_it.c                    0x00000000   Number         0  stm32f4xx_it.o ABSOLUTE
    cdcmple.s                                0x00000000   Number         0  cdcmple.o ABSOLUTE
    cdrcmple.s                               0x00000000   Number         0  cdrcmple.o ABSOLUTE
    dc.s                                     0x00000000   Number         0  dc.o ABSOLUTE
    handlers.s                               0x00000000   Number         0  handlers.o ABSOLUTE
    init.s                                   0x00000000   Number         0  init.o ABSOLUTE
    startup_stm32f407xx.s                    0x00000000   Number         0  startup_stm32f407xx.o ABSOLUTE
    RESET                                    0x08000000   Section      392  startup_stm32f407xx.o(RESET)
    .ARM.Collect$$$$00000000                 0x08000188   Section        0  entry.o(.ARM.Collect$$$$00000000)
    .ARM.Collect$$$$00000001                 0x08000188   Section        4  entry2.o(.ARM.Collect$$$$00000001)
    .ARM.Collect$$$$00000004                 0x0800018c   Section        4  entry5.o(.ARM.Collect$$$$00000004)
    .ARM.Collect$$$$00000008                 0x08000190   Section        0  entry7b.o(.ARM.Collect$$$$00000008)
    .ARM.Collect$$$$0000000A                 0x08000190   Section        0  entry8b.o(.ARM.Collect$$$$0000000A)
    .ARM.Collect$$$$0000000B                 0x08000190   Section        8  entry9a.o(.ARM.Collect$$$$0000000B)
    .ARM.Collect$$$$0000000D                 0x08000198   Section        0  entry10a.o(.ARM.Collect$$$$0000000D)
    .ARM.Collect$$$$0000000F                 0x08000198   Section        0  entry11a.o(.ARM.Collect$$$$0000000F)
    .ARM.Collect$$$$00002712                 0x08000198   Section        4  entry2.o(.ARM.Collect$$$$00002712)
    __lit__00000000                          0x08000198   Data           4  entry2.o(.ARM.Collect$$$$00002712)
    .text                                    0x0800019c   Section       36  startup_stm32f407xx.o(.text)
    $v0                                      0x0800019c   Number         0  startup_stm32f407xx.o(.text)
    .text                                    0x080001c0   Section        0  memseta.o(.text)
    .text                                    0x080001e4   Section        0  dadd.o(.text)
    .text                                    0x08000332   Section        0  dmul.o(.text)
    .text                                    0x08000416   Section        0  dfltui.o(.text)
    .text                                    0x08000430   Section        0  dfixui.o(.text)
    .text                                    0x08000462   Section        0  llshl.o(.text)
    .text                                    0x08000480   Section        0  llushr.o(.text)
    .text                                    0x080004a0   Section        0  llsshr.o(.text)
    .text                                    0x080004c4   Section        0  iusefp.o(.text)
    .text                                    0x080004c4   Section        0  depilogue.o(.text)
    .text                                    0x0800057e   Section        0  ddiv.o(.text)
    .text                                    0x0800065c   Section        0  dscalb.o(.text)
    .text                                    0x0800068a   Section        0  dflti.o(.text)
    .text                                    0x080006ac   Section       48  cdrcmple.o(.text)
    .text                                    0x080006dc   Section       36  init.o(.text)
    .text                                    0x08000700   Section        0  dsqrt.o(.text)
    i.BSP_SD_GetCardInfo                     0x080007a4   Section        0  bsp_driver_sd.o(i.BSP_SD_GetCardInfo)
    i.BSP_SD_GetStatus                       0x080007b0   Section        0  bsp_driver_sd.o(i.BSP_SD_GetStatus)
    i.BSP_SD_Init                            0x080007bc   Section        0  bsp_driver_sd.o(i.BSP_SD_Init)
    i.BSP_SD_ReadBlocks                      0x080007e4   Section        0  bsp_driver_sd.o(i.BSP_SD_ReadBlocks)
    i.BSP_SD_WriteBlocks                     0x08000804   Section        0  bsp_driver_sd.o(i.BSP_SD_WriteBlocks)
    i.BusFault_Handler                       0x08000824   Section        0  stm32f4xx_it.o(i.BusFault_Handler)
    i.DebugMon_Handler                       0x08000826   Section        0  stm32f4xx_it.o(i.DebugMon_Handler)
    i.FATFS_LinkDriver                       0x08000828   Section        0  ff_gen_drv.o(i.FATFS_LinkDriver)
    i.FATFS_LinkDriverEx                     0x08000830   Section        0  ff_gen_drv.o(i.FATFS_LinkDriverEx)
    i.HAL_Delay                              0x08000870   Section        0  stm32f4xx_hal.o(i.HAL_Delay)
    i.HAL_GPIO_Init                          0x08000888   Section        0  stm32f4xx_hal_gpio.o(i.HAL_GPIO_Init)
    i.HAL_GetTick                            0x08000a48   Section        0  stm32f4xx_hal.o(i.HAL_GetTick)
    i.HAL_IncTick                            0x08000a54   Section        0  stm32f4xx_hal.o(i.HAL_IncTick)
    i.HAL_Init                               0x08000a64   Section        0  stm32f4xx_hal.o(i.HAL_Init)
    i.HAL_InitTick                           0x08000a98   Section        0  stm32f4xx_hal.o(i.HAL_InitTick)
    i.HAL_MspInit                            0x08000aba   Section        0  stm32f4xx_hal_msp.o(i.HAL_MspInit)
    i.HAL_NVIC_EnableIRQ                     0x08000afe   Section        0  stm32f4xx_hal_cortex.o(i.HAL_NVIC_EnableIRQ)
    i.HAL_NVIC_SetPriority                   0x08000b14   Section        0  stm32f4xx_hal_cortex.o(i.HAL_NVIC_SetPriority)
    i.HAL_NVIC_SetPriorityGrouping           0x08000b54   Section        0  stm32f4xx_hal_cortex.o(i.HAL_NVIC_SetPriorityGrouping)
    i.HAL_RCC_ClockConfig                    0x08000b78   Section        0  stm32f4xx_hal_rcc.o(i.HAL_RCC_ClockConfig)
    i.HAL_RCC_GetHCLKFreq                    0x08000cb8   Section        0  stm32f4xx_hal_rcc.o(i.HAL_RCC_GetHCLKFreq)
    i.HAL_RCC_GetSysClockFreq                0x08000cec   Section        0  stm32f4xx_hal_rcc.o(i.HAL_RCC_GetSysClockFreq)
    i.HAL_RCC_OscConfig                      0x08000d5c   Section        0  stm32f4xx_hal_rcc.o(i.HAL_RCC_OscConfig)
    i.HAL_SD_GetStatus                       0x08001040   Section        0  stm32f4xx_hal_sd.o(i.HAL_SD_GetStatus)
    i.HAL_SD_Get_CardInfo                    0x0800108e   Section        0  stm32f4xx_hal_sd.o(i.HAL_SD_Get_CardInfo)
    i.HAL_SD_IRQHandler                      0x08001342   Section        0  stm32f4xx_hal_sd.o(i.HAL_SD_IRQHandler)
    i.HAL_SD_Init                            0x080013be   Section        0  stm32f4xx_hal_sd.o(i.HAL_SD_Init)
    i.HAL_SD_MspInit                         0x08001460   Section        0  stm32f4xx_hal_msp.o(i.HAL_SD_MspInit)
    i.HAL_SD_ReadBlocks                      0x080014d4   Section        0  stm32f4xx_hal_sd.o(i.HAL_SD_ReadBlocks)
    i.HAL_SD_StopTransfer                    0x08001650   Section        0  stm32f4xx_hal_sd.o(i.HAL_SD_StopTransfer)
    i.HAL_SD_WriteBlocks                     0x0800167c   Section        0  stm32f4xx_hal_sd.o(i.HAL_SD_WriteBlocks)
    i.HAL_SD_XferCpltCallback                0x08001854   Section        0  stm32f4xx_hal_sd.o(i.HAL_SD_XferCpltCallback)
    i.HAL_SD_XferErrorCallback               0x08001856   Section        0  stm32f4xx_hal_sd.o(i.HAL_SD_XferErrorCallback)
    i.HAL_SYSTICK_CLKSourceConfig            0x08001858   Section        0  stm32f4xx_hal_cortex.o(i.HAL_SYSTICK_CLKSourceConfig)
    i.HAL_SYSTICK_Callback                   0x08001870   Section        0  stm32f4xx_hal_cortex.o(i.HAL_SYSTICK_Callback)
    i.HAL_SYSTICK_Config                     0x08001872   Section        0  stm32f4xx_hal_cortex.o(i.HAL_SYSTICK_Config)
    i.HAL_SYSTICK_IRQHandler                 0x0800189a   Section        0  stm32f4xx_hal_cortex.o(i.HAL_SYSTICK_IRQHandler)
    i.HardFault_Handler                      0x080018a2   Section        0  stm32f4xx_it.o(i.HardFault_Handler)
    i.Hex2Int                                0x080018a4   Section        0  main.o(i.Hex2Int)
    i.MX_FATFS_Init                          0x08001908   Section        0  fatfs.o(i.MX_FATFS_Init)
    i.MX_GPIO_Init                           0x08001924   Section        0  main.o(i.MX_GPIO_Init)
    MX_GPIO_Init                             0x08001925   Thumb Code    70  main.o(i.MX_GPIO_Init)
    i.MemManage_Handler                      0x08001970   Section        0  stm32f4xx_it.o(i.MemManage_Handler)
    i.NMI_Handler                            0x08001972   Section        0  stm32f4xx_it.o(i.NMI_Handler)
    i.NVIC_SetPriority                       0x08001974   Section        0  stm32f4xx_hal_cortex.o(i.NVIC_SetPriority)
    NVIC_SetPriority                         0x08001975   Thumb Code    32  stm32f4xx_hal_cortex.o(i.NVIC_SetPriority)
    i.ProcessHex                             0x08001994   Section        0  main.o(i.ProcessHex)
    i.SDIO_DataConfig                        0x08001cb0   Section        0  stm32f4xx_ll_sdmmc.o(i.SDIO_DataConfig)
    i.SDIO_GetCommandResponse                0x08001cd4   Section        0  stm32f4xx_ll_sdmmc.o(i.SDIO_GetCommandResponse)
    i.SDIO_GetPowerState                     0x08001cda   Section        0  stm32f4xx_ll_sdmmc.o(i.SDIO_GetPowerState)
    i.SDIO_GetResponse                       0x08001ce4   Section        0  stm32f4xx_ll_sdmmc.o(i.SDIO_GetResponse)
    i.SDIO_IRQHandler                        0x08001cf4   Section        0  stm32f4xx_it.o(i.SDIO_IRQHandler)
    i.SDIO_Init                              0x08001d00   Section        0  stm32f4xx_ll_sdmmc.o(i.SDIO_Init)
    i.SDIO_PowerState_ON                     0x08001d24   Section        0  stm32f4xx_ll_sdmmc.o(i.SDIO_PowerState_ON)
    i.SDIO_ReadFIFO                          0x08001d2c   Section        0  stm32f4xx_ll_sdmmc.o(i.SDIO_ReadFIFO)
    i.SDIO_SendCommand                       0x08001d32   Section        0  stm32f4xx_ll_sdmmc.o(i.SDIO_SendCommand)
    i.SDIO_WriteFIFO                         0x08001d52   Section        0  stm32f4xx_ll_sdmmc.o(i.SDIO_WriteFIFO)
    i.SD_CmdResp1Error                       0x08001d5c   Section        0  stm32f4xx_hal_sd.o(i.SD_CmdResp1Error)
    SD_CmdResp1Error                         0x08001d5d   Thumb Code   230  stm32f4xx_hal_sd.o(i.SD_CmdResp1Error)
    i.SD_CmdResp2Error                       0x08001e48   Section        0  stm32f4xx_hal_sd.o(i.SD_CmdResp2Error)
    SD_CmdResp2Error                         0x08001e49   Thumb Code    46  stm32f4xx_hal_sd.o(i.SD_CmdResp2Error)
    i.SD_CmdResp6Error                       0x08001e76   Section        0  stm32f4xx_hal_sd.o(i.SD_CmdResp6Error)
    SD_CmdResp6Error                         0x08001e77   Thumb Code   114  stm32f4xx_hal_sd.o(i.SD_CmdResp6Error)
    i.SD_CmdResp7Error                       0x08001ee8   Section        0  stm32f4xx_hal_sd.o(i.SD_CmdResp7Error)
    SD_CmdResp7Error                         0x08001ee9   Thumb Code    64  stm32f4xx_hal_sd.o(i.SD_CmdResp7Error)
    i.SD_Initialize_Cards                    0x08001f28   Section        0  stm32f4xx_hal_sd.o(i.SD_Initialize_Cards)
    SD_Initialize_Cards                      0x08001f29   Thumb Code   220  stm32f4xx_hal_sd.o(i.SD_Initialize_Cards)
    i.SD_IsCardProgramming                   0x08002004   Section        0  stm32f4xx_hal_sd.o(i.SD_IsCardProgramming)
    SD_IsCardProgramming                     0x08002005   Thumb Code   310  stm32f4xx_hal_sd.o(i.SD_IsCardProgramming)
    i.SD_PowerON                             0x08002140   Section        0  stm32f4xx_hal_sd.o(i.SD_PowerON)
    SD_PowerON                               0x08002141   Thumb Code   364  stm32f4xx_hal_sd.o(i.SD_PowerON)
    i.SD_initialize                          0x080022b4   Section        0  sd_diskio.o(i.SD_initialize)
    i.SD_ioctl                               0x080022d4   Section        0  sd_diskio.o(i.SD_ioctl)
    i.SD_read                                0x08002324   Section        0  sd_diskio.o(i.SD_read)
    i.SD_status                              0x08002344   Section        0  sd_diskio.o(i.SD_status)
    i.SD_write                               0x08002364   Section        0  sd_diskio.o(i.SD_write)
    i.SysTick_Handler                        0x08002382   Section        0  stm32f4xx_it.o(i.SysTick_Handler)
    i.SystemClock_Config                     0x08002390   Section        0  main.o(i.SystemClock_Config)
    i.SystemInit                             0x08002424   Section        0  system_stm32f4xx.o(i.SystemInit)
    i.UsageFault_Handler                     0x08002478   Section        0  stm32f4xx_it.o(i.UsageFault_Handler)
    i.__ARM_fpclassify                       0x0800247a   Section        0  fpclassify.o(i.__ARM_fpclassify)
    i.__hardfp_pow                           0x080024b0   Section        0  pow.o(i.__hardfp_pow)
    i.__kernel_poly                          0x08003100   Section        0  poly.o(i.__kernel_poly)
    i.__mathlib_dbl_divzero                  0x080031f8   Section        0  dunder.o(i.__mathlib_dbl_divzero)
    i.__mathlib_dbl_infnan2                  0x08003228   Section        0  dunder.o(i.__mathlib_dbl_infnan2)
    i.__mathlib_dbl_invalid                  0x08003240   Section        0  dunder.o(i.__mathlib_dbl_invalid)
    i.__mathlib_dbl_overflow                 0x08003260   Section        0  dunder.o(i.__mathlib_dbl_overflow)
    i.__mathlib_dbl_underflow                0x08003280   Section        0  dunder.o(i.__mathlib_dbl_underflow)
    i.__scatterload_copy                     0x080032a0   Section       14  handlers.o(i.__scatterload_copy)
    i.__scatterload_null                     0x080032ae   Section        2  handlers.o(i.__scatterload_null)
    i.__scatterload_zeroinit                 0x080032b0   Section       14  handlers.o(i.__scatterload_zeroinit)
    i.__set_errno                            0x080032c0   Section        0  errno.o(i.__set_errno)
    i.check_fs                               0x080032cc   Section        0  ff.o(i.check_fs)
    check_fs                                 0x080032cd   Thumb Code    90  ff.o(i.check_fs)
    i.chk_lock                               0x0800332c   Section        0  ff.o(i.chk_lock)
    chk_lock                                 0x0800332d   Thumb Code   102  ff.o(i.chk_lock)
    i.clear_lock                             0x08003398   Section        0  ff.o(i.clear_lock)
    clear_lock                               0x08003399   Thumb Code    32  ff.o(i.clear_lock)
    i.clmt_clust                             0x080033bc   Section        0  ff.o(i.clmt_clust)
    clmt_clust                               0x080033bd   Thumb Code    42  ff.o(i.clmt_clust)
    i.clust2sect                             0x080033e6   Section        0  ff.o(i.clust2sect)
    i.create_chain                           0x08003404   Section        0  ff.o(i.create_chain)
    create_chain                             0x08003405   Thumb Code   176  ff.o(i.create_chain)
    i.create_name                            0x080034b4   Section        0  ff.o(i.create_name)
    create_name                              0x080034b5   Thumb Code   234  ff.o(i.create_name)
    i.dec_lock                               0x080035b4   Section        0  ff.o(i.dec_lock)
    dec_lock                                 0x080035b5   Thumb Code    54  ff.o(i.dec_lock)
    i.dir_next                               0x080035f0   Section        0  ff.o(i.dir_next)
    dir_next                                 0x080035f1   Thumb Code   286  ff.o(i.dir_next)
    i.dir_register                           0x0800370e   Section        0  ff.o(i.dir_register)
    dir_register                             0x0800370f   Thumb Code   118  ff.o(i.dir_register)
    i.dir_sdi                                0x08003784   Section        0  ff.o(i.dir_sdi)
    dir_sdi                                  0x08003785   Thumb Code   152  ff.o(i.dir_sdi)
    i.disk_initialize                        0x0800381c   Section        0  diskio.o(i.disk_initialize)
    i.disk_ioctl                             0x08003844   Section        0  diskio.o(i.disk_ioctl)
    i.disk_read                              0x08003860   Section        0  diskio.o(i.disk_read)
    i.disk_status                            0x0800387c   Section        0  diskio.o(i.disk_status)
    i.disk_write                             0x08003894   Section        0  diskio.o(i.disk_write)
    i.f_close                                0x080038b0   Section        0  ff.o(i.f_close)
    i.f_gets                                 0x080038da   Section        0  ff.o(i.f_gets)
    i.f_mount                                0x08003920   Section        0  ff.o(i.f_mount)
    i.f_open                                 0x0800397c   Section        0  ff.o(i.f_open)
    i.f_printf                               0x08003b1c   Section        0  ff.o(i.f_printf)
    i.f_read                                 0x08003d08   Section        0  ff.o(i.f_read)
    i.f_sync                                 0x08003e94   Section        0  ff.o(i.f_sync)
    i.f_write                                0x08003f4c   Section        0  ff.o(i.f_write)
    i.fabs                                   0x08004122   Section        0  fabs.o(i.fabs)
    i.find_volume                            0x0800413c   Section        0  ff.o(i.find_volume)
    find_volume                              0x0800413d   Thumb Code   588  ff.o(i.find_volume)
    i.follow_path                            0x08004394   Section        0  ff.o(i.follow_path)
    follow_path                              0x08004395   Thumb Code   192  ff.o(i.follow_path)
    i.free                                   0x08004454   Section        0  malloc.o(i.free)
    i.get_fat                                0x080044a4   Section        0  ff.o(i.get_fat)
    i.get_fattime                            0x08004566   Section        0  fatfs.o(i.get_fattime)
    i.get_ldnumber                           0x0800456a   Section        0  ff.o(i.get_ldnumber)
    get_ldnumber                             0x0800456b   Thumb Code    60  ff.o(i.get_ldnumber)
    i.inc_lock                               0x080045a8   Section        0  ff.o(i.inc_lock)
    inc_lock                                 0x080045a9   Thumb Code   154  ff.o(i.inc_lock)
    i.ld_clust                               0x08004648   Section        0  ff.o(i.ld_clust)
    ld_clust                                 0x08004649   Thumb Code    20  ff.o(i.ld_clust)
    i.main                                   0x0800465c   Section        0  main.o(i.main)
    i.malloc                                 0x08004690   Section        0  malloc.o(i.malloc)
    i.mem_cpy                                0x080046fc   Section        0  ff.o(i.mem_cpy)
    mem_cpy                                  0x080046fd   Thumb Code    18  ff.o(i.mem_cpy)
    i.mem_set                                0x0800470e   Section        0  ff.o(i.mem_set)
    mem_set                                  0x0800470f   Thumb Code    14  ff.o(i.mem_set)
    i.move_window                            0x0800471c   Section        0  ff.o(i.move_window)
    move_window                              0x0800471d   Thumb Code    54  ff.o(i.move_window)
    i.put_fat                                0x08004752   Section        0  ff.o(i.put_fat)
    i.putc_bfd                               0x0800484a   Section        0  ff.o(i.putc_bfd)
    putc_bfd                                 0x0800484b   Thumb Code    58  ff.o(i.putc_bfd)
    i.remove_chain                           0x08004884   Section        0  ff.o(i.remove_chain)
    remove_chain                             0x08004885   Thumb Code   110  ff.o(i.remove_chain)
    i.sqrt                                   0x080048f2   Section        0  sqrt.o(i.sqrt)
    i.st_clust                               0x08004960   Section        0  ff.o(i.st_clust)
    st_clust                                 0x08004961   Thumb Code    16  ff.o(i.st_clust)
    i.sync_fs                                0x08004970   Section        0  ff.o(i.sync_fs)
    sync_fs                                  0x08004971   Thumb Code   182  ff.o(i.sync_fs)
    i.sync_window                            0x08004a26   Section        0  ff.o(i.sync_window)
    sync_window                              0x08004a27   Thumb Code    96  ff.o(i.sync_window)
    i.validate                               0x08004a86   Section        0  ff.o(i.validate)
    validate                                 0x08004a87   Thumb Code    44  ff.o(i.validate)
    .constdata                               0x08004ab2   Section       16  stm32f4xx_hal_rcc.o(.constdata)
    .constdata                               0x08004ac2   Section      172  ff.o(.constdata)
    ExCvt                                    0x08004ac2   Data         128  ff.o(.constdata)
    vst                                      0x08004b42   Data          22  ff.o(.constdata)
    cst                                      0x08004b58   Data          22  ff.o(.constdata)
    .constdata                               0x08004b70   Section       20  sd_diskio.o(.constdata)
    .constdata                               0x08004b88   Section      136  pow.o(.constdata)
    bp                                       0x08004b88   Data          16  pow.o(.constdata)
    dp_h                                     0x08004b98   Data          16  pow.o(.constdata)
    dp_l                                     0x08004ba8   Data          16  pow.o(.constdata)
    L                                        0x08004bb8   Data          48  pow.o(.constdata)
    P                                        0x08004be8   Data          40  pow.o(.constdata)
    .constdata                               0x08004c10   Section        8  qnan.o(.constdata)
    .data                                    0x20000000   Section        4  stm32f4xx_hal.o(.data)
    .data                                    0x20000004   Section        8  ff.o(.data)
    Fsid                                     0x20000004   Data           2  ff.o(.data)
    FatFs                                    0x20000008   Data           4  ff.o(.data)
    .data                                    0x2000000c   Section        1  sd_diskio.o(.data)
    Stat                                     0x2000000c   Data           1  sd_diskio.o(.data)
    .data                                    0x20000010   Section        4  system_stm32f4xx.o(.data)
    .data                                    0x20000014   Section       42  main.o(.data)
    .data                                    0x2000003e   Section        5  fatfs.o(.data)
    .data                                    0x20000044   Section        4  mvars.o(.data)
    .data                                    0x20000048   Section        4  mvars.o(.data)
    .data                                    0x2000004c   Section        4  errno.o(.data)
    _errno                                   0x2000004c   Data           4  errno.o(.data)
    .bss                                     0x20000050   Section       24  ff.o(.bss)
    Files                                    0x20000050   Data          24  ff.o(.bss)
    .bss                                     0x20000068   Section       12  ff_gen_drv.o(.bss)
    .bss                                     0x20000074   Section     1816  main.o(.bss)
    .bss                                     0x20000790   Section       88  main.o(.bss)
    HEAP                                     0x200007e8   Section     8192  startup_stm32f407xx.o(HEAP)
    STACK                                    0x200027e8   Section     1024  startup_stm32f407xx.o(STACK)

    Global Symbols

    Symbol Name                              Value     Ov Type        Size  Object(Section)

    BuildAttributes$$THM_ISAv4$E$P$D$K$B$S$7EM$VFPi3$EXTD16$VFPS$VFMA$PE$A:L22UL41UL21$X:L11$S22US41US21$IEEE1$IW$USESV6$~STKCKD$USESV7$~SHL$OTIME$ROPI$IEEEX$EBA8$MICROLIB$REQ8$PRES8$EABIv2 0x00000000   Number         0  anon$$obj.o ABSOLUTE
    __ARM_use_no_argv                        0x00000000   Number         0  main.o ABSOLUTE
    __cpp_initialize__aeabi_                  - Undefined Weak Reference
    __cxa_finalize                            - Undefined Weak Reference
    __decompress                              - Undefined Weak Reference
    _clock_init                               - Undefined Weak Reference
    _microlib_exit                            - Undefined Weak Reference
    __Vectors_Size                           0x00000188   Number         0  startup_stm32f407xx.o ABSOLUTE
    __Vectors                                0x08000000   Data           4  startup_stm32f407xx.o(RESET)
    __Vectors_End                            0x08000188   Data           0  startup_stm32f407xx.o(RESET)
    __main                                   0x08000189   Thumb Code     0  entry.o(.ARM.Collect$$$$00000000)
    _main_stk                                0x08000189   Thumb Code     0  entry2.o(.ARM.Collect$$$$00000001)
    _main_scatterload                        0x0800018d   Thumb Code     0  entry5.o(.ARM.Collect$$$$00000004)
    __main_after_scatterload                 0x08000191   Thumb Code     0  entry5.o(.ARM.Collect$$$$00000004)
    _main_clock                              0x08000191   Thumb Code     0  entry7b.o(.ARM.Collect$$$$00000008)
    _main_cpp_init                           0x08000191   Thumb Code     0  entry8b.o(.ARM.Collect$$$$0000000A)
    _main_init                               0x08000191   Thumb Code     0  entry9a.o(.ARM.Collect$$$$0000000B)
    __rt_final_cpp                           0x08000199   Thumb Code     0  entry10a.o(.ARM.Collect$$$$0000000D)
    __rt_final_exit                          0x08000199   Thumb Code     0  entry11a.o(.ARM.Collect$$$$0000000F)
    Reset_Handler                            0x0800019d   Thumb Code     8  startup_stm32f407xx.o(.text)
    SVC_Handler                              0x080001af   Thumb Code     2  startup_stm32f407xx.o(.text)
    PendSV_Handler                           0x080001b3   Thumb Code     2  startup_stm32f407xx.o(.text)
    ADC_IRQHandler                           0x080001b7   Thumb Code     0  startup_stm32f407xx.o(.text)
    CAN1_RX0_IRQHandler                      0x080001b7   Thumb Code     0  startup_stm32f407xx.o(.text)
    CAN1_RX1_IRQHandler                      0x080001b7   Thumb Code     0  startup_stm32f407xx.o(.text)
    CAN1_SCE_IRQHandler                      0x080001b7   Thumb Code     0  startup_stm32f407xx.o(.text)
    CAN1_TX_IRQHandler                       0x080001b7   Thumb Code     0  startup_stm32f407xx.o(.text)
    CAN2_RX0_IRQHandler                      0x080001b7   Thumb Code     0  startup_stm32f407xx.o(.text)
    CAN2_RX1_IRQHandler                      0x080001b7   Thumb Code     0  startup_stm32f407xx.o(.text)
    CAN2_SCE_IRQHandler                      0x080001b7   Thumb Code     0  startup_stm32f407xx.o(.text)
    CAN2_TX_IRQHandler                       0x080001b7   Thumb Code     0  startup_stm32f407xx.o(.text)
    DCMI_IRQHandler                          0x080001b7   Thumb Code     0  startup_stm32f407xx.o(.text)
    DMA1_Stream0_IRQHandler                  0x080001b7   Thumb Code     0  startup_stm32f407xx.o(.text)
    DMA1_Stream1_IRQHandler                  0x080001b7   Thumb Code     0  startup_stm32f407xx.o(.text)
    DMA1_Stream2_IRQHandler                  0x080001b7   Thumb Code     0  startup_stm32f407xx.o(.text)
    DMA1_Stream3_IRQHandler                  0x080001b7   Thumb Code     0  startup_stm32f407xx.o(.text)
    DMA1_Stream4_IRQHandler                  0x080001b7   Thumb Code     0  startup_stm32f407xx.o(.text)
    DMA1_Stream5_IRQHandler                  0x080001b7   Thumb Code     0  startup_stm32f407xx.o(.text)
    DMA1_Stream6_IRQHandler                  0x080001b7   Thumb Code     0  startup_stm32f407xx.o(.text)
    DMA1_Stream7_IRQHandler                  0x080001b7   Thumb Code     0  startup_stm32f407xx.o(.text)
    DMA2_Stream0_IRQHandler                  0x080001b7   Thumb Code     0  startup_stm32f407xx.o(.text)
    DMA2_Stream1_IRQHandler                  0x080001b7   Thumb Code     0  startup_stm32f407xx.o(.text)
    DMA2_Stream2_IRQHandler                  0x080001b7   Thumb Code     0  startup_stm32f407xx.o(.text)
    DMA2_Stream3_IRQHandler                  0x080001b7   Thumb Code     0  startup_stm32f407xx.o(.text)
    DMA2_Stream4_IRQHandler                  0x080001b7   Thumb Code     0  startup_stm32f407xx.o(.text)
    DMA2_Stream5_IRQHandler                  0x080001b7   Thumb Code     0  startup_stm32f407xx.o(.text)
    DMA2_Stream6_IRQHandler                  0x080001b7   Thumb Code     0  startup_stm32f407xx.o(.text)
    DMA2_Stream7_IRQHandler                  0x080001b7   Thumb Code     0  startup_stm32f407xx.o(.text)
    ETH_IRQHandler                           0x080001b7   Thumb Code     0  startup_stm32f407xx.o(.text)
    ETH_WKUP_IRQHandler                      0x080001b7   Thumb Code     0  startup_stm32f407xx.o(.text)
    EXTI0_IRQHandler                         0x080001b7   Thumb Code     0  startup_stm32f407xx.o(.text)
    EXTI15_10_IRQHandler                     0x080001b7   Thumb Code     0  startup_stm32f407xx.o(.text)
    EXTI1_IRQHandler                         0x080001b7   Thumb Code     0  startup_stm32f407xx.o(.text)
    EXTI2_IRQHandler                         0x080001b7   Thumb Code     0  startup_stm32f407xx.o(.text)
    EXTI3_IRQHandler                         0x080001b7   Thumb Code     0  startup_stm32f407xx.o(.text)
    EXTI4_IRQHandler                         0x080001b7   Thumb Code     0  startup_stm32f407xx.o(.text)
    EXTI9_5_IRQHandler                       0x080001b7   Thumb Code     0  startup_stm32f407xx.o(.text)
    FLASH_IRQHandler                         0x080001b7   Thumb Code     0  startup_stm32f407xx.o(.text)
    FMC_IRQHandler                           0x080001b7   Thumb Code     0  startup_stm32f407xx.o(.text)
    FPU_IRQHandler                           0x080001b7   Thumb Code     0  startup_stm32f407xx.o(.text)
    HASH_RNG_IRQHandler                      0x080001b7   Thumb Code     0  startup_stm32f407xx.o(.text)
    I2C1_ER_IRQHandler                       0x080001b7   Thumb Code     0  startup_stm32f407xx.o(.text)
    I2C1_EV_IRQHandler                       0x080001b7   Thumb Code     0  startup_stm32f407xx.o(.text)
    I2C2_ER_IRQHandler                       0x080001b7   Thumb Code     0  startup_stm32f407xx.o(.text)
    I2C2_EV_IRQHandler                       0x080001b7   Thumb Code     0  startup_stm32f407xx.o(.text)
    I2C3_ER_IRQHandler                       0x080001b7   Thumb Code     0  startup_stm32f407xx.o(.text)
    I2C3_EV_IRQHandler                       0x080001b7   Thumb Code     0  startup_stm32f407xx.o(.text)
    OTG_FS_IRQHandler                        0x080001b7   Thumb Code     0  startup_stm32f407xx.o(.text)
    OTG_FS_WKUP_IRQHandler                   0x080001b7   Thumb Code     0  startup_stm32f407xx.o(.text)
    OTG_HS_EP1_IN_IRQHandler                 0x080001b7   Thumb Code     0  startup_stm32f407xx.o(.text)
    OTG_HS_EP1_OUT_IRQHandler                0x080001b7   Thumb Code     0  startup_stm32f407xx.o(.text)
    OTG_HS_IRQHandler                        0x080001b7   Thumb Code     0  startup_stm32f407xx.o(.text)
    OTG_HS_WKUP_IRQHandler                   0x080001b7   Thumb Code     0  startup_stm32f407xx.o(.text)
    PVD_IRQHandler                           0x080001b7   Thumb Code     0  startup_stm32f407xx.o(.text)
    RCC_IRQHandler                           0x080001b7   Thumb Code     0  startup_stm32f407xx.o(.text)
    RTC_Alarm_IRQHandler                     0x080001b7   Thumb Code     0  startup_stm32f407xx.o(.text)
    RTC_WKUP_IRQHandler                      0x080001b7   Thumb Code     0  startup_stm32f407xx.o(.text)
    SPI1_IRQHandler                          0x080001b7   Thumb Code     0  startup_stm32f407xx.o(.text)
    SPI2_IRQHandler                          0x080001b7   Thumb Code     0  startup_stm32f407xx.o(.text)
    SPI3_IRQHandler                          0x080001b7   Thumb Code     0  startup_stm32f407xx.o(.text)
    TAMP_STAMP_IRQHandler                    0x080001b7   Thumb Code     0  startup_stm32f407xx.o(.text)
    TIM1_BRK_TIM9_IRQHandler                 0x080001b7   Thumb Code     0  startup_stm32f407xx.o(.text)
    TIM1_CC_IRQHandler                       0x080001b7   Thumb Code     0  startup_stm32f407xx.o(.text)
    TIM1_TRG_COM_TIM11_IRQHandler            0x080001b7   Thumb Code     0  startup_stm32f407xx.o(.text)
    TIM1_UP_TIM10_IRQHandler                 0x080001b7   Thumb Code     0  startup_stm32f407xx.o(.text)
    TIM2_IRQHandler                          0x080001b7   Thumb Code     0  startup_stm32f407xx.o(.text)
    TIM3_IRQHandler                          0x080001b7   Thumb Code     0  startup_stm32f407xx.o(.text)
    TIM4_IRQHandler                          0x080001b7   Thumb Code     0  startup_stm32f407xx.o(.text)
    TIM5_IRQHandler                          0x080001b7   Thumb Code     0  startup_stm32f407xx.o(.text)
    TIM6_DAC_IRQHandler                      0x080001b7   Thumb Code     0  startup_stm32f407xx.o(.text)
    TIM7_IRQHandler                          0x080001b7   Thumb Code     0  startup_stm32f407xx.o(.text)
    TIM8_BRK_TIM12_IRQHandler                0x080001b7   Thumb Code     0  startup_stm32f407xx.o(.text)
    TIM8_CC_IRQHandler                       0x080001b7   Thumb Code     0  startup_stm32f407xx.o(.text)
    TIM8_TRG_COM_TIM14_IRQHandler            0x080001b7   Thumb Code     0  startup_stm32f407xx.o(.text)
    TIM8_UP_TIM13_IRQHandler                 0x080001b7   Thumb Code     0  startup_stm32f407xx.o(.text)
    UART4_IRQHandler                         0x080001b7   Thumb Code     0  startup_stm32f407xx.o(.text)
    UART5_IRQHandler                         0x080001b7   Thumb Code     0  startup_stm32f407xx.o(.text)
    USART1_IRQHandler                        0x080001b7   Thumb Code     0  startup_stm32f407xx.o(.text)
    USART2_IRQHandler                        0x080001b7   Thumb Code     0  startup_stm32f407xx.o(.text)
    USART3_IRQHandler                        0x080001b7   Thumb Code     0  startup_stm32f407xx.o(.text)
    USART6_IRQHandler                        0x080001b7   Thumb Code     0  startup_stm32f407xx.o(.text)
    WWDG_IRQHandler                          0x080001b7   Thumb Code     0  startup_stm32f407xx.o(.text)
    __aeabi_memset                           0x080001c1   Thumb Code    14  memseta.o(.text)
    __aeabi_memset4                          0x080001c1   Thumb Code     0  memseta.o(.text)
    __aeabi_memset8                          0x080001c1   Thumb Code     0  memseta.o(.text)
    __aeabi_memclr                           0x080001cf   Thumb Code     4  memseta.o(.text)
    __aeabi_memclr4                          0x080001cf   Thumb Code     0  memseta.o(.text)
    __aeabi_memclr8                          0x080001cf   Thumb Code     0  memseta.o(.text)
    _memset$wrapper                          0x080001d3   Thumb Code    18  memseta.o(.text)
    __aeabi_dadd                             0x080001e5   Thumb Code   322  dadd.o(.text)
    __aeabi_dsub                             0x08000327   Thumb Code     6  dadd.o(.text)
    __aeabi_drsub                            0x0800032d   Thumb Code     6  dadd.o(.text)
    __aeabi_dmul                             0x08000333   Thumb Code   228  dmul.o(.text)
    __aeabi_ui2d                             0x08000417   Thumb Code    26  dfltui.o(.text)
    __aeabi_d2uiz                            0x08000431   Thumb Code    50  dfixui.o(.text)
    __aeabi_llsl                             0x08000463   Thumb Code    30  llshl.o(.text)
    _ll_shift_l                              0x08000463   Thumb Code     0  llshl.o(.text)
    __aeabi_llsr                             0x08000481   Thumb Code    32  llushr.o(.text)
    _ll_ushift_r                             0x08000481   Thumb Code     0  llushr.o(.text)
    __aeabi_lasr                             0x080004a1   Thumb Code    36  llsshr.o(.text)
    _ll_sshift_r                             0x080004a1   Thumb Code     0  llsshr.o(.text)
    __I$use$fp                               0x080004c5   Thumb Code     0  iusefp.o(.text)
    _double_round                            0x080004c5   Thumb Code    30  depilogue.o(.text)
    _double_epilogue                         0x080004e3   Thumb Code   156  depilogue.o(.text)
    __aeabi_ddiv                             0x0800057f   Thumb Code   222  ddiv.o(.text)
    __ARM_scalbn                             0x0800065d   Thumb Code    46  dscalb.o(.text)
    scalbn                                   0x0800065d   Thumb Code     0  dscalb.o(.text)
    __aeabi_i2d                              0x0800068b   Thumb Code    34  dflti.o(.text)
    __aeabi_cdrcmple                         0x080006ad   Thumb Code    48  cdrcmple.o(.text)
    __scatterload                            0x080006dd   Thumb Code    28  init.o(.text)
    __scatterload_rt2                        0x080006dd   Thumb Code     0  init.o(.text)
    _dsqrt                                   0x08000701   Thumb Code   162  dsqrt.o(.text)
    BSP_SD_GetCardInfo                       0x080007a5   Thumb Code     8  bsp_driver_sd.o(i.BSP_SD_GetCardInfo)
    BSP_SD_GetStatus                         0x080007b1   Thumb Code     6  bsp_driver_sd.o(i.BSP_SD_GetStatus)
    BSP_SD_Init                              0x080007bd   Thumb Code    32  bsp_driver_sd.o(i.BSP_SD_Init)
    BSP_SD_ReadBlocks                        0x080007e5   Thumb Code    26  bsp_driver_sd.o(i.BSP_SD_ReadBlocks)
    BSP_SD_WriteBlocks                       0x08000805   Thumb Code    26  bsp_driver_sd.o(i.BSP_SD_WriteBlocks)
    BusFault_Handler                         0x08000825   Thumb Code     2  stm32f4xx_it.o(i.BusFault_Handler)
    DebugMon_Handler                         0x08000827   Thumb Code     2  stm32f4xx_it.o(i.DebugMon_Handler)
    FATFS_LinkDriver                         0x08000829   Thumb Code     6  ff_gen_drv.o(i.FATFS_LinkDriver)
    FATFS_LinkDriverEx                       0x08000831   Thumb Code    60  ff_gen_drv.o(i.FATFS_LinkDriverEx)
    HAL_Delay                                0x08000871   Thumb Code    22  stm32f4xx_hal.o(i.HAL_Delay)
    HAL_GPIO_Init                            0x08000889   Thumb Code   398  stm32f4xx_hal_gpio.o(i.HAL_GPIO_Init)
    HAL_GetTick                              0x08000a49   Thumb Code     6  stm32f4xx_hal.o(i.HAL_GetTick)
    HAL_IncTick                              0x08000a55   Thumb Code    10  stm32f4xx_hal.o(i.HAL_IncTick)
    HAL_Init                                 0x08000a65   Thumb Code    48  stm32f4xx_hal.o(i.HAL_Init)
    HAL_InitTick                             0x08000a99   Thumb Code    34  stm32f4xx_hal.o(i.HAL_InitTick)
    HAL_MspInit                              0x08000abb   Thumb Code    68  stm32f4xx_hal_msp.o(i.HAL_MspInit)
    HAL_NVIC_EnableIRQ                       0x08000aff   Thumb Code    22  stm32f4xx_hal_cortex.o(i.HAL_NVIC_EnableIRQ)
    HAL_NVIC_SetPriority                     0x08000b15   Thumb Code    60  stm32f4xx_hal_cortex.o(i.HAL_NVIC_SetPriority)
    HAL_NVIC_SetPriorityGrouping             0x08000b55   Thumb Code    26  stm32f4xx_hal_cortex.o(i.HAL_NVIC_SetPriorityGrouping)
    HAL_RCC_ClockConfig                      0x08000b79   Thumb Code   312  stm32f4xx_hal_rcc.o(i.HAL_RCC_ClockConfig)
    HAL_RCC_GetHCLKFreq                      0x08000cb9   Thumb Code    38  stm32f4xx_hal_rcc.o(i.HAL_RCC_GetHCLKFreq)
    HAL_RCC_GetSysClockFreq                  0x08000ced   Thumb Code   104  stm32f4xx_hal_rcc.o(i.HAL_RCC_GetSysClockFreq)
    HAL_RCC_OscConfig                        0x08000d5d   Thumb Code   722  stm32f4xx_hal_rcc.o(i.HAL_RCC_OscConfig)
    HAL_SD_GetStatus                         0x08001041   Thumb Code    78  stm32f4xx_hal_sd.o(i.HAL_SD_GetStatus)
    HAL_SD_Get_CardInfo                      0x0800108f   Thumb Code   692  stm32f4xx_hal_sd.o(i.HAL_SD_Get_CardInfo)
    HAL_SD_IRQHandler                        0x08001343   Thumb Code   124  stm32f4xx_hal_sd.o(i.HAL_SD_IRQHandler)
    HAL_SD_Init                              0x080013bf   Thumb Code   160  stm32f4xx_hal_sd.o(i.HAL_SD_Init)
    HAL_SD_MspInit                           0x08001461   Thumb Code   100  stm32f4xx_hal_msp.o(i.HAL_SD_MspInit)
    HAL_SD_ReadBlocks                        0x080014d5   Thumb Code   380  stm32f4xx_hal_sd.o(i.HAL_SD_ReadBlocks)
    HAL_SD_StopTransfer                      0x08001651   Thumb Code    44  stm32f4xx_hal_sd.o(i.HAL_SD_StopTransfer)
    HAL_SD_WriteBlocks                       0x0800167d   Thumb Code   472  stm32f4xx_hal_sd.o(i.HAL_SD_WriteBlocks)
    HAL_SD_XferCpltCallback                  0x08001855   Thumb Code     2  stm32f4xx_hal_sd.o(i.HAL_SD_XferCpltCallback)
    HAL_SD_XferErrorCallback                 0x08001857   Thumb Code     2  stm32f4xx_hal_sd.o(i.HAL_SD_XferErrorCallback)
    HAL_SYSTICK_CLKSourceConfig              0x08001859   Thumb Code    24  stm32f4xx_hal_cortex.o(i.HAL_SYSTICK_CLKSourceConfig)
    HAL_SYSTICK_Callback                     0x08001871   Thumb Code     2  stm32f4xx_hal_cortex.o(i.HAL_SYSTICK_Callback)
    HAL_SYSTICK_Config                       0x08001873   Thumb Code    40  stm32f4xx_hal_cortex.o(i.HAL_SYSTICK_Config)
    HAL_SYSTICK_IRQHandler                   0x0800189b   Thumb Code     8  stm32f4xx_hal_cortex.o(i.HAL_SYSTICK_IRQHandler)
    HardFault_Handler                        0x080018a3   Thumb Code     2  stm32f4xx_it.o(i.HardFault_Handler)
    Hex2Int                                  0x080018a5   Thumb Code    98  main.o(i.Hex2Int)
    MX_FATFS_Init                            0x08001909   Thumb Code    18  fatfs.o(i.MX_FATFS_Init)
    MemManage_Handler                        0x08001971   Thumb Code     2  stm32f4xx_it.o(i.MemManage_Handler)
    NMI_Handler                              0x08001973   Thumb Code     2  stm32f4xx_it.o(i.NMI_Handler)
    ProcessHex                               0x08001995   Thumb Code   716  main.o(i.ProcessHex)
    SDIO_DataConfig                          0x08001cb1   Thumb Code    36  stm32f4xx_ll_sdmmc.o(i.SDIO_DataConfig)
    SDIO_GetCommandResponse                  0x08001cd5   Thumb Code     6  stm32f4xx_ll_sdmmc.o(i.SDIO_GetCommandResponse)
    SDIO_GetPowerState                       0x08001cdb   Thumb Code     8  stm32f4xx_ll_sdmmc.o(i.SDIO_GetPowerState)
    SDIO_GetResponse                         0x08001ce5   Thumb Code    12  stm32f4xx_ll_sdmmc.o(i.SDIO_GetResponse)
    SDIO_IRQHandler                          0x08001cf5   Thumb Code     6  stm32f4xx_it.o(i.SDIO_IRQHandler)
    SDIO_Init                                0x08001d01   Thumb Code    36  stm32f4xx_ll_sdmmc.o(i.SDIO_Init)
    SDIO_PowerState_ON                       0x08001d25   Thumb Code     8  stm32f4xx_ll_sdmmc.o(i.SDIO_PowerState_ON)
    SDIO_ReadFIFO                            0x08001d2d   Thumb Code     6  stm32f4xx_ll_sdmmc.o(i.SDIO_ReadFIFO)
    SDIO_SendCommand                         0x08001d33   Thumb Code    32  stm32f4xx_ll_sdmmc.o(i.SDIO_SendCommand)
    SDIO_WriteFIFO                           0x08001d53   Thumb Code    10  stm32f4xx_ll_sdmmc.o(i.SDIO_WriteFIFO)
    SD_initialize                            0x080022b5   Thumb Code    26  sd_diskio.o(i.SD_initialize)
    SD_ioctl                                 0x080022d5   Thumb Code    74  sd_diskio.o(i.SD_ioctl)
    SD_read                                  0x08002325   Thumb Code    30  sd_diskio.o(i.SD_read)
    SD_status                                0x08002345   Thumb Code    26  sd_diskio.o(i.SD_status)
    SD_write                                 0x08002365   Thumb Code    30  sd_diskio.o(i.SD_write)
    SysTick_Handler                          0x08002383   Thumb Code    14  stm32f4xx_it.o(i.SysTick_Handler)
    SystemClock_Config                       0x08002391   Thumb Code   138  main.o(i.SystemClock_Config)
    SystemInit                               0x08002425   Thumb Code    66  system_stm32f4xx.o(i.SystemInit)
    UsageFault_Handler                       0x08002479   Thumb Code     2  stm32f4xx_it.o(i.UsageFault_Handler)
    __ARM_fpclassify                         0x0800247b   Thumb Code    48  fpclassify.o(i.__ARM_fpclassify)
    __hardfp_pow                             0x080024b1   Thumb Code  3072  pow.o(i.__hardfp_pow)
    __kernel_poly                            0x08003101   Thumb Code   248  poly.o(i.__kernel_poly)
    __mathlib_dbl_divzero                    0x080031f9   Thumb Code    28  dunder.o(i.__mathlib_dbl_divzero)
    __mathlib_dbl_infnan2                    0x08003229   Thumb Code    20  dunder.o(i.__mathlib_dbl_infnan2)
    __mathlib_dbl_invalid                    0x08003241   Thumb Code    24  dunder.o(i.__mathlib_dbl_invalid)
    __mathlib_dbl_overflow                   0x08003261   Thumb Code    24  dunder.o(i.__mathlib_dbl_overflow)
    __mathlib_dbl_underflow                  0x08003281   Thumb Code    24  dunder.o(i.__mathlib_dbl_underflow)
    __scatterload_copy                       0x080032a1   Thumb Code    14  handlers.o(i.__scatterload_copy)
    __scatterload_null                       0x080032af   Thumb Code     2  handlers.o(i.__scatterload_null)
    __scatterload_zeroinit                   0x080032b1   Thumb Code    14  handlers.o(i.__scatterload_zeroinit)
    __set_errno                              0x080032c1   Thumb Code     6  errno.o(i.__set_errno)
    clust2sect                               0x080033e7   Thumb Code    30  ff.o(i.clust2sect)
    disk_initialize                          0x0800381d   Thumb Code    36  diskio.o(i.disk_initialize)
    disk_ioctl                               0x08003845   Thumb Code    24  diskio.o(i.disk_ioctl)
    disk_read                                0x08003861   Thumb Code    24  diskio.o(i.disk_read)
    disk_status                              0x0800387d   Thumb Code    18  diskio.o(i.disk_status)
    disk_write                               0x08003895   Thumb Code    24  diskio.o(i.disk_write)
    f_close                                  0x080038b1   Thumb Code    42  ff.o(i.f_close)
    f_gets                                   0x080038db   Thumb Code    68  ff.o(i.f_gets)
    f_mount                                  0x08003921   Thumb Code    88  ff.o(i.f_mount)
    f_open                                   0x0800397d   Thumb Code   412  ff.o(i.f_open)
    f_printf                                 0x08003b1d   Thumb Code   490  ff.o(i.f_printf)
    f_read                                   0x08003d09   Thumb Code   396  ff.o(i.f_read)
    f_sync                                   0x08003e95   Thumb Code   184  ff.o(i.f_sync)
    f_write                                  0x08003f4d   Thumb Code   470  ff.o(i.f_write)
    fabs                                     0x08004123   Thumb Code    24  fabs.o(i.fabs)
    free                                     0x08004455   Thumb Code    76  malloc.o(i.free)
    get_fat                                  0x080044a5   Thumb Code   194  ff.o(i.get_fat)
    get_fattime                              0x08004567   Thumb Code     4  fatfs.o(i.get_fattime)
    main                                     0x0800465d   Thumb Code    42  main.o(i.main)
    malloc                                   0x08004691   Thumb Code    92  malloc.o(i.malloc)
    put_fat                                  0x08004753   Thumb Code   248  ff.o(i.put_fat)
    sqrt                                     0x080048f3   Thumb Code   110  sqrt.o(i.sqrt)
    APBAHBPrescTable                         0x08004ab2   Data          16  stm32f4xx_hal_rcc.o(.constdata)
    SD_Driver                                0x08004b70   Data          20  sd_diskio.o(.constdata)
    __mathlib_zero                           0x08004c10   Data           8  qnan.o(.constdata)
    Region$$Table$$Base                      0x08004c18   Number         0  anon$$obj.o(Region$$Table)
    Region$$Table$$Limit                     0x08004c38   Number         0  anon$$obj.o(Region$$Table)
    uwTick                                   0x20000000   Data           4  stm32f4xx_hal.o(.data)
    SystemCoreClock                          0x20000010   Data           4  system_stm32f4xx.o(.data)
    fresult                                  0x20000014   Data           1  main.o(.data)
    NbrOfData                                0x20000018   Data           4  main.o(.data)
    countLine                                0x2000001c   Data           4  main.o(.data)
    aHex                                     0x20000020   Data           4  main.o(.data)
    fileName                                 0x20000024   Data          13  main.o(.data)
    fileTxt                                  0x20000031   Data          13  main.o(.data)
    retSD                                    0x2000003e   Data           1  fatfs.o(.data)
    SD_Path                                  0x2000003f   Data           4  fatfs.o(.data)
    __microlib_freelist                      0x20000044   Data           4  mvars.o(.data)
    __microlib_freelist_initialised          0x20000048   Data           4  mvars.o(.data)
    disk                                     0x20000068   Data          12  ff_gen_drv.o(.bss)
    member_of_line                           0x20000074   Data          46  main.o(.bss)
    hsd                                      0x200000a4   Data          96  main.o(.bss)
    fatfs                                    0x20000104   Data         560  main.o(.bss)
    myFile                                   0x20000334   Data         556  main.o(.bss)
    newFile                                  0x20000560   Data         556  main.o(.bss)
    SDCardInfo                               0x20000790   Data          88  main.o(.bss)
    __heap_base                              0x200007e8   Data           0  startup_stm32f407xx.o(HEAP)
    __heap_limit                             0x200027e8   Data           0  startup_stm32f407xx.o(HEAP)
    __initial_sp                             0x20002be8   Data           0  startup_stm32f407xx.o(STACK)



==============================================================================

Memory Map of the image

  Image Entry point : 0x08000189

  Load Region LR_IROM1 (Base: 0x08000000, Size: 0x00004c88, Max: 0x00100000, ABSOLUTE)

    Execution Region ER_IROM1 (Exec base: 0x08000000, Load base: 0x08000000, Size: 0x00004c38, Max: 0x00100000, ABSOLUTE)

    Exec Addr    Load Addr    Size         Type   Attr      Idx    E Section Name        Object

    0x08000000   0x08000000   0x00000188   Data   RO         1434    RESET               startup_stm32f407xx.o
    0x08000188   0x08000188   0x00000000   Code   RO         2341  * .ARM.Collect$$$$00000000  mc_w.l(entry.o)
    0x08000188   0x08000188   0x00000004   Code   RO         2419    .ARM.Collect$$$$00000001  mc_w.l(entry2.o)
    0x0800018c   0x0800018c   0x00000004   Code   RO         2422    .ARM.Collect$$$$00000004  mc_w.l(entry5.o)
    0x08000190   0x08000190   0x00000000   Code   RO         2424    .ARM.Collect$$$$00000008  mc_w.l(entry7b.o)
    0x08000190   0x08000190   0x00000000   Code   RO         2426    .ARM.Collect$$$$0000000A  mc_w.l(entry8b.o)
    0x08000190   0x08000190   0x00000008   Code   RO         2427    .ARM.Collect$$$$0000000B  mc_w.l(entry9a.o)
    0x08000198   0x08000198   0x00000000   Code   RO         2429    .ARM.Collect$$$$0000000D  mc_w.l(entry10a.o)
    0x08000198   0x08000198   0x00000000   Code   RO         2431    .ARM.Collect$$$$0000000F  mc_w.l(entry11a.o)
    0x08000198   0x08000198   0x00000004   Code   RO         2420    .ARM.Collect$$$$00002712  mc_w.l(entry2.o)
    0x0800019c   0x0800019c   0x00000024   Code   RO         1435    .text               startup_stm32f407xx.o
    0x080001c0   0x080001c0   0x00000024   Code   RO         2344    .text               mc_w.l(memseta.o)
    0x080001e4   0x080001e4   0x0000014e   Code   RO         2374    .text               mf_w.l(dadd.o)
    0x08000332   0x08000332   0x000000e4   Code   RO         2376    .text               mf_w.l(dmul.o)
    0x08000416   0x08000416   0x0000001a   Code   RO         2378    .text               mf_w.l(dfltui.o)
    0x08000430   0x08000430   0x00000032   Code   RO         2380    .text               mf_w.l(dfixui.o)
    0x08000462   0x08000462   0x0000001e   Code   RO         2433    .text               mc_w.l(llshl.o)
    0x08000480   0x08000480   0x00000020   Code   RO         2435    .text               mc_w.l(llushr.o)
    0x080004a0   0x080004a0   0x00000024   Code   RO         2437    .text               mc_w.l(llsshr.o)
    0x080004c4   0x080004c4   0x00000000   Code   RO         2452    .text               mc_w.l(iusefp.o)
    0x080004c4   0x080004c4   0x000000ba   Code   RO         2453    .text               mf_w.l(depilogue.o)
    0x0800057e   0x0800057e   0x000000de   Code   RO         2455    .text               mf_w.l(ddiv.o)
    0x0800065c   0x0800065c   0x0000002e   Code   RO         2459    .text               mf_w.l(dscalb.o)
    0x0800068a   0x0800068a   0x00000022   Code   RO         2461    .text               mf_w.l(dflti.o)
    0x080006ac   0x080006ac   0x00000030   Code   RO         2463    .text               mf_w.l(cdrcmple.o)
    0x080006dc   0x080006dc   0x00000024   Code   RO         2465    .text               mc_w.l(init.o)
    0x08000700   0x08000700   0x000000a2   Code   RO         2467    .text               mf_w.l(dsqrt.o)
    0x080007a2   0x080007a2   0x00000002   PAD
    0x080007a4   0x080007a4   0x0000000c   Code   RO         2191    i.BSP_SD_GetCardInfo  bsp_driver_sd.o
    0x080007b0   0x080007b0   0x0000000c   Code   RO         2192    i.BSP_SD_GetStatus  bsp_driver_sd.o
    0x080007bc   0x080007bc   0x00000028   Code   RO         2195    i.BSP_SD_Init       bsp_driver_sd.o
    0x080007e4   0x080007e4   0x00000020   Code   RO         2197    i.BSP_SD_ReadBlocks  bsp_driver_sd.o
    0x08000804   0x08000804   0x00000020   Code   RO         2199    i.BSP_SD_WriteBlocks  bsp_driver_sd.o
    0x08000824   0x08000824   0x00000002   Code   RO         2116    i.BusFault_Handler  stm32f4xx_it.o
    0x08000826   0x08000826   0x00000002   Code   RO         2117    i.DebugMon_Handler  stm32f4xx_it.o
    0x08000828   0x08000828   0x00000006   Code   RO         1926    i.FATFS_LinkDriver  ff_gen_drv.o
    0x0800082e   0x0800082e   0x00000002   PAD
    0x08000830   0x08000830   0x00000040   Code   RO         1927    i.FATFS_LinkDriverEx  ff_gen_drv.o
    0x08000870   0x08000870   0x00000016   Code   RO          670    i.HAL_Delay         stm32f4xx_hal.o
    0x08000886   0x08000886   0x00000002   PAD
    0x08000888   0x08000888   0x000001c0   Code   RO          362    i.HAL_GPIO_Init     stm32f4xx_hal_gpio.o
    0x08000a48   0x08000a48   0x0000000c   Code   RO          676    i.HAL_GetTick       stm32f4xx_hal.o
    0x08000a54   0x08000a54   0x00000010   Code   RO          677    i.HAL_IncTick       stm32f4xx_hal.o
    0x08000a64   0x08000a64   0x00000034   Code   RO          678    i.HAL_Init          stm32f4xx_hal.o
    0x08000a98   0x08000a98   0x00000022   Code   RO          679    i.HAL_InitTick      stm32f4xx_hal.o
    0x08000aba   0x08000aba   0x00000044   Code   RO         2080    i.HAL_MspInit       stm32f4xx_hal_msp.o
    0x08000afe   0x08000afe   0x00000016   Code   RO          221    i.HAL_NVIC_EnableIRQ  stm32f4xx_hal_cortex.o
    0x08000b14   0x08000b14   0x00000040   Code   RO          227    i.HAL_NVIC_SetPriority  stm32f4xx_hal_cortex.o
    0x08000b54   0x08000b54   0x00000024   Code   RO          228    i.HAL_NVIC_SetPriorityGrouping  stm32f4xx_hal_cortex.o
    0x08000b78   0x08000b78   0x00000140   Code   RO         1331    i.HAL_RCC_ClockConfig  stm32f4xx_hal_rcc.o
    0x08000cb8   0x08000cb8   0x00000034   Code   RO         1336    i.HAL_RCC_GetHCLKFreq  stm32f4xx_hal_rcc.o
    0x08000cec   0x08000cec   0x00000070   Code   RO         1340    i.HAL_RCC_GetSysClockFreq  stm32f4xx_hal_rcc.o
    0x08000d5c   0x08000d5c   0x000002e4   Code   RO         1343    i.HAL_RCC_OscConfig  stm32f4xx_hal_rcc.o
    0x08001040   0x08001040   0x0000004e   Code   RO          434    i.HAL_SD_GetStatus  stm32f4xx_hal_sd.o
    0x0800108e   0x0800108e   0x000002b4   Code   RO          435    i.HAL_SD_Get_CardInfo  stm32f4xx_hal_sd.o
    0x08001342   0x08001342   0x0000007c   Code   RO          437    i.HAL_SD_IRQHandler  stm32f4xx_hal_sd.o
    0x080013be   0x080013be   0x000000a0   Code   RO          438    i.HAL_SD_Init       stm32f4xx_hal_sd.o
    0x0800145e   0x0800145e   0x00000002   PAD
    0x08001460   0x08001460   0x00000074   Code   RO         2082    i.HAL_SD_MspInit    stm32f4xx_hal_msp.o
    0x080014d4   0x080014d4   0x0000017c   Code   RO          441    i.HAL_SD_ReadBlocks  stm32f4xx_hal_sd.o
    0x08001650   0x08001650   0x0000002c   Code   RO          444    i.HAL_SD_StopTransfer  stm32f4xx_hal_sd.o
    0x0800167c   0x0800167c   0x000001d8   Code   RO          446    i.HAL_SD_WriteBlocks  stm32f4xx_hal_sd.o
    0x08001854   0x08001854   0x00000002   Code   RO          448    i.HAL_SD_XferCpltCallback  stm32f4xx_hal_sd.o
    0x08001856   0x08001856   0x00000002   Code   RO          449    i.HAL_SD_XferErrorCallback  stm32f4xx_hal_sd.o
    0x08001858   0x08001858   0x00000018   Code   RO          230    i.HAL_SYSTICK_CLKSourceConfig  stm32f4xx_hal_cortex.o
    0x08001870   0x08001870   0x00000002   Code   RO          231    i.HAL_SYSTICK_Callback  stm32f4xx_hal_cortex.o
    0x08001872   0x08001872   0x00000028   Code   RO          232    i.HAL_SYSTICK_Config  stm32f4xx_hal_cortex.o
    0x0800189a   0x0800189a   0x00000008   Code   RO          233    i.HAL_SYSTICK_IRQHandler  stm32f4xx_hal_cortex.o
    0x080018a2   0x080018a2   0x00000002   Code   RO         2118    i.HardFault_Handler  stm32f4xx_it.o
    0x080018a4   0x080018a4   0x00000062   Code   RO         2013    i.Hex2Int           main.o
    0x08001906   0x08001906   0x00000002   PAD
    0x08001908   0x08001908   0x0000001c   Code   RO         2294    i.MX_FATFS_Init     fatfs.o
    0x08001924   0x08001924   0x0000004c   Code   RO         2014    i.MX_GPIO_Init      main.o
    0x08001970   0x08001970   0x00000002   Code   RO         2119    i.MemManage_Handler  stm32f4xx_it.o
    0x08001972   0x08001972   0x00000002   Code   RO         2120    i.NMI_Handler       stm32f4xx_it.o
    0x08001974   0x08001974   0x00000020   Code   RO          234    i.NVIC_SetPriority  stm32f4xx_hal_cortex.o
    0x08001994   0x08001994   0x0000031c   Code   RO         2015    i.ProcessHex        main.o
    0x08001cb0   0x08001cb0   0x00000024   Code   RO         1234    i.SDIO_DataConfig   stm32f4xx_ll_sdmmc.o
    0x08001cd4   0x08001cd4   0x00000006   Code   RO         1235    i.SDIO_GetCommandResponse  stm32f4xx_ll_sdmmc.o
    0x08001cda   0x08001cda   0x00000008   Code   RO         1238    i.SDIO_GetPowerState  stm32f4xx_ll_sdmmc.o
    0x08001ce2   0x08001ce2   0x00000002   PAD
    0x08001ce4   0x08001ce4   0x00000010   Code   RO         1239    i.SDIO_GetResponse  stm32f4xx_ll_sdmmc.o
    0x08001cf4   0x08001cf4   0x0000000c   Code   RO         2121    i.SDIO_IRQHandler   stm32f4xx_it.o
    0x08001d00   0x08001d00   0x00000024   Code   RO         1240    i.SDIO_Init         stm32f4xx_ll_sdmmc.o
    0x08001d24   0x08001d24   0x00000008   Code   RO         1242    i.SDIO_PowerState_ON  stm32f4xx_ll_sdmmc.o
    0x08001d2c   0x08001d2c   0x00000006   Code   RO         1243    i.SDIO_ReadFIFO     stm32f4xx_ll_sdmmc.o
    0x08001d32   0x08001d32   0x00000020   Code   RO         1244    i.SDIO_SendCommand  stm32f4xx_ll_sdmmc.o
    0x08001d52   0x08001d52   0x0000000a   Code   RO         1246    i.SDIO_WriteFIFO    stm32f4xx_ll_sdmmc.o
    0x08001d5c   0x08001d5c   0x000000ec   Code   RO          450    i.SD_CmdResp1Error  stm32f4xx_hal_sd.o
    0x08001e48   0x08001e48   0x0000002e   Code   RO          451    i.SD_CmdResp2Error  stm32f4xx_hal_sd.o
    0x08001e76   0x08001e76   0x00000072   Code   RO          452    i.SD_CmdResp6Error  stm32f4xx_hal_sd.o
    0x08001ee8   0x08001ee8   0x00000040   Code   RO          453    i.SD_CmdResp7Error  stm32f4xx_hal_sd.o
    0x08001f28   0x08001f28   0x000000dc   Code   RO          459    i.SD_Initialize_Cards  stm32f4xx_hal_sd.o
    0x08002004   0x08002004   0x0000013c   Code   RO          460    i.SD_IsCardProgramming  stm32f4xx_hal_sd.o
    0x08002140   0x08002140   0x00000174   Code   RO          461    i.SD_PowerON        stm32f4xx_hal_sd.o
    0x080022b4   0x080022b4   0x00000020   Code   RO         1835    i.SD_initialize     sd_diskio.o
    0x080022d4   0x080022d4   0x00000050   Code   RO         1836    i.SD_ioctl          sd_diskio.o
    0x08002324   0x08002324   0x0000001e   Code   RO         1837    i.SD_read           sd_diskio.o
    0x08002342   0x08002342   0x00000002   PAD
    0x08002344   0x08002344   0x00000020   Code   RO         1838    i.SD_status         sd_diskio.o
    0x08002364   0x08002364   0x0000001e   Code   RO         1839    i.SD_write          sd_diskio.o
    0x08002382   0x08002382   0x0000000e   Code   RO         2122    i.SysTick_Handler   stm32f4xx_it.o
    0x08002390   0x08002390   0x00000094   Code   RO         2016    i.SystemClock_Config  main.o
    0x08002424   0x08002424   0x00000054   Code   RO         1977    i.SystemInit        system_stm32f4xx.o
    0x08002478   0x08002478   0x00000002   Code   RO         2123    i.UsageFault_Handler  stm32f4xx_it.o
    0x0800247a   0x0800247a   0x00000030   Code   RO         2402    i.__ARM_fpclassify  m_wm.l(fpclassify.o)
    0x080024aa   0x080024aa   0x00000006   PAD
    0x080024b0   0x080024b0   0x00000c50   Code   RO         2327    i.__hardfp_pow      m_wm.l(pow.o)
    0x08003100   0x08003100   0x000000f8   Code   RO         2404    i.__kernel_poly     m_wm.l(poly.o)
    0x080031f8   0x080031f8   0x00000030   Code   RO         2382    i.__mathlib_dbl_divzero  m_wm.l(dunder.o)
    0x08003228   0x08003228   0x00000014   Code   RO         2384    i.__mathlib_dbl_infnan2  m_wm.l(dunder.o)
    0x0800323c   0x0800323c   0x00000004   PAD
    0x08003240   0x08003240   0x00000020   Code   RO         2385    i.__mathlib_dbl_invalid  m_wm.l(dunder.o)
    0x08003260   0x08003260   0x00000020   Code   RO         2386    i.__mathlib_dbl_overflow  m_wm.l(dunder.o)
    0x08003280   0x08003280   0x00000020   Code   RO         2388    i.__mathlib_dbl_underflow  m_wm.l(dunder.o)
    0x080032a0   0x080032a0   0x0000000e   Code   RO         2473    i.__scatterload_copy  mc_w.l(handlers.o)
    0x080032ae   0x080032ae   0x00000002   Code   RO         2474    i.__scatterload_null  mc_w.l(handlers.o)
    0x080032b0   0x080032b0   0x0000000e   Code   RO         2475    i.__scatterload_zeroinit  mc_w.l(handlers.o)
    0x080032be   0x080032be   0x00000002   PAD
    0x080032c0   0x080032c0   0x0000000c   Code   RO         2447    i.__set_errno       mc_w.l(errno.o)
    0x080032cc   0x080032cc   0x00000060   Code   RO         1442    i.check_fs          ff.o
    0x0800332c   0x0800332c   0x0000006c   Code   RO         1443    i.chk_lock          ff.o
    0x08003398   0x08003398   0x00000024   Code   RO         1444    i.clear_lock        ff.o
    0x080033bc   0x080033bc   0x0000002a   Code   RO         1445    i.clmt_clust        ff.o
    0x080033e6   0x080033e6   0x0000001e   Code   RO         1446    i.clust2sect        ff.o
    0x08003404   0x08003404   0x000000b0   Code   RO         1447    i.create_chain      ff.o
    0x080034b4   0x080034b4   0x00000100   Code   RO         1448    i.create_name       ff.o
    0x080035b4   0x080035b4   0x0000003c   Code   RO         1449    i.dec_lock          ff.o
    0x080035f0   0x080035f0   0x0000011e   Code   RO         1450    i.dir_next          ff.o
    0x0800370e   0x0800370e   0x00000076   Code   RO         1452    i.dir_register      ff.o
    0x08003784   0x08003784   0x00000098   Code   RO         1454    i.dir_sdi           ff.o
    0x0800381c   0x0800381c   0x00000028   Code   RO         1777    i.disk_initialize   diskio.o
    0x08003844   0x08003844   0x0000001c   Code   RO         1778    i.disk_ioctl        diskio.o
    0x08003860   0x08003860   0x0000001c   Code   RO         1779    i.disk_read         diskio.o
    0x0800387c   0x0800387c   0x00000018   Code   RO         1780    i.disk_status       diskio.o
    0x08003894   0x08003894   0x0000001c   Code   RO         1781    i.disk_write        diskio.o
    0x080038b0   0x080038b0   0x0000002a   Code   RO         1456    i.f_close           ff.o
    0x080038da   0x080038da   0x00000044   Code   RO         1459    i.f_gets            ff.o
    0x0800391e   0x0800391e   0x00000002   PAD
    0x08003920   0x08003920   0x0000005c   Code   RO         1463    i.f_mount           ff.o
    0x0800397c   0x0800397c   0x000001a0   Code   RO         1464    i.f_open            ff.o
    0x08003b1c   0x08003b1c   0x000001ea   Code   RO         1466    i.f_printf          ff.o
    0x08003d06   0x08003d06   0x00000002   PAD
    0x08003d08   0x08003d08   0x0000018c   Code   RO         1469    i.f_read            ff.o
    0x08003e94   0x08003e94   0x000000b8   Code   RO         1473    i.f_sync            ff.o
    0x08003f4c   0x08003f4c   0x000001d6   Code   RO         1477    i.f_write           ff.o
    0x08004122   0x08004122   0x00000018   Code   RO         2398    i.fabs              m_wm.l(fabs.o)
    0x0800413a   0x0800413a   0x00000002   PAD
    0x0800413c   0x0800413c   0x00000258   Code   RO         1478    i.find_volume       ff.o
    0x08004394   0x08004394   0x000000c0   Code   RO         1479    i.follow_path       ff.o
    0x08004454   0x08004454   0x00000050   Code   RO         2346    i.free              mc_w.l(malloc.o)
    0x080044a4   0x080044a4   0x000000c2   Code   RO         1480    i.get_fat           ff.o
    0x08004566   0x08004566   0x00000004   Code   RO         2295    i.get_fattime       fatfs.o
    0x0800456a   0x0800456a   0x0000003c   Code   RO         1482    i.get_ldnumber      ff.o
    0x080045a6   0x080045a6   0x00000002   PAD
    0x080045a8   0x080045a8   0x000000a0   Code   RO         1483    i.inc_lock          ff.o
    0x08004648   0x08004648   0x00000014   Code   RO         1484    i.ld_clust          ff.o
    0x0800465c   0x0800465c   0x00000034   Code   RO         2017    i.main              main.o
    0x08004690   0x08004690   0x0000006c   Code   RO         2347    i.malloc            mc_w.l(malloc.o)
    0x080046fc   0x080046fc   0x00000012   Code   RO         1485    i.mem_cpy           ff.o
    0x0800470e   0x0800470e   0x0000000e   Code   RO         1486    i.mem_set           ff.o
    0x0800471c   0x0800471c   0x00000036   Code   RO         1487    i.move_window       ff.o
    0x08004752   0x08004752   0x000000f8   Code   RO         1488    i.put_fat           ff.o
    0x0800484a   0x0800484a   0x0000003a   Code   RO         1489    i.putc_bfd          ff.o
    0x08004884   0x08004884   0x0000006e   Code   RO         1490    i.remove_chain      ff.o
    0x080048f2   0x080048f2   0x0000006e   Code   RO         2409    i.sqrt              m_wm.l(sqrt.o)
    0x08004960   0x08004960   0x00000010   Code   RO         1491    i.st_clust          ff.o
    0x08004970   0x08004970   0x000000b6   Code   RO         1492    i.sync_fs           ff.o
    0x08004a26   0x08004a26   0x00000060   Code   RO         1493    i.sync_window       ff.o
    0x08004a86   0x08004a86   0x0000002c   Code   RO         1494    i.validate          ff.o
    0x08004ab2   0x08004ab2   0x00000010   Data   RO         1344    .constdata          stm32f4xx_hal_rcc.o
    0x08004ac2   0x08004ac2   0x000000ac   Data   RO         1496    .constdata          ff.o
    0x08004b6e   0x08004b6e   0x00000002   PAD
    0x08004b70   0x08004b70   0x00000014   Data   RO         1840    .constdata          sd_diskio.o
    0x08004b84   0x08004b84   0x00000004   PAD
    0x08004b88   0x08004b88   0x00000088   Data   RO         2330    .constdata          m_wm.l(pow.o)
    0x08004c10   0x08004c10   0x00000008   Data   RO         2406    .constdata          m_wm.l(qnan.o)
    0x08004c18   0x08004c18   0x00000020   Data   RO         2471    Region$$Table       anon$$obj.o


    Execution Region RW_IRAM1 (Exec base: 0x20000000, Load base: 0x08004c38, Size: 0x00002be8, Max: 0x00020000, ABSOLUTE)

    Exec Addr    Load Addr    Size         Type   Attr      Idx    E Section Name        Object

    0x20000000   0x08004c38   0x00000004   Data   RW          684    .data               stm32f4xx_hal.o
    0x20000004   0x08004c3c   0x00000008   Data   RW         1497    .data               ff.o
    0x2000000c   0x08004c44   0x00000001   Data   RW         1841    .data               sd_diskio.o
    0x2000000d   0x08004c45   0x00000003   PAD
    0x20000010   0x08004c48   0x00000004   Data   RW         1979    .data               system_stm32f4xx.o
    0x20000014   0x08004c4c   0x0000002a   Data   RW         2020    .data               main.o
    0x2000003e   0x08004c76   0x00000005   Data   RW         2296    .data               fatfs.o
    0x20000043   0x08004c7b   0x00000001   PAD
    0x20000044   0x08004c7c   0x00000004   Data   RW         2443    .data               mc_w.l(mvars.o)
    0x20000048   0x08004c80   0x00000004   Data   RW         2444    .data               mc_w.l(mvars.o)
    0x2000004c   0x08004c84   0x00000004   Data   RW         2448    .data               mc_w.l(errno.o)
    0x20000050        -       0x00000018   Zero   RW         1495    .bss                ff.o
    0x20000068        -       0x0000000c   Zero   RW         1930    .bss                ff_gen_drv.o
    0x20000074        -       0x00000718   Zero   RW         2018    .bss                main.o
    0x2000078c   0x08004c88   0x00000004   PAD
    0x20000790        -       0x00000058   Zero   RW         2019    .bss                main.o
    0x200007e8        -       0x00002000   Zero   RW         1433    HEAP                startup_stm32f407xx.o
    0x200027e8        -       0x00000400   Zero   RW         1432    STACK               startup_stm32f407xx.o


==============================================================================

Image component sizes


      Code (inc. data)   RO Data    RW Data    ZI Data      Debug   Object Name

       128         30          0          0          0       3406   bsp_driver_sd.o
       148         22          0          0          0       4661   diskio.o
        32         10          0          5          0       1510   fatfs.o
      5584         70        172          8         24      43163   ff.o
        70          4          0          0         12       1711   ff_gen_drv.o
      1170        130          0         42       1904       5146   main.o
       204         18         20          1          0       4444   sd_diskio.o
        36          8        392          0       9216        832   startup_stm32f407xx.o
       136         16          0          4          0       4379   stm32f4xx_hal.o
       228         14          0          0          0      32377   stm32f4xx_hal_cortex.o
         0          0          0          0          0     353352   stm32f4xx_hal_dma.o
       448         50          0          0          0       1924   stm32f4xx_hal_gpio.o
       184         16          0          0          0       1587   stm32f4xx_hal_msp.o
      1224         48         16          0          0       4901   stm32f4xx_hal_rcc.o
      3322         20          0          0          0      20087   stm32f4xx_hal_sd.o
        38          6          0          0          0       3897   stm32f4xx_it.o
       158          4          0          0          0       6333   stm32f4xx_ll_sdmmc.o
        84         18          0          4          0       1413   system_stm32f4xx.o

    ----------------------------------------------------------------------
     13212        484        638         68      11160     495123   Object Totals
         0          0         32          0          0          0   (incl. Generated)
        18          0          6          4          4          0   (incl. Padding)

    ----------------------------------------------------------------------

      Code (inc. data)   RO Data    RW Data    ZI Data      Debug   Library Member Name

       164         44          0          0          0        620   dunder.o
        24          0          0          0          0        124   fabs.o
        48          0          0          0          0        124   fpclassify.o
       248          0          0          0          0        152   poly.o
      3152        296        136          0          0        352   pow.o
         0          0          8          0          0          0   qnan.o
       110          0          0          0          0        148   sqrt.o
         0          0          0          0          0          0   entry.o
         0          0          0          0          0          0   entry10a.o
         0          0          0          0          0          0   entry11a.o
         8          4          0          0          0          0   entry2.o
         4          0          0          0          0          0   entry5.o
         0          0          0          0          0          0   entry7b.o
         0          0          0          0          0          0   entry8b.o
         8          4          0          0          0          0   entry9a.o
        12          6          0          4          0         68   errno.o
        30          0          0          0          0          0   handlers.o
        36          8          0          0          0         68   init.o
         0          0          0          0          0          0   iusefp.o
        30          0          0          0          0         68   llshl.o
        36          0          0          0          0         68   llsshr.o
        32          0          0          0          0         68   llushr.o
       188         20          0          0          0        160   malloc.o
        36          0          0          0          0        108   memseta.o
         0          0          0          8          0          0   mvars.o
        48          0          0          0          0         68   cdrcmple.o
       334          0          0          0          0        148   dadd.o
       222          0          0          0          0        100   ddiv.o
       186          0          0          0          0        176   depilogue.o
        50          0          0          0          0         76   dfixui.o
        34          0          0          0          0         76   dflti.o
        26          0          0          0          0         76   dfltui.o
       228          0          0          0          0         96   dmul.o
        46          0          0          0          0         80   dscalb.o
       162          0          0          0          0        100   dsqrt.o

    ----------------------------------------------------------------------
      5518        382        144         12          0       3124   Library Totals
        16          0          0          0          0          0   (incl. Padding)

    ----------------------------------------------------------------------

      Code (inc. data)   RO Data    RW Data    ZI Data      Debug   Library Name

      3746        340        144          0          0       1520   m_wm.l
       420         42          0         12          0        608   mc_w.l
      1336          0          0          0          0        996   mf_w.l

    ----------------------------------------------------------------------
      5518        382        144         12          0       3124   Library Totals

    ----------------------------------------------------------------------

==============================================================================


      Code (inc. data)   RO Data    RW Data    ZI Data      Debug   

     18730        866        782         80      11160     486171   Grand Totals
     18730        866        782         80      11160     486171   ELF Image Totals
     18730        866        782         80          0          0   ROM Totals

==============================================================================

    Total RO  Size (Code + RO Data)                19512 (  19.05kB)
    Total RW  Size (RW Data + ZI Data)             11240 (  10.98kB)
    Total ROM Size (Code + RO Data + RW Data)      19592 (  19.13kB)

==============================================================================

